2026-08-19T15:26:42+09:00
Checking any hmm models that need indexing ... this may take a few minutes
Working...    Completed indexing the hmm models.
19/08/2026 15:26:45:787 Welcome to InterProScan-5.55-88.0
19/08/2026 15:26:45:787 Running InterProScan v5 in STANDALONE mode... on Linux
19/08/2026 15:26:51:599 RunID: a049_20260819_152650952_959e
19/08/2026 15:26:59:754 Loading file /lustre10/home/tuatchenjh9703/ph/07_family_analysis/_automation_runs/sequence_20260819T143800JST/GST/GST_broad_peptides.fasta
19/08/2026 15:26:59:756 Running the following analyses:
[AntiFam-7.0,CDD-3.18,Coils-2.2.1,Gene3D-4.3.0,Hamap-2020_05,MobiDBLite-2.0,PANTHER-15.0,Pfam-34.0,PIRSF-3.10,PIRSR-2021_05,PRINTS-42.0,ProSitePatterns-2021_01,ProSiteProfiles-2021_01,SFLD-4,SMART-7.1,SUPERFAMILY-1.75,TIGRFAM-15.0]
Available matches will be retrieved from the pre-calculated match lookup service.

Matches for any sequences that are not represented in the lookup service will be calculated locally.
2026-08-19 15:26:59,770 [amqEmbeddedWorkerJmsContainer-8] [uk.ac.ebi.interpro.scan.jms.worker.LocalJobQueueListener:216] ERROR - Execution thrown when attempting to executeInTransaction the StepExecution.  All database activity rolled back.
java.lang.IllegalArgumentException: You have submitted a protein sequence which contains an asterix (*). This may be from an ORF prediction program. '*' is not a valid IUPAC amino acid character and amino acid sequences which go through our pipeline should not contain it. Please strip out all asterix characters from your sequence and resubmit your search.
	at uk.ac.ebi.interpro.scan.model.Protein.setSequence(Protein.java:346) ~[interproscan-model-5.55-88.0.jar:?]
	at uk.ac.ebi.interpro.scan.model.Protein.setSequenceAndMd5(Protein.java:227) ~[interproscan-model-5.55-88.0.jar:?]
	at uk.ac.ebi.interpro.scan.model.Protein.<init>(Protein.java:134) ~[interproscan-model-5.55-88.0.jar:?]
	at uk.ac.ebi.interpro.scan.business.sequence.fasta.LoadFastaFileIntoDBImpl.addToMoleculeCollectionInDB(LoadFastaFileIntoDBImpl.java:314) ~[interproscan-business-5.55-88.0.jar:?]
	at uk.ac.ebi.interpro.scan.business.sequence.fasta.LoadFastaFileIntoDBImpl.loadSequences(LoadFastaFileIntoDBImpl.java:149) ~[interproscan-business-5.55-88.0.jar:?]
	at jdk.internal.reflect.DirectMethodHandleAccessor.invoke(DirectMethodHandleAccessor.java:103) ~[?:?]
	at java.lang.reflect.Method.invoke(Method.java:580) ~[?:?]
	at org.springframework.aop.support.AopUtils.invokeJoinpointUsingReflection(AopUtils.java:343) ~[spring-aop-5.1.6.RELEASE.jar:5.1.6.RELEASE]
	at org.springframework.aop.framework.ReflectiveMethodInvocation.invokeJoinpoint(ReflectiveMethodInvocation.java:198) ~[spring-aop-5.1.6.RELEASE.jar:5.1.6.RELEASE]
	at org.springframework.aop.framework.ReflectiveMethodInvocation.proceed(ReflectiveMethodInvocation.java:163) ~[spring-aop-5.1.6.RELEASE.jar:5.1.6.RELEASE]
	at org.springframework.transaction.interceptor.TransactionAspectSupport.invokeWithinTransaction(TransactionAspectSupport.java:294) ~[spring-tx-5.1.6.RELEASE.jar:5.1.6.RELEASE]
	at org.springframework.transaction.interceptor.TransactionInterceptor.invoke(TransactionInterceptor.java:98) ~[spring-tx-5.1.6.RELEASE.jar:5.1.6.RELEASE]
	at org.springframework.aop.framework.ReflectiveMethodInvocation.proceed(ReflectiveMethodInvocation.java:186) ~[spring-aop-5.1.6.RELEASE.jar:5.1.6.RELEASE]
	at org.springframework.aop.framework.JdkDynamicAopProxy.invoke(JdkDynamicAopProxy.java:212) ~[spring-aop-5.1.6.RELEASE.jar:5.1.6.RELEASE]
	at jdk.proxy2.$Proxy141.loadSequences(Unknown Source) ~[?:?]
	at uk.ac.ebi.interpro.scan.management.model.implementations.stepInstanceCreation.proteinLoad.FastaFileLoadIntoDBStep.execute(FastaFileLoadIntoDBStep.java:282) ~[interproscan-management-5.55-88.0.jar:?]
	at uk.ac.ebi.interpro.scan.jms.activemq.StepExecutionTransactionImpl.executeInTransaction(StepExecutionTransactionImpl.java:87) ~[interproscan-5.jar:?]
	at jdk.internal.reflect.DirectMethodHandleAccessor.invoke(DirectMethodHandleAccessor.java:103) ~[?:?]
	at java.lang.reflect.Method.invoke(Method.java:580) ~[?:?]
	at org.springframework.aop.support.AopUtils.invokeJoinpointUsingReflection(AopUtils.java:343) ~[spring-aop-5.1.6.RELEASE.jar:5.1.6.RELEASE]
	at org.springframework.aop.framework.ReflectiveMethodInvocation.invokeJoinpoint(ReflectiveMethodInvocation.java:198) ~[spring-aop-5.1.6.RELEASE.jar:5.1.6.RELEASE]
	at org.springframework.aop.framework.ReflectiveMethodInvocation.proceed(ReflectiveMethodInvocation.java:163) ~[spring-aop-5.1.6.RELEASE.jar:5.1.6.RELEASE]
	at org.springframework.transaction.interceptor.TransactionAspectSupport.invokeWithinTransaction(TransactionAspectSupport.java:294) ~[spring-tx-5.1.6.RELEASE.jar:5.1.6.RELEASE]
	at org.springframework.transaction.interceptor.TransactionInterceptor.invoke(TransactionInterceptor.java:98) ~[spring-tx-5.1.6.RELEASE.jar:5.1.6.RELEASE]
	at org.springframework.aop.framework.ReflectiveMethodInvocation.proceed(ReflectiveMethodInvocation.java:186) ~[spring-aop-5.1.6.RELEASE.jar:5.1.6.RELEASE]
	at org.springframework.aop.framework.JdkDynamicAopProxy.invoke(JdkDynamicAopProxy.java:212) ~[spring-aop-5.1.6.RELEASE.jar:5.1.6.RELEASE]
	at jdk.proxy2.$Proxy144.executeInTransaction(Unknown Source) ~[?:?]
	at uk.ac.ebi.interpro.scan.jms.worker.LocalJobQueueListener.onMessage(LocalJobQueueListener.java:200) ~[interproscan-5.jar:?]
	at org.springframework.jms.listener.AbstractMessageListenerContainer.doInvokeListener(AbstractMessageListenerContainer.java:761) ~[spring-jms-5.1.6.RELEASE.jar:5.1.6.RELEASE]
	at org.springframework.jms.listener.AbstractMessageListenerContainer.invokeListener(AbstractMessageListenerContainer.java:699) ~[spring-jms-5.1.6.RELEASE.jar:5.1.6.RELEASE]
	at org.springframework.jms.listener.AbstractMessageListenerContainer.doExecuteListener(AbstractMessageListenerContainer.java:674) ~[spring-jms-5.1.6.RELEASE.jar:5.1.6.RELEASE]
	at org.springframework.jms.listener.AbstractPollingMessageListenerContainer.doReceiveAndExecute(AbstractPollingMessageListenerContainer.java:318) ~[spring-jms-5.1.6.RELEASE.jar:5.1.6.RELEASE]
	at org.springframework.jms.listener.AbstractPollingMessageListenerContainer.receiveAndExecute(AbstractPollingMessageListenerContainer.java:257) ~[spring-jms-5.1.6.RELEASE.jar:5.1.6.RELEASE]
	at org.springframework.jms.listener.DefaultMessageListenerContainer$AsyncMessageListenerInvoker.invokeListener(DefaultMessageListenerContainer.java:1189) ~[spring-jms-5.1.6.RELEASE.jar:5.1.6.RELEASE]
	at org.springframework.jms.listener.DefaultMessageListenerContainer$AsyncMessageListenerInvoker.executeOngoingLoop(DefaultMessageListenerContainer.java:1179) ~[spring-jms-5.1.6.RELEASE.jar:5.1.6.RELEASE]
	at org.springframework.jms.listener.DefaultMessageListenerContainer$AsyncMessageListenerInvoker.run(DefaultMessageListenerContainer.java:1076) ~[spring-jms-5.1.6.RELEASE.jar:5.1.6.RELEASE]
	at java.lang.Thread.run(Thread.java:1583) [?:?]
2026-08-19 15:26:59,784 [amqEmbeddedWorkerJmsContainer-8] [uk.ac.ebi.interpro.scan.jms.worker.LocalJobQueueListener:218] ERROR - The exception is :
2026-08-19 15:26:59,785 [amqEmbeddedWorkerJmsContainer-8] [uk.ac.ebi.interpro.scan.jms.worker.LocalJobQueueListener:222] ERROR - StepExecution with errors - stepName: stepLoadFromFastaIntoDB
2026-08-19 15:26:59,862 [main] [uk.ac.ebi.interpro.scan.jms.master.StandaloneBlackBoxMaster:176] WARN - StepInstance 1 is being re-run following a failure.
19/08/2026 15:26:59:876 Loading file /lustre10/home/tuatchenjh9703/ph/07_family_analysis/_automation_runs/sequence_20260819T143800JST/GST/GST_broad_peptides.fasta
19/08/2026 15:26:59:877 Running the following analyses:
[AntiFam-7.0,CDD-3.18,Coils-2.2.1,Gene3D-4.3.0,Hamap-2020_05,MobiDBLite-2.0,PANTHER-15.0,Pfam-34.0,PIRSF-3.10,PIRSR-2021_05,PRINTS-42.0,ProSitePatterns-2021_01,ProSiteProfiles-2021_01,SFLD-4,SMART-7.1,SUPERFAMILY-1.75,TIGRFAM-15.0]
Available matches will be retrieved from the pre-calculated match lookup service.

Matches for any sequences that are not represented in the lookup service will be calculated locally.
2026-08-19 15:26:59,878 [amqEmbeddedWorkerJmsContainer-7] [uk.ac.ebi.interpro.scan.jms.worker.LocalJobQueueListener:216] ERROR - Execution thrown when attempting to executeInTransaction the StepExecution.  All database activity rolled back.
java.lang.IllegalArgumentException: You have submitted a protein sequence which contains an asterix (*). This may be from an ORF prediction program. '*' is not a valid IUPAC amino acid character and amino acid sequences which go through our pipeline should not contain it. Please strip out all asterix characters from your sequence and resubmit your search.
	at uk.ac.ebi.interpro.scan.model.Protein.setSequence(Protein.java:346) ~[interproscan-model-5.55-88.0.jar:?]
	at uk.ac.ebi.interpro.scan.model.Protein.setSequenceAndMd5(Protein.java:227) ~[interproscan-model-5.55-88.0.jar:?]
	at uk.ac.ebi.interpro.scan.model.Protein.<init>(Protein.java:134) ~[interproscan-model-5.55-88.0.jar:?]
	at uk.ac.ebi.interpro.scan.business.sequence.fasta.LoadFastaFileIntoDBImpl.addToMoleculeCollectionInDB(LoadFastaFileIntoDBImpl.java:314) ~[interproscan-business-5.55-88.0.jar:?]
	at uk.ac.ebi.interpro.scan.business.sequence.fasta.LoadFastaFileIntoDBImpl.loadSequences(LoadFastaFileIntoDBImpl.java:149) ~[interproscan-business-5.55-88.0.jar:?]
	at jdk.internal.reflect.DirectMethodHandleAccessor.invoke(DirectMethodHandleAccessor.java:103) ~[?:?]
	at java.lang.reflect.Method.invoke(Method.java:580) ~[?:?]
	at org.springframework.aop.support.AopUtils.invokeJoinpointUsingReflection(AopUtils.java:343) ~[spring-aop-5.1.6.RELEASE.jar:5.1.6.RELEASE]
	at org.springframework.aop.framework.ReflectiveMethodInvocation.invokeJoinpoint(ReflectiveMethodInvocation.java:198) ~[spring-aop-5.1.6.RELEASE.jar:5.1.6.RELEASE]
	at org.springframework.aop.framework.ReflectiveMethodInvocation.proceed(ReflectiveMethodInvocation.java:163) ~[spring-aop-5.1.6.RELEASE.jar:5.1.6.RELEASE]
	at org.springframework.transaction.interceptor.TransactionAspectSupport.invokeWithinTransaction(TransactionAspectSupport.java:294) ~[spring-tx-5.1.6.RELEASE.jar:5.1.6.RELEASE]
	at org.springframework.transaction.interceptor.TransactionInterceptor.invoke(TransactionInterceptor.java:98) ~[spring-tx-5.1.6.RELEASE.jar:5.1.6.RELEASE]
	at org.springframework.aop.framework.ReflectiveMethodInvocation.proceed(ReflectiveMethodInvocation.java:186) ~[spring-aop-5.1.6.RELEASE.jar:5.1.6.RELEASE]
	at org.springframework.aop.framework.JdkDynamicAopProxy.invoke(JdkDynamicAopProxy.java:212) ~[spring-aop-5.1.6.RELEASE.jar:5.1.6.RELEASE]
	at jdk.proxy2.$Proxy141.loadSequences(Unknown Source) ~[?:?]
	at uk.ac.ebi.interpro.scan.management.model.implementations.stepInstanceCreation.proteinLoad.FastaFileLoadIntoDBStep.execute(FastaFileLoadIntoDBStep.java:282) ~[interproscan-management-5.55-88.0.jar:?]
	at uk.ac.ebi.interpro.scan.jms.activemq.StepExecutionTransactionImpl.executeInTransaction(StepExecutionTransactionImpl.java:87) ~[interproscan-5.jar:?]
	at jdk.internal.reflect.DirectMethodHandleAccessor.invoke(DirectMethodHandleAccessor.java:103) ~[?:?]
	at java.lang.reflect.Method.invoke(Method.java:580) ~[?:?]
	at org.springframework.aop.support.AopUtils.invokeJoinpointUsingReflection(AopUtils.java:343) ~[spring-aop-5.1.6.RELEASE.jar:5.1.6.RELEASE]
	at org.springframework.aop.framework.ReflectiveMethodInvocation.invokeJoinpoint(ReflectiveMethodInvocation.java:198) ~[spring-aop-5.1.6.RELEASE.jar:5.1.6.RELEASE]
	at org.springframework.aop.framework.ReflectiveMethodInvocation.proceed(ReflectiveMethodInvocation.java:163) ~[spring-aop-5.1.6.RELEASE.jar:5.1.6.RELEASE]
	at org.springframework.transaction.interceptor.TransactionAspectSupport.invokeWithinTransaction(TransactionAspectSupport.java:294) ~[spring-tx-5.1.6.RELEASE.jar:5.1.6.RELEASE]
	at org.springframework.transaction.interceptor.TransactionInterceptor.invoke(TransactionInterceptor.java:98) ~[spring-tx-5.1.6.RELEASE.jar:5.1.6.RELEASE]
	at org.springframework.aop.framework.ReflectiveMethodInvocation.proceed(ReflectiveMethodInvocation.java:186) ~[spring-aop-5.1.6.RELEASE.jar:5.1.6.RELEASE]
	at org.springframework.aop.framework.JdkDynamicAopProxy.invoke(JdkDynamicAopProxy.java:212) ~[spring-aop-5.1.6.RELEASE.jar:5.1.6.RELEASE]
	at jdk.proxy2.$Proxy144.executeInTransaction(Unknown Source) ~[?:?]
	at uk.ac.ebi.interpro.scan.jms.worker.LocalJobQueueListener.onMessage(LocalJobQueueListener.java:200) ~[interproscan-5.jar:?]
	at org.springframework.jms.listener.AbstractMessageListenerContainer.doInvokeListener(AbstractMessageListenerContainer.java:761) ~[spring-jms-5.1.6.RELEASE.jar:5.1.6.RELEASE]
	at org.springframework.jms.listener.AbstractMessageListenerContainer.invokeListener(AbstractMessageListenerContainer.java:699) ~[spring-jms-5.1.6.RELEASE.jar:5.1.6.RELEASE]
	at org.springframework.jms.listener.AbstractMessageListenerContainer.doExecuteListener(AbstractMessageListenerContainer.java:674) ~[spring-jms-5.1.6.RELEASE.jar:5.1.6.RELEASE]
	at org.springframework.jms.listener.AbstractPollingMessageListenerContainer.doReceiveAndExecute(AbstractPollingMessageListenerContainer.java:318) ~[spring-jms-5.1.6.RELEASE.jar:5.1.6.RELEASE]
	at org.springframework.jms.listener.AbstractPollingMessageListenerContainer.receiveAndExecute(AbstractPollingMessageListenerContainer.java:257) ~[spring-jms-5.1.6.RELEASE.jar:5.1.6.RELEASE]
	at org.springframework.jms.listener.DefaultMessageListenerContainer$AsyncMessageListenerInvoker.invokeListener(DefaultMessageListenerContainer.java:1189) ~[spring-jms-5.1.6.RELEASE.jar:5.1.6.RELEASE]
	at org.springframework.jms.listener.DefaultMessageListenerContainer$AsyncMessageListenerInvoker.executeOngoingLoop(DefaultMessageListenerContainer.java:1179) ~[spring-jms-5.1.6.RELEASE.jar:5.1.6.RELEASE]
	at org.springframework.jms.listener.DefaultMessageListenerContainer$AsyncMessageListenerInvoker.run(DefaultMessageListenerContainer.java:1076) ~[spring-jms-5.1.6.RELEASE.jar:5.1.6.RELEASE]
	at java.lang.Thread.run(Thread.java:1583) [?:?]
2026-08-19 15:26:59,879 [amqEmbeddedWorkerJmsContainer-7] [uk.ac.ebi.interpro.scan.jms.worker.LocalJobQueueListener:218] ERROR - The exception is :
2026-08-19 15:26:59,880 [amqEmbeddedWorkerJmsContainer-7] [uk.ac.ebi.interpro.scan.jms.worker.LocalJobQueueListener:222] ERROR - StepExecution with errors - stepName: stepLoadFromFastaIntoDB
2026-08-19 15:26:59,981 [main] [uk.ac.ebi.interpro.scan.jms.activemq.NonZeroExitOnUnrecoverableError:25] FATAL - Analysis step 1 : Load proteins from a fasta file and load into DB before creating required JobInstance objects for proteins null to null has failed irretrievably.  Available StackTraces follow.
2026-08-19 15:26:59,981 [main] [uk.ac.ebi.interpro.scan.jms.activemq.NonZeroExitOnUnrecoverableError:42] FATAL - The JVM will now exit with a non-zero exit status.
2026-08-19 15:26:59,981 [main] [uk.ac.ebi.interpro.scan.jms.master.StandaloneBlackBoxMaster:349] ERROR - Exception thrown by StandaloneBlackBoxMaster: 
java.lang.IllegalStateException: InterProScan exiting with non-zero status, see logs for further information.
	at uk.ac.ebi.interpro.scan.jms.activemq.NonZeroExitOnUnrecoverableError.failed(NonZeroExitOnUnrecoverableError.java:43) ~[interproscan-5.jar:?]
	at uk.ac.ebi.interpro.scan.jms.master.StandaloneBlackBoxMaster.run(StandaloneBlackBoxMaster.java:167) [interproscan-5.jar:?]
	at uk.ac.ebi.interpro.scan.jms.main.Run.main(Run.java:495) [interproscan-5.jar:?]
