Checking any hmm models that need indexing ... this may take a few minutes
Working...    Working...    Completed indexing the hmm models.
19/08/2026 15:36:03:041 Welcome to InterProScan-5.55-88.0
19/08/2026 15:36:03:042 Running InterProScan v5 in STANDALONE mode... on Linux
19/08/2026 15:36:06:689 RunID: a022_20260819_153606101_3q7t
19/08/2026 15:36:12:900 Loading file /lustre10/home/tuatchenjh9703/ph/07_family_analysis/_automation_runs/interpro_pfam_20260819T191500JST/SULT/SULT_all_isoforms.stop_stripped.pep.fa
19/08/2026 15:36:12:901 Running the following analyses:
[Pfam-34.0]
Available matches will be retrieved from the pre-calculated match lookup service.

Matches for any sequences that are not represented in the lookup service will be calculated locally.
2026-08-19 15:36:15,001 [Thread-6] [uk.ac.ebi.interpro.scan.business.sequence.BerkeleyPrecalculatedProteinLookup:748] WARN - 

The version of InterProScan you are using is 5.55-88.0
The version of the lookup service you are using is 5.78-109.0
As the data in these versions is not the same, you cannot use this match lookup service.
InterProScan will now run locally
If you would like to use the match lookup service, you have the following options:
i) Download the newest version of InterProScan5 from our FTP site by following the instructions on:
   https://www.ebi.ac.uk/interpro/interproscan.html
ii) Download the match lookup service for your version of InterProScan from our FTP site and install it locally.
    You will then need to edit the following property in your configuration file to point to your local installation:
    precalculated.match.lookup.service.url=

In the meantime, the analysis will continue to run locally.


19/08/2026 15:36:15:224 27% completed
2026-08-19 15:36:20,474 [amqEmbeddedWorkerJmsContainer-4] [uk.ac.ebi.interpro.scan.management.model.implementations.RunBinaryStep:199] ERROR - Command line failed with exit code: 1
Command: hmmsearch -Z 17929 --cut_ga --cpu 1 -o /lustre10/home/tuatchenjh9703/ph/07_family_analysis/_automation_runs/interpro_pfam_20260819T191500JST/SULT/temp/a022_20260819_153606101_3q7t//jobPfam/000000000001_000000000031.raw.out data/pfam/34.0/pfam_a.hmm /lustre10/home/tuatchenjh9703/ph/07_family_analysis/_automation_runs/interpro_pfam_20260819T191500JST/SULT/temp/a022_20260819_153606101_3q7t//jobPfam/000000000001_000000000031.fasta 
Error output from binary:

Error: File existence/permissions problem in trying to open HMM file data/pfam/34.0/pfam_a.hmm.
HMM file data/pfam/34.0/pfam_a.hmm not found (nor an .h3m binary of it)


2026-08-19 15:36:20,475 [amqEmbeddedWorkerJmsContainer-4] [uk.ac.ebi.interpro.scan.jms.worker.LocalJobQueueListener:216] ERROR - Execution thrown when attempting to executeInTransaction the StepExecution.  All database activity rolled back.
java.lang.IllegalStateException: Command line failed with exit code: 1
Command: hmmsearch -Z 17929 --cut_ga --cpu 1 -o /lustre10/home/tuatchenjh9703/ph/07_family_analysis/_automation_runs/interpro_pfam_20260819T191500JST/SULT/temp/a022_20260819_153606101_3q7t//jobPfam/000000000001_000000000031.raw.out data/pfam/34.0/pfam_a.hmm /lustre10/home/tuatchenjh9703/ph/07_family_analysis/_automation_runs/interpro_pfam_20260819T191500JST/SULT/temp/a022_20260819_153606101_3q7t//jobPfam/000000000001_000000000031.fasta 
Error output from binary:

Error: File existence/permissions problem in trying to open HMM file data/pfam/34.0/pfam_a.hmm.
HMM file data/pfam/34.0/pfam_a.hmm not found (nor an .h3m binary of it)


	at uk.ac.ebi.interpro.scan.management.model.implementations.RunBinaryStep.execute(RunBinaryStep.java:201) ~[interproscan-management-5.55-88.0.jar:?]
	at uk.ac.ebi.interpro.scan.jms.activemq.StepExecutionTransactionImpl.executeInTransaction(StepExecutionTransactionImpl.java:87) ~[interproscan-5.jar:?]
	at jdk.internal.reflect.DirectMethodHandleAccessor.invoke(DirectMethodHandleAccessor.java:103) ~[?:?]
	at java.lang.reflect.Method.invoke(Method.java:580) ~[?:?]
	at org.springframework.aop.support.AopUtils.invokeJoinpointUsingReflection(AopUtils.java:343) ~[spring-aop-5.1.6.RELEASE.jar:5.1.6.RELEASE]
	at org.springframework.aop.framework.ReflectiveMethodInvocation.invokeJoinpoint(ReflectiveMethodInvocation.java:198) ~[spring-aop-5.1.6.RELEASE.jar:5.1.6.RELEASE]
	at org.springframework.aop.framework.ReflectiveMethodInvocation.proceed(ReflectiveMethodInvocation.java:163) ~[spring-aop-5.1.6.RELEASE.jar:5.1.6.RELEASE]
	at org.springframework.transaction.interceptor.TransactionAspectSupport.invokeWithinTransaction(TransactionAspectSupport.java:294) ~[spring-tx-5.1.6.RELEASE.jar:5.1.6.RELEASE]
	at org.springframework.transaction.interceptor.TransactionInterceptor.invoke(TransactionInterceptor.java:98) ~[spring-tx-5.1.6.RELEASE.jar:5.1.6.RELEASE]
	at org.springframework.aop.framework.ReflectiveMethodInvocation.proceed(ReflectiveMethodInvocation.java:186) ~[spring-aop-5.1.6.RELEASE.jar:5.1.6.RELEASE]
	at org.springframework.aop.framework.JdkDynamicAopProxy.invoke(JdkDynamicAopProxy.java:212) ~[spring-aop-5.1.6.RELEASE.jar:5.1.6.RELEASE]
	at jdk.proxy2.$Proxy144.executeInTransaction(Unknown Source) ~[?:?]
	at uk.ac.ebi.interpro.scan.jms.worker.LocalJobQueueListener.onMessage(LocalJobQueueListener.java:200) ~[interproscan-5.jar:?]
	at org.springframework.jms.listener.AbstractMessageListenerContainer.doInvokeListener(AbstractMessageListenerContainer.java:761) ~[spring-jms-5.1.6.RELEASE.jar:5.1.6.RELEASE]
	at org.springframework.jms.listener.AbstractMessageListenerContainer.invokeListener(AbstractMessageListenerContainer.java:699) ~[spring-jms-5.1.6.RELEASE.jar:5.1.6.RELEASE]
	at org.springframework.jms.listener.AbstractMessageListenerContainer.doExecuteListener(AbstractMessageListenerContainer.java:674) ~[spring-jms-5.1.6.RELEASE.jar:5.1.6.RELEASE]
	at org.springframework.jms.listener.AbstractPollingMessageListenerContainer.doReceiveAndExecute(AbstractPollingMessageListenerContainer.java:318) ~[spring-jms-5.1.6.RELEASE.jar:5.1.6.RELEASE]
	at org.springframework.jms.listener.AbstractPollingMessageListenerContainer.receiveAndExecute(AbstractPollingMessageListenerContainer.java:257) ~[spring-jms-5.1.6.RELEASE.jar:5.1.6.RELEASE]
	at org.springframework.jms.listener.DefaultMessageListenerContainer$AsyncMessageListenerInvoker.invokeListener(DefaultMessageListenerContainer.java:1189) ~[spring-jms-5.1.6.RELEASE.jar:5.1.6.RELEASE]
	at org.springframework.jms.listener.DefaultMessageListenerContainer$AsyncMessageListenerInvoker.executeOngoingLoop(DefaultMessageListenerContainer.java:1179) ~[spring-jms-5.1.6.RELEASE.jar:5.1.6.RELEASE]
	at org.springframework.jms.listener.DefaultMessageListenerContainer$AsyncMessageListenerInvoker.run(DefaultMessageListenerContainer.java:1076) ~[spring-jms-5.1.6.RELEASE.jar:5.1.6.RELEASE]
	at java.lang.Thread.run(Thread.java:1583) [?:?]
2026-08-19 15:36:20,486 [amqEmbeddedWorkerJmsContainer-4] [uk.ac.ebi.interpro.scan.jms.worker.LocalJobQueueListener:218] ERROR - The exception is :
2026-08-19 15:36:20,488 [amqEmbeddedWorkerJmsContainer-4] [uk.ac.ebi.interpro.scan.jms.worker.LocalJobQueueListener:222] ERROR - StepExecution with errors - stepName: stepPfamRunHmmer3
2026-08-19 15:36:20,528 [main] [uk.ac.ebi.interpro.scan.jms.master.StandaloneBlackBoxMaster:176] WARN - StepInstance 5 is being re-run following a failure.
2026-08-19 15:36:25,540 [amqEmbeddedWorkerJmsContainer-3] [uk.ac.ebi.interpro.scan.management.model.implementations.RunBinaryStep:199] ERROR - Command line failed with exit code: 1
Command: hmmsearch -Z 17929 --cut_ga --cpu 1 -o /lustre10/home/tuatchenjh9703/ph/07_family_analysis/_automation_runs/interpro_pfam_20260819T191500JST/SULT/temp/a022_20260819_153606101_3q7t//jobPfam/000000000001_000000000031.raw.out data/pfam/34.0/pfam_a.hmm /lustre10/home/tuatchenjh9703/ph/07_family_analysis/_automation_runs/interpro_pfam_20260819T191500JST/SULT/temp/a022_20260819_153606101_3q7t//jobPfam/000000000001_000000000031.fasta 
Error output from binary:

Error: File existence/permissions problem in trying to open HMM file data/pfam/34.0/pfam_a.hmm.
HMM file data/pfam/34.0/pfam_a.hmm not found (nor an .h3m binary of it)


2026-08-19 15:36:25,540 [amqEmbeddedWorkerJmsContainer-3] [uk.ac.ebi.interpro.scan.jms.worker.LocalJobQueueListener:216] ERROR - Execution thrown when attempting to executeInTransaction the StepExecution.  All database activity rolled back.
java.lang.IllegalStateException: Command line failed with exit code: 1
Command: hmmsearch -Z 17929 --cut_ga --cpu 1 -o /lustre10/home/tuatchenjh9703/ph/07_family_analysis/_automation_runs/interpro_pfam_20260819T191500JST/SULT/temp/a022_20260819_153606101_3q7t//jobPfam/000000000001_000000000031.raw.out data/pfam/34.0/pfam_a.hmm /lustre10/home/tuatchenjh9703/ph/07_family_analysis/_automation_runs/interpro_pfam_20260819T191500JST/SULT/temp/a022_20260819_153606101_3q7t//jobPfam/000000000001_000000000031.fasta 
Error output from binary:

Error: File existence/permissions problem in trying to open HMM file data/pfam/34.0/pfam_a.hmm.
HMM file data/pfam/34.0/pfam_a.hmm not found (nor an .h3m binary of it)


	at uk.ac.ebi.interpro.scan.management.model.implementations.RunBinaryStep.execute(RunBinaryStep.java:201) ~[interproscan-management-5.55-88.0.jar:?]
	at uk.ac.ebi.interpro.scan.jms.activemq.StepExecutionTransactionImpl.executeInTransaction(StepExecutionTransactionImpl.java:87) ~[interproscan-5.jar:?]
	at jdk.internal.reflect.DirectMethodHandleAccessor.invoke(DirectMethodHandleAccessor.java:103) ~[?:?]
	at java.lang.reflect.Method.invoke(Method.java:580) ~[?:?]
	at org.springframework.aop.support.AopUtils.invokeJoinpointUsingReflection(AopUtils.java:343) ~[spring-aop-5.1.6.RELEASE.jar:5.1.6.RELEASE]
	at org.springframework.aop.framework.ReflectiveMethodInvocation.invokeJoinpoint(ReflectiveMethodInvocation.java:198) ~[spring-aop-5.1.6.RELEASE.jar:5.1.6.RELEASE]
	at org.springframework.aop.framework.ReflectiveMethodInvocation.proceed(ReflectiveMethodInvocation.java:163) ~[spring-aop-5.1.6.RELEASE.jar:5.1.6.RELEASE]
	at org.springframework.transaction.interceptor.TransactionAspectSupport.invokeWithinTransaction(TransactionAspectSupport.java:294) ~[spring-tx-5.1.6.RELEASE.jar:5.1.6.RELEASE]
	at org.springframework.transaction.interceptor.TransactionInterceptor.invoke(TransactionInterceptor.java:98) ~[spring-tx-5.1.6.RELEASE.jar:5.1.6.RELEASE]
	at org.springframework.aop.framework.ReflectiveMethodInvocation.proceed(ReflectiveMethodInvocation.java:186) ~[spring-aop-5.1.6.RELEASE.jar:5.1.6.RELEASE]
	at org.springframework.aop.framework.JdkDynamicAopProxy.invoke(JdkDynamicAopProxy.java:212) ~[spring-aop-5.1.6.RELEASE.jar:5.1.6.RELEASE]
	at jdk.proxy2.$Proxy144.executeInTransaction(Unknown Source) ~[?:?]
	at uk.ac.ebi.interpro.scan.jms.worker.LocalJobQueueListener.onMessage(LocalJobQueueListener.java:200) ~[interproscan-5.jar:?]
	at org.springframework.jms.listener.AbstractMessageListenerContainer.doInvokeListener(AbstractMessageListenerContainer.java:761) ~[spring-jms-5.1.6.RELEASE.jar:5.1.6.RELEASE]
	at org.springframework.jms.listener.AbstractMessageListenerContainer.invokeListener(AbstractMessageListenerContainer.java:699) ~[spring-jms-5.1.6.RELEASE.jar:5.1.6.RELEASE]
	at org.springframework.jms.listener.AbstractMessageListenerContainer.doExecuteListener(AbstractMessageListenerContainer.java:674) ~[spring-jms-5.1.6.RELEASE.jar:5.1.6.RELEASE]
	at org.springframework.jms.listener.AbstractPollingMessageListenerContainer.doReceiveAndExecute(AbstractPollingMessageListenerContainer.java:318) ~[spring-jms-5.1.6.RELEASE.jar:5.1.6.RELEASE]
	at org.springframework.jms.listener.AbstractPollingMessageListenerContainer.receiveAndExecute(AbstractPollingMessageListenerContainer.java:257) ~[spring-jms-5.1.6.RELEASE.jar:5.1.6.RELEASE]
	at org.springframework.jms.listener.DefaultMessageListenerContainer$AsyncMessageListenerInvoker.invokeListener(DefaultMessageListenerContainer.java:1189) ~[spring-jms-5.1.6.RELEASE.jar:5.1.6.RELEASE]
	at org.springframework.jms.listener.DefaultMessageListenerContainer$AsyncMessageListenerInvoker.executeOngoingLoop(DefaultMessageListenerContainer.java:1179) ~[spring-jms-5.1.6.RELEASE.jar:5.1.6.RELEASE]
	at org.springframework.jms.listener.DefaultMessageListenerContainer$AsyncMessageListenerInvoker.run(DefaultMessageListenerContainer.java:1076) ~[spring-jms-5.1.6.RELEASE.jar:5.1.6.RELEASE]
	at java.lang.Thread.run(Thread.java:1583) [?:?]
2026-08-19 15:36:25,541 [amqEmbeddedWorkerJmsContainer-3] [uk.ac.ebi.interpro.scan.jms.worker.LocalJobQueueListener:218] ERROR - The exception is :
2026-08-19 15:36:25,541 [amqEmbeddedWorkerJmsContainer-3] [uk.ac.ebi.interpro.scan.jms.worker.LocalJobQueueListener:222] ERROR - StepExecution with errors - stepName: stepPfamRunHmmer3
2026-08-19 15:36:25,549 [main] [uk.ac.ebi.interpro.scan.jms.master.StandaloneBlackBoxMaster:176] WARN - StepInstance 5 is being re-run following a failure.
2026-08-19 15:36:30,560 [amqEmbeddedWorkerJmsContainer-2] [uk.ac.ebi.interpro.scan.management.model.implementations.RunBinaryStep:199] ERROR - Command line failed with exit code: 1
Command: hmmsearch -Z 17929 --cut_ga --cpu 1 -o /lustre10/home/tuatchenjh9703/ph/07_family_analysis/_automation_runs/interpro_pfam_20260819T191500JST/SULT/temp/a022_20260819_153606101_3q7t//jobPfam/000000000001_000000000031.raw.out data/pfam/34.0/pfam_a.hmm /lustre10/home/tuatchenjh9703/ph/07_family_analysis/_automation_runs/interpro_pfam_20260819T191500JST/SULT/temp/a022_20260819_153606101_3q7t//jobPfam/000000000001_000000000031.fasta 
Error output from binary:

Error: File existence/permissions problem in trying to open HMM file data/pfam/34.0/pfam_a.hmm.
HMM file data/pfam/34.0/pfam_a.hmm not found (nor an .h3m binary of it)


2026-08-19 15:36:30,560 [amqEmbeddedWorkerJmsContainer-2] [uk.ac.ebi.interpro.scan.jms.worker.LocalJobQueueListener:216] ERROR - Execution thrown when attempting to executeInTransaction the StepExecution.  All database activity rolled back.
java.lang.IllegalStateException: Command line failed with exit code: 1
Command: hmmsearch -Z 17929 --cut_ga --cpu 1 -o /lustre10/home/tuatchenjh9703/ph/07_family_analysis/_automation_runs/interpro_pfam_20260819T191500JST/SULT/temp/a022_20260819_153606101_3q7t//jobPfam/000000000001_000000000031.raw.out data/pfam/34.0/pfam_a.hmm /lustre10/home/tuatchenjh9703/ph/07_family_analysis/_automation_runs/interpro_pfam_20260819T191500JST/SULT/temp/a022_20260819_153606101_3q7t//jobPfam/000000000001_000000000031.fasta 
Error output from binary:

Error: File existence/permissions problem in trying to open HMM file data/pfam/34.0/pfam_a.hmm.
HMM file data/pfam/34.0/pfam_a.hmm not found (nor an .h3m binary of it)


	at uk.ac.ebi.interpro.scan.management.model.implementations.RunBinaryStep.execute(RunBinaryStep.java:201) ~[interproscan-management-5.55-88.0.jar:?]
	at uk.ac.ebi.interpro.scan.jms.activemq.StepExecutionTransactionImpl.executeInTransaction(StepExecutionTransactionImpl.java:87) ~[interproscan-5.jar:?]
	at jdk.internal.reflect.DirectMethodHandleAccessor.invoke(DirectMethodHandleAccessor.java:103) ~[?:?]
	at java.lang.reflect.Method.invoke(Method.java:580) ~[?:?]
	at org.springframework.aop.support.AopUtils.invokeJoinpointUsingReflection(AopUtils.java:343) ~[spring-aop-5.1.6.RELEASE.jar:5.1.6.RELEASE]
	at org.springframework.aop.framework.ReflectiveMethodInvocation.invokeJoinpoint(ReflectiveMethodInvocation.java:198) ~[spring-aop-5.1.6.RELEASE.jar:5.1.6.RELEASE]
	at org.springframework.aop.framework.ReflectiveMethodInvocation.proceed(ReflectiveMethodInvocation.java:163) ~[spring-aop-5.1.6.RELEASE.jar:5.1.6.RELEASE]
	at org.springframework.transaction.interceptor.TransactionAspectSupport.invokeWithinTransaction(TransactionAspectSupport.java:294) ~[spring-tx-5.1.6.RELEASE.jar:5.1.6.RELEASE]
	at org.springframework.transaction.interceptor.TransactionInterceptor.invoke(TransactionInterceptor.java:98) ~[spring-tx-5.1.6.RELEASE.jar:5.1.6.RELEASE]
	at org.springframework.aop.framework.ReflectiveMethodInvocation.proceed(ReflectiveMethodInvocation.java:186) ~[spring-aop-5.1.6.RELEASE.jar:5.1.6.RELEASE]
	at org.springframework.aop.framework.JdkDynamicAopProxy.invoke(JdkDynamicAopProxy.java:212) ~[spring-aop-5.1.6.RELEASE.jar:5.1.6.RELEASE]
	at jdk.proxy2.$Proxy144.executeInTransaction(Unknown Source) ~[?:?]
	at uk.ac.ebi.interpro.scan.jms.worker.LocalJobQueueListener.onMessage(LocalJobQueueListener.java:200) ~[interproscan-5.jar:?]
	at org.springframework.jms.listener.AbstractMessageListenerContainer.doInvokeListener(AbstractMessageListenerContainer.java:761) ~[spring-jms-5.1.6.RELEASE.jar:5.1.6.RELEASE]
	at org.springframework.jms.listener.AbstractMessageListenerContainer.invokeListener(AbstractMessageListenerContainer.java:699) ~[spring-jms-5.1.6.RELEASE.jar:5.1.6.RELEASE]
	at org.springframework.jms.listener.AbstractMessageListenerContainer.doExecuteListener(AbstractMessageListenerContainer.java:674) ~[spring-jms-5.1.6.RELEASE.jar:5.1.6.RELEASE]
	at org.springframework.jms.listener.AbstractPollingMessageListenerContainer.doReceiveAndExecute(AbstractPollingMessageListenerContainer.java:318) ~[spring-jms-5.1.6.RELEASE.jar:5.1.6.RELEASE]
	at org.springframework.jms.listener.AbstractPollingMessageListenerContainer.receiveAndExecute(AbstractPollingMessageListenerContainer.java:257) ~[spring-jms-5.1.6.RELEASE.jar:5.1.6.RELEASE]
	at org.springframework.jms.listener.DefaultMessageListenerContainer$AsyncMessageListenerInvoker.invokeListener(DefaultMessageListenerContainer.java:1189) ~[spring-jms-5.1.6.RELEASE.jar:5.1.6.RELEASE]
	at org.springframework.jms.listener.DefaultMessageListenerContainer$AsyncMessageListenerInvoker.executeOngoingLoop(DefaultMessageListenerContainer.java:1179) ~[spring-jms-5.1.6.RELEASE.jar:5.1.6.RELEASE]
	at org.springframework.jms.listener.DefaultMessageListenerContainer$AsyncMessageListenerInvoker.run(DefaultMessageListenerContainer.java:1076) ~[spring-jms-5.1.6.RELEASE.jar:5.1.6.RELEASE]
	at java.lang.Thread.run(Thread.java:1583) [?:?]
2026-08-19 15:36:30,561 [amqEmbeddedWorkerJmsContainer-2] [uk.ac.ebi.interpro.scan.jms.worker.LocalJobQueueListener:218] ERROR - The exception is :
2026-08-19 15:36:30,561 [amqEmbeddedWorkerJmsContainer-2] [uk.ac.ebi.interpro.scan.jms.worker.LocalJobQueueListener:222] ERROR - StepExecution with errors - stepName: stepPfamRunHmmer3
2026-08-19 15:36:30,642 [main] [uk.ac.ebi.interpro.scan.jms.activemq.NonZeroExitOnUnrecoverableError:25] FATAL - Analysis step 5 : Run HMMER 3 Binary for selected proteins for proteins 1 to 31 has failed irretrievably.  Available StackTraces follow.
2026-08-19 15:36:30,642 [main] [uk.ac.ebi.interpro.scan.jms.activemq.NonZeroExitOnUnrecoverableError:42] FATAL - The JVM will now exit with a non-zero exit status.
2026-08-19 15:36:30,644 [main] [uk.ac.ebi.interpro.scan.jms.master.StandaloneBlackBoxMaster:349] ERROR - Exception thrown by StandaloneBlackBoxMaster: 
java.lang.IllegalStateException: InterProScan exiting with non-zero status, see logs for further information.
	at uk.ac.ebi.interpro.scan.jms.activemq.NonZeroExitOnUnrecoverableError.failed(NonZeroExitOnUnrecoverableError.java:43) ~[interproscan-5.jar:?]
	at uk.ac.ebi.interpro.scan.jms.master.StandaloneBlackBoxMaster.run(StandaloneBlackBoxMaster.java:167) [interproscan-5.jar:?]
	at uk.ac.ebi.interpro.scan.jms.main.Run.main(Run.java:495) [interproscan-5.jar:?]
