IQ-TREE version 3.1.2 for Linux x86 64-bit built May 17 2026
Developed by Bui Quang Minh, Thomas Wong, Nhan Ly-Trong, Huaiyan Ren
Contributed by Lam-Tung Nguyen, Dominik Schrempf, Chris Bielow,
Olga Chernomor, Michael Woodhams, Diep Thi Hoang, Heiko Schmidt

Host:    a026 (AVX512, FMA3, 1511 GB RAM)
Command: /home/tuatchenjh9703/miniconda3/bin/iqtree -s /lustre10/home/tuatchenjh9703/ph/07_family_analysis/_automation_runs/representative_iqtree_fixed_model_20260820T000000JST/UGT/UGT_representative_with_references.mafft.fa -m LG+F+G4 -B 1000 -alrt 1000 -T AUTO --threads-max 16 --prefix /lustre10/home/tuatchenjh9703/ph/07_family_analysis/_automation_runs/representative_iqtree_fixed_model_20260820T000000JST/UGT/UGT_representative_fixed_LG_F_G4
Seed:    570375 (Using SPRNG - Scalable Parallel Random Number Generator)
Time:    Wed Aug 19 17:45:51 2026
Kernel:  AVX+FMA - auto-detect threads (16 CPU cores detected)

Reading alignment file /lustre10/home/tuatchenjh9703/ph/07_family_analysis/_automation_runs/representative_iqtree_fixed_model_20260820T000000JST/UGT/UGT_representative_with_references.mafft.fa ... Fasta format detected
Reading fasta file: done in 0.00932097 secs using 77.08% CPU
Alignment most likely contains protein sequences
Constructing alignment: done in 0.012429 secs using 504.7% CPU
WARNING: 2 sites contain only gaps or ambiguous characters.
Alignment has 112 sequences with 2180 columns, 1588 distinct patterns
974 parsimony-informative, 428 singleton sites, 778 constant sites
                              Gap/Ambiguity  Composition  p-value
Analyzing sequences: done in 0.000237942 secs using 451% CPU
   1  TRINITY_DN11717_c0_g2_i2.p1    75.23%    passed     63.29%
   2  TRINITY_DN12106_c1_g5_i1.p1    93.94%    passed     96.49%
   3  TRINITY_DN1342_c0_g2_i6.p1     86.24%    passed     78.95%
   4  TRINITY_DN13580_c0_g1_i1.p1    84.22%    passed     74.77%
   5  TRINITY_DN16531_c0_g1_i1.p1    73.94%    failed      1.75%
   6  TRINITY_DN1687_c0_g1_i11.p1    90.14%    failed      0.11%
   7  TRINITY_DN1689_c0_g1_i2.p1     76.24%    passed      6.88%
   8  TRINITY_DN1689_c0_g2_i1.p1     78.21%    passed     10.47%
   9  TRINITY_DN1689_c1_g1_i4.p1     76.28%    passed     15.83%
  10  TRINITY_DN17113_c0_g1_i16.p1   76.61%    passed     42.23%
  11  TRINITY_DN18424_c0_g1_i1.p1    76.10%    passed     13.82%
  12  TRINITY_DN20280_c0_g1_i1.p1    93.81%    passed     74.85%
  13  TRINITY_DN20280_c1_g1_i3.p1    91.51%    passed     62.32%
  14  TRINITY_DN21024_c0_g1_i1.p1    85.23%    failed      0.41%
  15  TRINITY_DN2328_c0_g1_i1.p1     75.83%    passed     55.77%
  16  TRINITY_DN2332_c0_g1_i2.p1     75.05%    passed     88.61%
  17  TRINITY_DN243_c0_g1_i5.p1      76.28%    passed     92.68%
  18  TRINITY_DN28473_c0_g1_i1.p1    80.05%    passed      9.54%
  19  TRINITY_DN3225_c0_g1_i2.p1     64.36%    failed      0.07%
  20  TRINITY_DN3269_c0_g1_i2.p1     76.06%    failed      0.90%
  21  TRINITY_DN37939_c0_g1_i1.p1    92.34%    passed     46.93%
  22  TRINITY_DN38523_c0_g1_i1.p1    94.68%    passed     77.06%
  23  TRINITY_DN39303_c0_g1_i5.p1    75.78%    passed     45.37%
  24  TRINITY_DN41259_c0_g1_i1.p1    89.08%    failed      1.37%
  25  TRINITY_DN5199_c0_g1_i1.p1     75.92%    passed     11.56%
  26  TRINITY_DN5252_c0_g3_i1.p1     92.39%    passed     46.22%
  27  TRINITY_DN566_c0_g2_i1.p1      77.48%    failed      0.00%
  28  TRINITY_DN60107_c0_g1_i1.p1    95.32%    passed     87.74%
  29  TRINITY_DN654_c0_g1_i2.p1      76.24%    passed      9.99%
  30  TRINITY_DN6816_c0_g1_i13.p1    76.24%    passed      7.91%
  31  TRINITY_DN7259_c0_g1_i1.p1     77.84%    failed      0.39%
  32  TRINITY_DN729_c0_g1_i9.p1      86.79%    failed      0.00%
  33  TRINITY_DN7973_c0_g1_i8.p1     83.85%    passed      8.54%
  34  TRINITY_DN8039_c0_g1_i1.p1     84.91%    passed     17.33%
  35  TRINITY_DN87_c1_g3_i5.p1       75.23%    passed     71.97%
  36  TRINITY_DN9587_c0_g1_i1.p1     93.21%    passed     68.04%
  37  Bmori|NP_001037040.1           76.15%    passed     16.87%
  38  Bmori|NP_001040425.1           76.15%    passed     77.95%
  39  Bmori|NP_001091799.1           80.00%    passed      7.25%
  40  Bmori|NP_001108473.1           81.33%    failed      2.47%
  41  Bmori|NP_001116813.1           85.00%    passed     71.62%
  42  Bmori|NP_001135960.1           76.42%    passed     36.67%
  43  Bmori|NP_001243956.1           76.38%    passed     16.18%
  44  Bmori|NP_001243957.1           76.38%    passed      5.24%
  45  Bmori|NP_001243968.1           76.51%    passed     61.83%
  46  Bmori|NP_001243970.1           76.33%    failed      0.36%
  47  Bmori|NP_001243973.1           75.41%    passed     76.68%
  48  Bmori|NP_001243974.1           76.56%    passed     18.32%
  49  Bmori|NP_001243978.1           76.10%    passed     37.69%
  50  Bmori|NP_001243980.1           76.15%    passed     12.87%
  51  Bmori|NP_001243995.1           76.15%    passed     59.55%
  52  Bmori|NP_001274756.1           76.70%    passed     77.76%
  53  Bmori|XP_004923500.1           76.93%    failed      0.03%
  54  Bmori|XP_004924572.1           64.72%    failed      0.02%
  55  Bmori|XP_004927391.1           94.86%    passed     13.91%
  56  Bmori|XP_004928320.1           86.88%    passed     67.67%
  57  Bmori|XP_004930782.1           90.05%    failed      0.02%
  58  Bmori|XP_004932409.1           78.53%    failed      0.89%
  59  Bmori|XP_004934317.1           86.88%    failed      0.00%
  60  Bmori|XP_012544461.1           64.36%    failed      0.00%
  61  Bmori|XP_012544462.1           65.41%    failed      0.00%
  62  Bmori|XP_012550236.1           76.28%    passed     54.47%
  63  Bmori|XP_012550238.1           75.64%    passed     54.47%
  64  Bmori|XP_012551722.1           83.67%    passed     38.73%
  65  Bmori|XP_021203793.2           79.50%    failed      0.32%
  66  Bmori|XP_037870891.1           84.77%    passed      7.61%
  67  Bmori|XP_037870978.1           87.11%    failed      0.00%
  68  Bmori|XP_037874115.1           78.03%    failed      0.02%
  69  Bmori|XP_037875539.1           76.24%    passed      7.12%
  70  Bmori|XP_062527289.1           75.83%    passed     35.18%
  71  Bmori|XP_062527639.1           81.97%    failed      0.08%
  72  Bmori|XP_062529124.1           59.31%    failed      0.04%
  73  Bmori|XP_062529502.1           75.32%    passed     67.26%
  74  Bmori|XP_062531495.1           76.28%    passed     11.67%
  75  Bmori|XP_062532873.1           71.15%    failed      0.00%
  76  Spodoptera|XP_035430162.1      83.94%    passed     38.94%
  77  Spodoptera|XP_035431089.2      84.77%    passed      5.91%
  78  Spodoptera|XP_035431933.1      79.91%    passed     21.47%
  79  Spodoptera|XP_035434000.2      75.87%    passed     45.77%
  80  Spodoptera|XP_035435090.1      86.88%    failed      0.00%
  81  Spodoptera|XP_035436720.2      84.63%    passed     51.45%
  82  Spodoptera|XP_035436808.1      80.09%    passed      5.58%
  83  Spodoptera|XP_035437320.1      86.24%    passed     80.29%
  84  Spodoptera|XP_035437321.1      86.88%    passed     85.74%
  85  Spodoptera|XP_035437706.2      75.05%    passed     97.33%
  86  Spodoptera|XP_035438682.2      74.04%    failed      4.47%
  87  Spodoptera|XP_035440285.2      76.10%    passed     64.06%
  88  Spodoptera|XP_035444053.2      77.39%    failed      3.11%
  89  Spodoptera|XP_035449977.1      64.36%    failed      0.23%
  90  Spodoptera|XP_035449978.1      64.72%    failed      0.39%
  91  Spodoptera|XP_035449979.1      65.46%    failed      0.05%
  92  Spodoptera|XP_035449983.2      75.28%    passed     34.69%
  93  Spodoptera|XP_035452567.1      76.01%    passed     41.85%
  94  Spodoptera|XP_035452810.2      76.06%    failed      0.09%
  95  Spodoptera|XP_035454584.2      76.24%    passed     39.80%
  96  Spodoptera|XP_035454642.2      76.24%    passed     29.49%
  97  Spodoptera|XP_035454997.2      76.06%    passed     43.90%
  98  Spodoptera|XP_035454998.2      76.10%    passed     62.15%
  99  Spodoptera|XP_035455002.2      76.10%    passed     56.24%
 100  Spodoptera|XP_035456266.1      90.09%    failed      0.05%
 101  Spodoptera|XP_035456846.2      76.88%    failed      0.04%
 102  Spodoptera|XP_035458586.2      76.33%    passed     44.23%
 103  Spodoptera|XP_035458622.2      76.70%    passed     74.43%
 104  Spodoptera|XP_050550361.1      76.33%    passed     54.47%
 105  Spodoptera|XP_050550708.1      94.86%    passed     22.15%
 106  Spodoptera|XP_050552501.1      77.52%    failed      0.00%
 107  Spodoptera|XP_050553385.1      38.26%    failed      0.00%
 108  Spodoptera|XP_050554451.1      76.33%    passed     40.62%
 109  Spodoptera|XP_050556017.1      52.43%    failed      0.08%
 110  Spodoptera|XP_050559218.1      75.69%    failed      0.00%
 111  Spodoptera|XP_050559575.1      76.15%    failed      2.42%
 112  Spodoptera|XP_050559578.1      76.42%    passed     68.91%
WARNING: 111 sequences contain more than 50% gaps/ambiguity
****  TOTAL                          78.56%  38 sequences failed composition chi2 test (p-value<5%; df=19)
Checking for duplicate sequences: done in 0.00159287 secs using 627.2% CPU

Create initial parsimony tree by phylogenetic likelihood library (PLL)... 0.096 seconds
Generating 1000 samples for ultrafast bootstrap (seed: 570375)...

NOTE: 117 MB RAM (0 GB) is required!
Measuring multi-threading efficiency up to 16 CPU cores
Increase to 10 rounds for branch lengths
5 trees examined
Threads: 1 / Time: 17.457 sec / Speedup: 1.000 / Efficiency: 100% / LogL: -115739
Threads: 2 / Time: 10.225 sec / Speedup: 1.707 / Efficiency: 85% / LogL: -115739
Threads: 3 / Time: 9.695 sec / Speedup: 1.801 / Efficiency: 60% / LogL: -115739
Threads: 4 / Time: 8.101 sec / Speedup: 2.155 / Efficiency: 54% / LogL: -115739
Threads: 5 / Time: 7.186 sec / Speedup: 2.429 / Efficiency: 49% / LogL: -115739
Determining AUTO threadcount: done in 52.7334 secs using 255.8% CPU
BEST NUMBER OF THREADS: 4

Estimate model parameters (epsilon = 0.100)
1. Initial log-likelihood: -80187.812
2. Current log-likelihood: -72174.428
3. Current log-likelihood: -71897.961
4. Current log-likelihood: -71891.254
5. Current log-likelihood: -71890.802
Optimal log-likelihood: -71890.745
Gamma shape alpha: 2.414
Parameters optimization took 5 rounds (3.388 sec)
Wrote distance file to... 
Computing ML distances based on estimated model parameters...
Calculating distance matrix: done in 0.284491 secs using 400% CPU
Computing ML distances took 0.285506 sec (of wall-clock time) 1.141427 sec (of CPU time)
WARNING: Some pairwise ML distances are too long (saturated)
Setting up auxiliary I and S matrices: done in 0.000266075 secs using 384.9% CPU
Constructing RapidNJ tree: done in 0.004076 secs using 449.8% CPU
Computing RapidNJ tree took 0.005062 sec (of wall-clock time) 0.023519 sec (of CPU time)
Log-likelihood of RapidNJ tree: -71893.612
--------------------------------------------------------------------
|             INITIALIZING CANDIDATE TREE SET                      |
--------------------------------------------------------------------
Generating 98 parsimony trees... 6.468 second
Computing log-likelihood of 98 initial trees ... 18.669 seconds
Current best score: -71890.745

Do NNI search on 20 best initial trees
Estimate model parameters (epsilon = 0.100)
BETTER TREE FOUND at iteration 1: -71770.279
Estimate model parameters (epsilon = 0.100)
BETTER TREE FOUND at iteration 3: -71759.786
Estimate model parameters (epsilon = 0.100)
BETTER TREE FOUND at iteration 6: -71758.353
Iteration 10 / LogL: -71763.562 / Time: 0h:2m:20s
Estimate model parameters (epsilon = 0.100)
BETTER TREE FOUND at iteration 14: -71756.307
Iteration 20 / LogL: -71766.982 / Time: 0h:3m:22s
Finish initializing candidate tree set (20)
Current best tree score: -71756.307 / CPU time: 143.619
Number of iterations: 20
--------------------------------------------------------------------
|               OPTIMIZING CANDIDATE TREE SET                      |
--------------------------------------------------------------------
Estimate model parameters (epsilon = 0.100)
BETTER TREE FOUND at iteration 27: -71755.932
Iteration 30 / LogL: -71761.272 / Time: 0h:4m:29s (0h:15m:1s left)
Iteration 40 / LogL: -71757.208 / Time: 0h:5m:37s (0h:12m:32s left)
UPDATE BEST LOG-LIKELIHOOD: -71755.931
Iteration 50 / LogL: -71809.707 / Time: 0h:6m:40s (0h:10m:28s left)
Log-likelihood cutoff on original alignment: -71804.021
Iteration 60 / LogL: -71760.041 / Time: 0h:7m:46s (0h:8m:49s left)
UPDATE BEST LOG-LIKELIHOOD: -71755.930
Iteration 70 / LogL: -71755.934 / Time: 0h:8m:53s (0h:7m:20s left)
Iteration 80 / LogL: -71758.907 / Time: 0h:9m:55s (0h:5m:54s left)
Iteration 90 / LogL: -71759.901 / Time: 0h:10m:52s (0h:4m:31s left)
Iteration 100 / LogL: -71755.944 / Time: 0h:11m:55s (0h:3m:15s left)
Log-likelihood cutoff on original alignment: -71804.021
NOTE: Bootstrap correlation coefficient of split occurrence frequencies: 0.999
Iteration 110 / LogL: -71804.996 / Time: 0h:12m:57s (0h:10m:42s left)
Iteration 120 / LogL: -71764.153 / Time: 0h:13m:58s (0h:9m:23s left)
TREE SEARCH COMPLETED AFTER 128 ITERATIONS / Time: 0h:14m:46s

--------------------------------------------------------------------
|                    FINALIZING TREE SEARCH                        |
--------------------------------------------------------------------
Performs final model parameters optimization
Estimate model parameters (epsilon = 0.010)
1. Initial log-likelihood: -71755.930
Optimal log-likelihood: -71755.929
Gamma shape alpha: 2.436
Parameters optimization took 1 rounds (0.428 sec)
BEST SCORE FOUND : -71755.929

Testing tree branches by SH-like aLRT with 1000 replicates...
1.634 sec.
Creating bootstrap support values...
Split supports printed to NEXUS file /lustre10/home/tuatchenjh9703/ph/07_family_analysis/_automation_runs/representative_iqtree_fixed_model_20260820T000000JST/UGT/UGT_representative_fixed_LG_F_G4.splits.nex
Total tree length: 70.860

Total number of iterations: 128
CPU time used for tree search: 3264.050 sec (0h:54m:24s)
Wall-clock time used for tree search: 828.003 sec (0h:13m:48s)
Total CPU time used: 3433.042 sec (0h:57m:13s)
Total wall-clock time used: 889.118 sec (0h:14m:49s)

Computing bootstrap consensus tree...
Reading input file /lustre10/home/tuatchenjh9703/ph/07_family_analysis/_automation_runs/representative_iqtree_fixed_model_20260820T000000JST/UGT/UGT_representative_fixed_LG_F_G4.splits.nex...
112 taxa and 533 splits.
Consensus tree written to /lustre10/home/tuatchenjh9703/ph/07_family_analysis/_automation_runs/representative_iqtree_fixed_model_20260820T000000JST/UGT/UGT_representative_fixed_LG_F_G4.contree
Reading input trees file /lustre10/home/tuatchenjh9703/ph/07_family_analysis/_automation_runs/representative_iqtree_fixed_model_20260820T000000JST/UGT/UGT_representative_fixed_LG_F_G4.contree
Log-likelihood of consensus tree: -71755.938

Analysis results written to: 
  IQ-TREE report:                /lustre10/home/tuatchenjh9703/ph/07_family_analysis/_automation_runs/representative_iqtree_fixed_model_20260820T000000JST/UGT/UGT_representative_fixed_LG_F_G4.iqtree
  Maximum-likelihood tree:       /lustre10/home/tuatchenjh9703/ph/07_family_analysis/_automation_runs/representative_iqtree_fixed_model_20260820T000000JST/UGT/UGT_representative_fixed_LG_F_G4.treefile
  Likelihood distances:          /lustre10/home/tuatchenjh9703/ph/07_family_analysis/_automation_runs/representative_iqtree_fixed_model_20260820T000000JST/UGT/UGT_representative_fixed_LG_F_G4.mldist

Ultrafast bootstrap approximation results written to:
  Split support values:          /lustre10/home/tuatchenjh9703/ph/07_family_analysis/_automation_runs/representative_iqtree_fixed_model_20260820T000000JST/UGT/UGT_representative_fixed_LG_F_G4.splits.nex
  Consensus tree:                /lustre10/home/tuatchenjh9703/ph/07_family_analysis/_automation_runs/representative_iqtree_fixed_model_20260820T000000JST/UGT/UGT_representative_fixed_LG_F_G4.contree
  Screen log file:               /lustre10/home/tuatchenjh9703/ph/07_family_analysis/_automation_runs/representative_iqtree_fixed_model_20260820T000000JST/UGT/UGT_representative_fixed_LG_F_G4.log

Date and Time: Wed Aug 19 18:00:43 2026
