2026-08-19T15:30:44+09:00
Checking any hmm models that need indexing ... this may take a few minutes
Working...    Completed indexing the hmm models.
19/08/2026 15:30:45:545 Welcome to InterProScan-5.55-88.0
19/08/2026 15:30:45:546 Running InterProScan v5 in STANDALONE mode... on Linux
19/08/2026 15:30:49:011 RunID: a024_20260819_153048826_7sxk
19/08/2026 15:30:55:447 Loading file /lustre10/home/tuatchenjh9703/ph/07_family_analysis/_automation_runs/interproscan_sanitized_20260819T184500JST/UGT/UGT_all_isoforms.stop_stripped.pep.fa
19/08/2026 15:30:55:449 Running the following analyses:
[AntiFam-7.0,CDD-3.18,Coils-2.2.1,Gene3D-4.3.0,Hamap-2020_05,MobiDBLite-2.0,PANTHER-15.0,Pfam-34.0,PIRSF-3.10,PIRSR-2021_05,PRINTS-42.0,ProSitePatterns-2021_01,ProSiteProfiles-2021_01,SFLD-4,SMART-7.1,SUPERFAMILY-1.75,TIGRFAM-15.0]
Available matches will be retrieved from the pre-calculated match lookup service.

Matches for any sequences that are not represented in the lookup service will be calculated locally.
2026-08-19 15:30:57,614 [Thread-6] [uk.ac.ebi.interpro.scan.business.sequence.BerkeleyPrecalculatedProteinLookup:748] WARN - 

The version of InterProScan you are using is 5.55-88.0
The version of the lookup service you are using is 5.78-109.0
As the data in these versions is not the same, you cannot use this match lookup service.
InterProScan will now run locally
If you would like to use the match lookup service, you have the following options:
i) Download the newest version of InterProScan5 from our FTP site by following the instructions on:
   https://www.ebi.ac.uk/interpro/interproscan.html
ii) Download the match lookup service for your version of InterProScan from our FTP site and install it locally.
    You will then need to edit the following property in your configuration file to point to your local installation:
    precalculated.match.lookup.service.url=

In the meantime, the analysis will continue to run locally.


2026-08-19 15:31:03,239 [amqEmbeddedWorkerJmsContainer-3] [uk.ac.ebi.interpro.scan.management.model.implementations.RunBinaryStep:199] ERROR - Command line failed with exit code: 1
Command: hmmscan -E 10 -Z 15438 --cpu 1 -o /lustre10/home/tuatchenjh9703/ph/07_family_analysis/_automation_runs/interproscan_sanitized_20260819T184500JST/UGT/temp/a024_20260819_153048826_7sxk//jobSuperFamily-1.75/000000000001_000000000080.raw.out data/superfamily/1.75/hmmlib_1.75 /lustre10/home/tuatchenjh9703/ph/07_family_analysis/_automation_runs/interproscan_sanitized_20260819T184500JST/UGT/temp/a024_20260819_153048826_7sxk//jobSuperFamily-1.75/000000000001_000000000080.fasta 
Error output from binary:

Error: Failed to open binary auxfiles for data/superfamily/1.75/hmmlib_1.75: use hmmpress first


2026-08-19 15:31:03,241 [amqEmbeddedWorkerJmsContainer-3] [uk.ac.ebi.interpro.scan.jms.worker.LocalJobQueueListener:216] ERROR - Execution thrown when attempting to executeInTransaction the StepExecution.  All database activity rolled back.
java.lang.IllegalStateException: Command line failed with exit code: 1
Command: hmmscan -E 10 -Z 15438 --cpu 1 -o /lustre10/home/tuatchenjh9703/ph/07_family_analysis/_automation_runs/interproscan_sanitized_20260819T184500JST/UGT/temp/a024_20260819_153048826_7sxk//jobSuperFamily-1.75/000000000001_000000000080.raw.out data/superfamily/1.75/hmmlib_1.75 /lustre10/home/tuatchenjh9703/ph/07_family_analysis/_automation_runs/interproscan_sanitized_20260819T184500JST/UGT/temp/a024_20260819_153048826_7sxk//jobSuperFamily-1.75/000000000001_000000000080.fasta 
Error output from binary:

Error: Failed to open binary auxfiles for data/superfamily/1.75/hmmlib_1.75: use hmmpress first


	at uk.ac.ebi.interpro.scan.management.model.implementations.RunBinaryStep.execute(RunBinaryStep.java:201) ~[interproscan-management-5.55-88.0.jar:?]
	at uk.ac.ebi.interpro.scan.jms.activemq.StepExecutionTransactionImpl.executeInTransaction(StepExecutionTransactionImpl.java:87) ~[interproscan-5.jar:?]
	at jdk.internal.reflect.DirectMethodHandleAccessor.invoke(DirectMethodHandleAccessor.java:103) ~[?:?]
	at java.lang.reflect.Method.invoke(Method.java:580) ~[?:?]
	at org.springframework.aop.support.AopUtils.invokeJoinpointUsingReflection(AopUtils.java:343) ~[spring-aop-5.1.6.RELEASE.jar:5.1.6.RELEASE]
	at org.springframework.aop.framework.ReflectiveMethodInvocation.invokeJoinpoint(ReflectiveMethodInvocation.java:198) ~[spring-aop-5.1.6.RELEASE.jar:5.1.6.RELEASE]
	at org.springframework.aop.framework.ReflectiveMethodInvocation.proceed(ReflectiveMethodInvocation.java:163) ~[spring-aop-5.1.6.RELEASE.jar:5.1.6.RELEASE]
	at org.springframework.transaction.interceptor.TransactionAspectSupport.invokeWithinTransaction(TransactionAspectSupport.java:294) ~[spring-tx-5.1.6.RELEASE.jar:5.1.6.RELEASE]
	at org.springframework.transaction.interceptor.TransactionInterceptor.invoke(TransactionInterceptor.java:98) ~[spring-tx-5.1.6.RELEASE.jar:5.1.6.RELEASE]
	at org.springframework.aop.framework.ReflectiveMethodInvocation.proceed(ReflectiveMethodInvocation.java:186) ~[spring-aop-5.1.6.RELEASE.jar:5.1.6.RELEASE]
	at org.springframework.aop.framework.JdkDynamicAopProxy.invoke(JdkDynamicAopProxy.java:212) ~[spring-aop-5.1.6.RELEASE.jar:5.1.6.RELEASE]
	at jdk.proxy2.$Proxy144.executeInTransaction(Unknown Source) ~[?:?]
	at uk.ac.ebi.interpro.scan.jms.worker.LocalJobQueueListener.onMessage(LocalJobQueueListener.java:200) ~[interproscan-5.jar:?]
	at org.springframework.jms.listener.AbstractMessageListenerContainer.doInvokeListener(AbstractMessageListenerContainer.java:761) ~[spring-jms-5.1.6.RELEASE.jar:5.1.6.RELEASE]
	at org.springframework.jms.listener.AbstractMessageListenerContainer.invokeListener(AbstractMessageListenerContainer.java:699) ~[spring-jms-5.1.6.RELEASE.jar:5.1.6.RELEASE]
	at org.springframework.jms.listener.AbstractMessageListenerContainer.doExecuteListener(AbstractMessageListenerContainer.java:674) ~[spring-jms-5.1.6.RELEASE.jar:5.1.6.RELEASE]
	at org.springframework.jms.listener.AbstractPollingMessageListenerContainer.doReceiveAndExecute(AbstractPollingMessageListenerContainer.java:318) ~[spring-jms-5.1.6.RELEASE.jar:5.1.6.RELEASE]
	at org.springframework.jms.listener.AbstractPollingMessageListenerContainer.receiveAndExecute(AbstractPollingMessageListenerContainer.java:257) ~[spring-jms-5.1.6.RELEASE.jar:5.1.6.RELEASE]
	at org.springframework.jms.listener.DefaultMessageListenerContainer$AsyncMessageListenerInvoker.invokeListener(DefaultMessageListenerContainer.java:1189) ~[spring-jms-5.1.6.RELEASE.jar:5.1.6.RELEASE]
	at org.springframework.jms.listener.DefaultMessageListenerContainer$AsyncMessageListenerInvoker.executeOngoingLoop(DefaultMessageListenerContainer.java:1179) ~[spring-jms-5.1.6.RELEASE.jar:5.1.6.RELEASE]
	at org.springframework.jms.listener.DefaultMessageListenerContainer$AsyncMessageListenerInvoker.run(DefaultMessageListenerContainer.java:1076) ~[spring-jms-5.1.6.RELEASE.jar:5.1.6.RELEASE]
	at java.lang.Thread.run(Thread.java:1583) [?:?]
2026-08-19 15:31:03,251 [amqEmbeddedWorkerJmsContainer-3] [uk.ac.ebi.interpro.scan.jms.worker.LocalJobQueueListener:218] ERROR - The exception is :
2026-08-19 15:31:03,253 [amqEmbeddedWorkerJmsContainer-3] [uk.ac.ebi.interpro.scan.jms.worker.LocalJobQueueListener:222] ERROR - StepExecution with errors - stepName: stepSuperFamilyRunHmmer3-1.75
2026-08-19 15:31:03,278 [main] [uk.ac.ebi.interpro.scan.jms.master.StandaloneBlackBoxMaster:176] WARN - StepInstance 76 is being re-run following a failure.
2026-08-19 15:31:03,842 [amqEmbeddedWorkerJmsContainer-2] [uk.ac.ebi.interpro.scan.management.model.implementations.RunBinaryStep:199] ERROR - Command line failed with exit code: 3
Command: rpsblast -query /lustre10/home/tuatchenjh9703/ph/07_family_analysis/_automation_runs/interproscan_sanitized_20260819T184500JST/UGT/temp/a024_20260819_153048826_7sxk//jobCDD/000000000001_000000000080.fasta -db data/cdd/3.18/db/Cdd_NCBI -evalue 0.01 -seg no -outfmt 11 
Error output from binary:
Unknown option: q
Unknown option: u
Value "ry" invalid for option e (real number expected)
Unknown option: r
Value "/lustre10/home/tuatchenjh9703/ph/07_family_analysis/_automation_runs/interproscan_sanitized_20260819T184500JST/UGT/temp/a024_20260819_153048826_7sxk//jobCDD/000000000001_000000000080.fasta" invalid for option y (real number expected)
Value "value" invalid for option e (real number expected)
Value "alue" invalid for option v (number expected)
Value "lue" invalid for option a (number expected)
Unknown option: s
Value "g" invalid for option e (real number expected)
Unknown option: g
BLAST engine error: Cannot retrieve path to RPS database
Program failed, try executing the command manually.

2026-08-19 15:31:03,843 [amqEmbeddedWorkerJmsContainer-2] [uk.ac.ebi.interpro.scan.jms.worker.LocalJobQueueListener:216] ERROR - Execution thrown when attempting to executeInTransaction the StepExecution.  All database activity rolled back.
java.lang.IllegalStateException: Command line failed with exit code: 3
Command: rpsblast -query /lustre10/home/tuatchenjh9703/ph/07_family_analysis/_automation_runs/interproscan_sanitized_20260819T184500JST/UGT/temp/a024_20260819_153048826_7sxk//jobCDD/000000000001_000000000080.fasta -db data/cdd/3.18/db/Cdd_NCBI -evalue 0.01 -seg no -outfmt 11 
Error output from binary:
Unknown option: q
Unknown option: u
Value "ry" invalid for option e (real number expected)
Unknown option: r
Value "/lustre10/home/tuatchenjh9703/ph/07_family_analysis/_automation_runs/interproscan_sanitized_20260819T184500JST/UGT/temp/a024_20260819_153048826_7sxk//jobCDD/000000000001_000000000080.fasta" invalid for option y (real number expected)
Value "value" invalid for option e (real number expected)
Value "alue" invalid for option v (number expected)
Value "lue" invalid for option a (number expected)
Unknown option: s
Value "g" invalid for option e (real number expected)
Unknown option: g
BLAST engine error: Cannot retrieve path to RPS database
Program failed, try executing the command manually.

	at uk.ac.ebi.interpro.scan.management.model.implementations.RunBinaryStep.execute(RunBinaryStep.java:201) ~[interproscan-management-5.55-88.0.jar:?]
	at uk.ac.ebi.interpro.scan.jms.activemq.StepExecutionTransactionImpl.executeInTransaction(StepExecutionTransactionImpl.java:87) ~[interproscan-5.jar:?]
	at jdk.internal.reflect.DirectMethodHandleAccessor.invoke(DirectMethodHandleAccessor.java:103) ~[?:?]
	at java.lang.reflect.Method.invoke(Method.java:580) ~[?:?]
	at org.springframework.aop.support.AopUtils.invokeJoinpointUsingReflection(AopUtils.java:343) ~[spring-aop-5.1.6.RELEASE.jar:5.1.6.RELEASE]
	at org.springframework.aop.framework.ReflectiveMethodInvocation.invokeJoinpoint(ReflectiveMethodInvocation.java:198) ~[spring-aop-5.1.6.RELEASE.jar:5.1.6.RELEASE]
	at org.springframework.aop.framework.ReflectiveMethodInvocation.proceed(ReflectiveMethodInvocation.java:163) ~[spring-aop-5.1.6.RELEASE.jar:5.1.6.RELEASE]
	at org.springframework.transaction.interceptor.TransactionAspectSupport.invokeWithinTransaction(TransactionAspectSupport.java:294) ~[spring-tx-5.1.6.RELEASE.jar:5.1.6.RELEASE]
	at org.springframework.transaction.interceptor.TransactionInterceptor.invoke(TransactionInterceptor.java:98) ~[spring-tx-5.1.6.RELEASE.jar:5.1.6.RELEASE]
	at org.springframework.aop.framework.ReflectiveMethodInvocation.proceed(ReflectiveMethodInvocation.java:186) ~[spring-aop-5.1.6.RELEASE.jar:5.1.6.RELEASE]
	at org.springframework.aop.framework.JdkDynamicAopProxy.invoke(JdkDynamicAopProxy.java:212) ~[spring-aop-5.1.6.RELEASE.jar:5.1.6.RELEASE]
	at jdk.proxy2.$Proxy144.executeInTransaction(Unknown Source) ~[?:?]
	at uk.ac.ebi.interpro.scan.jms.worker.LocalJobQueueListener.onMessage(LocalJobQueueListener.java:200) ~[interproscan-5.jar:?]
	at org.springframework.jms.listener.AbstractMessageListenerContainer.doInvokeListener(AbstractMessageListenerContainer.java:761) ~[spring-jms-5.1.6.RELEASE.jar:5.1.6.RELEASE]
	at org.springframework.jms.listener.AbstractMessageListenerContainer.invokeListener(AbstractMessageListenerContainer.java:699) ~[spring-jms-5.1.6.RELEASE.jar:5.1.6.RELEASE]
	at org.springframework.jms.listener.AbstractMessageListenerContainer.doExecuteListener(AbstractMessageListenerContainer.java:674) ~[spring-jms-5.1.6.RELEASE.jar:5.1.6.RELEASE]
	at org.springframework.jms.listener.AbstractPollingMessageListenerContainer.doReceiveAndExecute(AbstractPollingMessageListenerContainer.java:318) ~[spring-jms-5.1.6.RELEASE.jar:5.1.6.RELEASE]
	at org.springframework.jms.listener.AbstractPollingMessageListenerContainer.receiveAndExecute(AbstractPollingMessageListenerContainer.java:257) ~[spring-jms-5.1.6.RELEASE.jar:5.1.6.RELEASE]
	at org.springframework.jms.listener.DefaultMessageListenerContainer$AsyncMessageListenerInvoker.invokeListener(DefaultMessageListenerContainer.java:1189) ~[spring-jms-5.1.6.RELEASE.jar:5.1.6.RELEASE]
	at org.springframework.jms.listener.DefaultMessageListenerContainer$AsyncMessageListenerInvoker.executeOngoingLoop(DefaultMessageListenerContainer.java:1179) ~[spring-jms-5.1.6.RELEASE.jar:5.1.6.RELEASE]
	at org.springframework.jms.listener.DefaultMessageListenerContainer$AsyncMessageListenerInvoker.run(DefaultMessageListenerContainer.java:1076) ~[spring-jms-5.1.6.RELEASE.jar:5.1.6.RELEASE]
	at java.lang.Thread.run(Thread.java:1583) [?:?]
2026-08-19 15:31:03,844 [amqEmbeddedWorkerJmsContainer-2] [uk.ac.ebi.interpro.scan.jms.worker.LocalJobQueueListener:218] ERROR - The exception is :
2026-08-19 15:31:03,845 [amqEmbeddedWorkerJmsContainer-2] [uk.ac.ebi.interpro.scan.jms.worker.LocalJobQueueListener:222] ERROR - StepExecution with errors - stepName: stepCDDRunBinaryRPSblast
2026-08-19 15:31:03,955 [main] [uk.ac.ebi.interpro.scan.jms.master.StandaloneBlackBoxMaster:176] WARN - StepInstance 67 is being re-run following a failure.
2026-08-19 15:31:05,626 [amqEmbeddedWorkerJmsContainer-4] [uk.ac.ebi.interpro.scan.jms.worker.LocalJobQueueListener:216] ERROR - Execution thrown when attempting to executeInTransaction the StepExecution.  All database activity rolled back.
java.lang.IllegalStateException: IOException thrown when attempting to run binary
	at uk.ac.ebi.interpro.scan.management.model.implementations.RunBinaryStep.execute(RunBinaryStep.java:183) ~[interproscan-management-5.55-88.0.jar:?]
	at uk.ac.ebi.interpro.scan.jms.activemq.StepExecutionTransactionImpl.executeInTransaction(StepExecutionTransactionImpl.java:87) ~[interproscan-5.jar:?]
	at jdk.internal.reflect.DirectMethodHandleAccessor.invoke(DirectMethodHandleAccessor.java:103) ~[?:?]
	at java.lang.reflect.Method.invoke(Method.java:580) ~[?:?]
	at org.springframework.aop.support.AopUtils.invokeJoinpointUsingReflection(AopUtils.java:343) ~[spring-aop-5.1.6.RELEASE.jar:5.1.6.RELEASE]
	at org.springframework.aop.framework.ReflectiveMethodInvocation.invokeJoinpoint(ReflectiveMethodInvocation.java:198) ~[spring-aop-5.1.6.RELEASE.jar:5.1.6.RELEASE]
	at org.springframework.aop.framework.ReflectiveMethodInvocation.proceed(ReflectiveMethodInvocation.java:163) ~[spring-aop-5.1.6.RELEASE.jar:5.1.6.RELEASE]
	at org.springframework.transaction.interceptor.TransactionAspectSupport.invokeWithinTransaction(TransactionAspectSupport.java:294) ~[spring-tx-5.1.6.RELEASE.jar:5.1.6.RELEASE]
	at org.springframework.transaction.interceptor.TransactionInterceptor.invoke(TransactionInterceptor.java:98) ~[spring-tx-5.1.6.RELEASE.jar:5.1.6.RELEASE]
	at org.springframework.aop.framework.ReflectiveMethodInvocation.proceed(ReflectiveMethodInvocation.java:186) ~[spring-aop-5.1.6.RELEASE.jar:5.1.6.RELEASE]
	at org.springframework.aop.framework.JdkDynamicAopProxy.invoke(JdkDynamicAopProxy.java:212) ~[spring-aop-5.1.6.RELEASE.jar:5.1.6.RELEASE]
	at jdk.proxy2.$Proxy144.executeInTransaction(Unknown Source) ~[?:?]
	at uk.ac.ebi.interpro.scan.jms.worker.LocalJobQueueListener.onMessage(LocalJobQueueListener.java:200) ~[interproscan-5.jar:?]
	at org.springframework.jms.listener.AbstractMessageListenerContainer.doInvokeListener(AbstractMessageListenerContainer.java:761) ~[spring-jms-5.1.6.RELEASE.jar:5.1.6.RELEASE]
	at org.springframework.jms.listener.AbstractMessageListenerContainer.invokeListener(AbstractMessageListenerContainer.java:699) ~[spring-jms-5.1.6.RELEASE.jar:5.1.6.RELEASE]
	at org.springframework.jms.listener.AbstractMessageListenerContainer.doExecuteListener(AbstractMessageListenerContainer.java:674) ~[spring-jms-5.1.6.RELEASE.jar:5.1.6.RELEASE]
	at org.springframework.jms.listener.AbstractPollingMessageListenerContainer.doReceiveAndExecute(AbstractPollingMessageListenerContainer.java:318) ~[spring-jms-5.1.6.RELEASE.jar:5.1.6.RELEASE]
	at org.springframework.jms.listener.AbstractPollingMessageListenerContainer.receiveAndExecute(AbstractPollingMessageListenerContainer.java:257) ~[spring-jms-5.1.6.RELEASE.jar:5.1.6.RELEASE]
	at org.springframework.jms.listener.DefaultMessageListenerContainer$AsyncMessageListenerInvoker.invokeListener(DefaultMessageListenerContainer.java:1189) ~[spring-jms-5.1.6.RELEASE.jar:5.1.6.RELEASE]
	at org.springframework.jms.listener.DefaultMessageListenerContainer$AsyncMessageListenerInvoker.executeOngoingLoop(DefaultMessageListenerContainer.java:1179) ~[spring-jms-5.1.6.RELEASE.jar:5.1.6.RELEASE]
	at org.springframework.jms.listener.DefaultMessageListenerContainer$AsyncMessageListenerInvoker.run(DefaultMessageListenerContainer.java:1076) ~[spring-jms-5.1.6.RELEASE.jar:5.1.6.RELEASE]
	at java.lang.Thread.run(Thread.java:1583) [?:?]
Caused by: java.io.IOException: Cannot run program "hmmpfam2": Exec failed, error: 2 (No such file or directory) 
	at java.lang.ProcessBuilder.start(ProcessBuilder.java:1170) ~[?:?]
	at java.lang.ProcessBuilder.start(ProcessBuilder.java:1089) ~[?:?]
	at uk.ac.ebi.interpro.scan.io.cli.CommandLineConversationImpl.runCommand(CommandLineConversationImpl.java:147) ~[interproscan-io-5.55-88.0.jar:?]
	at uk.ac.ebi.interpro.scan.management.model.implementations.RunBinaryStep.execute(RunBinaryStep.java:181) ~[interproscan-management-5.55-88.0.jar:?]
	... 21 more
Caused by: java.io.IOException: Exec failed, error: 2 (No such file or directory) 
	at java.lang.ProcessImpl.forkAndExec(Native Method) ~[?:?]
	at java.lang.ProcessImpl.<init>(ProcessImpl.java:295) ~[?:?]
	at java.lang.ProcessImpl.start(ProcessImpl.java:225) ~[?:?]
	at java.lang.ProcessBuilder.start(ProcessBuilder.java:1126) ~[?:?]
	at java.lang.ProcessBuilder.start(ProcessBuilder.java:1089) ~[?:?]
	at uk.ac.ebi.interpro.scan.io.cli.CommandLineConversationImpl.runCommand(CommandLineConversationImpl.java:147) ~[interproscan-io-5.55-88.0.jar:?]
	at uk.ac.ebi.interpro.scan.management.model.implementations.RunBinaryStep.execute(RunBinaryStep.java:181) ~[interproscan-management-5.55-88.0.jar:?]
	... 21 more
2026-08-19 15:31:05,627 [amqEmbeddedWorkerJmsContainer-4] [uk.ac.ebi.interpro.scan.jms.worker.LocalJobQueueListener:218] ERROR - The exception is :
2026-08-19 15:31:05,628 [amqEmbeddedWorkerJmsContainer-4] [uk.ac.ebi.interpro.scan.jms.worker.LocalJobQueueListener:222] ERROR - StepExecution with errors - stepName: stepSMARTRunBinary
2026-08-19 15:31:05,657 [main] [uk.ac.ebi.interpro.scan.jms.master.StandaloneBlackBoxMaster:176] WARN - StepInstance 83 is being re-run following a failure.
2026-08-19 15:31:14,180 [amqEmbeddedWorkerJmsContainer-2] [uk.ac.ebi.interpro.scan.jms.worker.LocalJobQueueListener:216] ERROR - Execution thrown when attempting to executeInTransaction the StepExecution.  All database activity rolled back.
java.lang.IllegalStateException: IOException thrown when attempting to run binary
	at uk.ac.ebi.interpro.scan.management.model.implementations.RunBinaryStep.execute(RunBinaryStep.java:183) ~[interproscan-management-5.55-88.0.jar:?]
	at uk.ac.ebi.interpro.scan.jms.activemq.StepExecutionTransactionImpl.executeInTransaction(StepExecutionTransactionImpl.java:87) ~[interproscan-5.jar:?]
	at jdk.internal.reflect.DirectMethodHandleAccessor.invoke(DirectMethodHandleAccessor.java:103) ~[?:?]
	at java.lang.reflect.Method.invoke(Method.java:580) ~[?:?]
	at org.springframework.aop.support.AopUtils.invokeJoinpointUsingReflection(AopUtils.java:343) ~[spring-aop-5.1.6.RELEASE.jar:5.1.6.RELEASE]
	at org.springframework.aop.framework.ReflectiveMethodInvocation.invokeJoinpoint(ReflectiveMethodInvocation.java:198) ~[spring-aop-5.1.6.RELEASE.jar:5.1.6.RELEASE]
	at org.springframework.aop.framework.ReflectiveMethodInvocation.proceed(ReflectiveMethodInvocation.java:163) ~[spring-aop-5.1.6.RELEASE.jar:5.1.6.RELEASE]
	at org.springframework.transaction.interceptor.TransactionAspectSupport.invokeWithinTransaction(TransactionAspectSupport.java:294) ~[spring-tx-5.1.6.RELEASE.jar:5.1.6.RELEASE]
	at org.springframework.transaction.interceptor.TransactionInterceptor.invoke(TransactionInterceptor.java:98) ~[spring-tx-5.1.6.RELEASE.jar:5.1.6.RELEASE]
	at org.springframework.aop.framework.ReflectiveMethodInvocation.proceed(ReflectiveMethodInvocation.java:186) ~[spring-aop-5.1.6.RELEASE.jar:5.1.6.RELEASE]
	at org.springframework.aop.framework.JdkDynamicAopProxy.invoke(JdkDynamicAopProxy.java:212) ~[spring-aop-5.1.6.RELEASE.jar:5.1.6.RELEASE]
	at jdk.proxy2.$Proxy144.executeInTransaction(Unknown Source) ~[?:?]
	at uk.ac.ebi.interpro.scan.jms.worker.LocalJobQueueListener.onMessage(LocalJobQueueListener.java:200) ~[interproscan-5.jar:?]
	at org.springframework.jms.listener.AbstractMessageListenerContainer.doInvokeListener(AbstractMessageListenerContainer.java:761) ~[spring-jms-5.1.6.RELEASE.jar:5.1.6.RELEASE]
	at org.springframework.jms.listener.AbstractMessageListenerContainer.invokeListener(AbstractMessageListenerContainer.java:699) ~[spring-jms-5.1.6.RELEASE.jar:5.1.6.RELEASE]
	at org.springframework.jms.listener.AbstractMessageListenerContainer.doExecuteListener(AbstractMessageListenerContainer.java:674) ~[spring-jms-5.1.6.RELEASE.jar:5.1.6.RELEASE]
	at org.springframework.jms.listener.AbstractPollingMessageListenerContainer.doReceiveAndExecute(AbstractPollingMessageListenerContainer.java:318) ~[spring-jms-5.1.6.RELEASE.jar:5.1.6.RELEASE]
	at org.springframework.jms.listener.AbstractPollingMessageListenerContainer.receiveAndExecute(AbstractPollingMessageListenerContainer.java:257) ~[spring-jms-5.1.6.RELEASE.jar:5.1.6.RELEASE]
	at org.springframework.jms.listener.DefaultMessageListenerContainer$AsyncMessageListenerInvoker.invokeListener(DefaultMessageListenerContainer.java:1189) ~[spring-jms-5.1.6.RELEASE.jar:5.1.6.RELEASE]
	at org.springframework.jms.listener.DefaultMessageListenerContainer$AsyncMessageListenerInvoker.executeOngoingLoop(DefaultMessageListenerContainer.java:1179) ~[spring-jms-5.1.6.RELEASE.jar:5.1.6.RELEASE]
	at org.springframework.jms.listener.DefaultMessageListenerContainer$AsyncMessageListenerInvoker.run(DefaultMessageListenerContainer.java:1076) ~[spring-jms-5.1.6.RELEASE.jar:5.1.6.RELEASE]
	at java.lang.Thread.run(Thread.java:1583) [?:?]
Caused by: java.io.IOException: Cannot run program "hmmpfam2": Exec failed, error: 2 (No such file or directory) 
	at java.lang.ProcessBuilder.start(ProcessBuilder.java:1170) ~[?:?]
	at java.lang.ProcessBuilder.start(ProcessBuilder.java:1089) ~[?:?]
	at uk.ac.ebi.interpro.scan.io.cli.CommandLineConversationImpl.runCommand(CommandLineConversationImpl.java:147) ~[interproscan-io-5.55-88.0.jar:?]
	at uk.ac.ebi.interpro.scan.management.model.implementations.RunBinaryStep.execute(RunBinaryStep.java:181) ~[interproscan-management-5.55-88.0.jar:?]
	... 21 more
Caused by: java.io.IOException: Exec failed, error: 2 (No such file or directory) 
	at java.lang.ProcessImpl.forkAndExec(Native Method) ~[?:?]
	at java.lang.ProcessImpl.<init>(ProcessImpl.java:295) ~[?:?]
	at java.lang.ProcessImpl.start(ProcessImpl.java:225) ~[?:?]
	at java.lang.ProcessBuilder.start(ProcessBuilder.java:1126) ~[?:?]
	at java.lang.ProcessBuilder.start(ProcessBuilder.java:1089) ~[?:?]
	at uk.ac.ebi.interpro.scan.io.cli.CommandLineConversationImpl.runCommand(CommandLineConversationImpl.java:147) ~[interproscan-io-5.55-88.0.jar:?]
	at uk.ac.ebi.interpro.scan.management.model.implementations.RunBinaryStep.execute(RunBinaryStep.java:181) ~[interproscan-management-5.55-88.0.jar:?]
	... 21 more
2026-08-19 15:31:14,181 [amqEmbeddedWorkerJmsContainer-2] [uk.ac.ebi.interpro.scan.jms.worker.LocalJobQueueListener:218] ERROR - The exception is :
2026-08-19 15:31:14,183 [amqEmbeddedWorkerJmsContainer-2] [uk.ac.ebi.interpro.scan.jms.worker.LocalJobQueueListener:222] ERROR - StepExecution with errors - stepName: stepSMARTRunBinary
2026-08-19 15:31:14,249 [main] [uk.ac.ebi.interpro.scan.jms.master.StandaloneBlackBoxMaster:176] WARN - StepInstance 83 is being re-run following a failure.
2026-08-19 15:31:16,308 [amqEmbeddedWorkerJmsContainer-8] [uk.ac.ebi.interpro.scan.management.model.implementations.RunBinaryStep:199] ERROR - Command line failed with exit code: 1
Command: hmmsearch -Z 17929 --cut_ga --cpu 1 -o /lustre10/home/tuatchenjh9703/ph/07_family_analysis/_automation_runs/interproscan_sanitized_20260819T184500JST/UGT/temp/a024_20260819_153048826_7sxk//jobPfam/000000000001_000000000080.raw.out data/pfam/34.0/pfam_a.hmm /lustre10/home/tuatchenjh9703/ph/07_family_analysis/_automation_runs/interproscan_sanitized_20260819T184500JST/UGT/temp/a024_20260819_153048826_7sxk//jobPfam/000000000001_000000000080.fasta 
Error output from binary:

Error: File existence/permissions problem in trying to open HMM file data/pfam/34.0/pfam_a.hmm.
HMM file data/pfam/34.0/pfam_a.hmm not found (nor an .h3m binary of it)


2026-08-19 15:31:16,309 [amqEmbeddedWorkerJmsContainer-8] [uk.ac.ebi.interpro.scan.jms.worker.LocalJobQueueListener:216] ERROR - Execution thrown when attempting to executeInTransaction the StepExecution.  All database activity rolled back.
java.lang.IllegalStateException: Command line failed with exit code: 1
Command: hmmsearch -Z 17929 --cut_ga --cpu 1 -o /lustre10/home/tuatchenjh9703/ph/07_family_analysis/_automation_runs/interproscan_sanitized_20260819T184500JST/UGT/temp/a024_20260819_153048826_7sxk//jobPfam/000000000001_000000000080.raw.out data/pfam/34.0/pfam_a.hmm /lustre10/home/tuatchenjh9703/ph/07_family_analysis/_automation_runs/interproscan_sanitized_20260819T184500JST/UGT/temp/a024_20260819_153048826_7sxk//jobPfam/000000000001_000000000080.fasta 
Error output from binary:

Error: File existence/permissions problem in trying to open HMM file data/pfam/34.0/pfam_a.hmm.
HMM file data/pfam/34.0/pfam_a.hmm not found (nor an .h3m binary of it)


	at uk.ac.ebi.interpro.scan.management.model.implementations.RunBinaryStep.execute(RunBinaryStep.java:201) ~[interproscan-management-5.55-88.0.jar:?]
	at uk.ac.ebi.interpro.scan.jms.activemq.StepExecutionTransactionImpl.executeInTransaction(StepExecutionTransactionImpl.java:87) ~[interproscan-5.jar:?]
	at jdk.internal.reflect.DirectMethodHandleAccessor.invoke(DirectMethodHandleAccessor.java:103) ~[?:?]
	at java.lang.reflect.Method.invoke(Method.java:580) ~[?:?]
	at org.springframework.aop.support.AopUtils.invokeJoinpointUsingReflection(AopUtils.java:343) ~[spring-aop-5.1.6.RELEASE.jar:5.1.6.RELEASE]
	at org.springframework.aop.framework.ReflectiveMethodInvocation.invokeJoinpoint(ReflectiveMethodInvocation.java:198) ~[spring-aop-5.1.6.RELEASE.jar:5.1.6.RELEASE]
	at org.springframework.aop.framework.ReflectiveMethodInvocation.proceed(ReflectiveMethodInvocation.java:163) ~[spring-aop-5.1.6.RELEASE.jar:5.1.6.RELEASE]
	at org.springframework.transaction.interceptor.TransactionAspectSupport.invokeWithinTransaction(TransactionAspectSupport.java:294) ~[spring-tx-5.1.6.RELEASE.jar:5.1.6.RELEASE]
	at org.springframework.transaction.interceptor.TransactionInterceptor.invoke(TransactionInterceptor.java:98) ~[spring-tx-5.1.6.RELEASE.jar:5.1.6.RELEASE]
	at org.springframework.aop.framework.ReflectiveMethodInvocation.proceed(ReflectiveMethodInvocation.java:186) ~[spring-aop-5.1.6.RELEASE.jar:5.1.6.RELEASE]
	at org.springframework.aop.framework.JdkDynamicAopProxy.invoke(JdkDynamicAopProxy.java:212) ~[spring-aop-5.1.6.RELEASE.jar:5.1.6.RELEASE]
	at jdk.proxy2.$Proxy144.executeInTransaction(Unknown Source) ~[?:?]
	at uk.ac.ebi.interpro.scan.jms.worker.LocalJobQueueListener.onMessage(LocalJobQueueListener.java:200) ~[interproscan-5.jar:?]
	at org.springframework.jms.listener.AbstractMessageListenerContainer.doInvokeListener(AbstractMessageListenerContainer.java:761) ~[spring-jms-5.1.6.RELEASE.jar:5.1.6.RELEASE]
	at org.springframework.jms.listener.AbstractMessageListenerContainer.invokeListener(AbstractMessageListenerContainer.java:699) ~[spring-jms-5.1.6.RELEASE.jar:5.1.6.RELEASE]
	at org.springframework.jms.listener.AbstractMessageListenerContainer.doExecuteListener(AbstractMessageListenerContainer.java:674) ~[spring-jms-5.1.6.RELEASE.jar:5.1.6.RELEASE]
	at org.springframework.jms.listener.AbstractPollingMessageListenerContainer.doReceiveAndExecute(AbstractPollingMessageListenerContainer.java:318) ~[spring-jms-5.1.6.RELEASE.jar:5.1.6.RELEASE]
	at org.springframework.jms.listener.AbstractPollingMessageListenerContainer.receiveAndExecute(AbstractPollingMessageListenerContainer.java:257) ~[spring-jms-5.1.6.RELEASE.jar:5.1.6.RELEASE]
	at org.springframework.jms.listener.DefaultMessageListenerContainer$AsyncMessageListenerInvoker.invokeListener(DefaultMessageListenerContainer.java:1189) ~[spring-jms-5.1.6.RELEASE.jar:5.1.6.RELEASE]
	at org.springframework.jms.listener.DefaultMessageListenerContainer$AsyncMessageListenerInvoker.executeOngoingLoop(DefaultMessageListenerContainer.java:1179) ~[spring-jms-5.1.6.RELEASE.jar:5.1.6.RELEASE]
	at org.springframework.jms.listener.DefaultMessageListenerContainer$AsyncMessageListenerInvoker.run(DefaultMessageListenerContainer.java:1076) ~[spring-jms-5.1.6.RELEASE.jar:5.1.6.RELEASE]
	at java.lang.Thread.run(Thread.java:1583) [?:?]
2026-08-19 15:31:16,310 [amqEmbeddedWorkerJmsContainer-8] [uk.ac.ebi.interpro.scan.jms.worker.LocalJobQueueListener:218] ERROR - The exception is :
2026-08-19 15:31:16,311 [amqEmbeddedWorkerJmsContainer-8] [uk.ac.ebi.interpro.scan.jms.worker.LocalJobQueueListener:222] ERROR - StepExecution with errors - stepName: stepPfamRunHmmer3
2026-08-19 15:31:16,324 [main] [uk.ac.ebi.interpro.scan.jms.master.StandaloneBlackBoxMaster:176] WARN - StepInstance 24 is being re-run following a failure.
19/08/2026 15:31:16:329 25% completed
2026-08-19 15:31:29,852 [amqEmbeddedWorkerJmsContainer-4] [uk.ac.ebi.interpro.scan.management.model.implementations.RunBinaryStep:199] ERROR - Command line failed with exit code: 1
Command: hmmscan -E 10 -Z 15438 --cpu 1 -o /lustre10/home/tuatchenjh9703/ph/07_family_analysis/_automation_runs/interproscan_sanitized_20260819T184500JST/UGT/temp/a024_20260819_153048826_7sxk//jobSuperFamily-1.75/000000000001_000000000080.raw.out data/superfamily/1.75/hmmlib_1.75 /lustre10/home/tuatchenjh9703/ph/07_family_analysis/_automation_runs/interproscan_sanitized_20260819T184500JST/UGT/temp/a024_20260819_153048826_7sxk//jobSuperFamily-1.75/000000000001_000000000080.fasta 
Error output from binary:

Error: File format problem, trying to open HMM file data/superfamily/1.75/hmmlib_1.75.
Opened data/superfamily/1.75/hmmlib_1.75.h3m, a pressed HMM file; but format of its .h3i file unrecognized


2026-08-19 15:31:29,852 [amqEmbeddedWorkerJmsContainer-4] [uk.ac.ebi.interpro.scan.jms.worker.LocalJobQueueListener:216] ERROR - Execution thrown when attempting to executeInTransaction the StepExecution.  All database activity rolled back.
java.lang.IllegalStateException: Command line failed with exit code: 1
Command: hmmscan -E 10 -Z 15438 --cpu 1 -o /lustre10/home/tuatchenjh9703/ph/07_family_analysis/_automation_runs/interproscan_sanitized_20260819T184500JST/UGT/temp/a024_20260819_153048826_7sxk//jobSuperFamily-1.75/000000000001_000000000080.raw.out data/superfamily/1.75/hmmlib_1.75 /lustre10/home/tuatchenjh9703/ph/07_family_analysis/_automation_runs/interproscan_sanitized_20260819T184500JST/UGT/temp/a024_20260819_153048826_7sxk//jobSuperFamily-1.75/000000000001_000000000080.fasta 
Error output from binary:

Error: File format problem, trying to open HMM file data/superfamily/1.75/hmmlib_1.75.
Opened data/superfamily/1.75/hmmlib_1.75.h3m, a pressed HMM file; but format of its .h3i file unrecognized


	at uk.ac.ebi.interpro.scan.management.model.implementations.RunBinaryStep.execute(RunBinaryStep.java:201) ~[interproscan-management-5.55-88.0.jar:?]
	at uk.ac.ebi.interpro.scan.jms.activemq.StepExecutionTransactionImpl.executeInTransaction(StepExecutionTransactionImpl.java:87) ~[interproscan-5.jar:?]
	at jdk.internal.reflect.DirectMethodHandleAccessor.invoke(DirectMethodHandleAccessor.java:103) ~[?:?]
	at java.lang.reflect.Method.invoke(Method.java:580) ~[?:?]
	at org.springframework.aop.support.AopUtils.invokeJoinpointUsingReflection(AopUtils.java:343) ~[spring-aop-5.1.6.RELEASE.jar:5.1.6.RELEASE]
	at org.springframework.aop.framework.ReflectiveMethodInvocation.invokeJoinpoint(ReflectiveMethodInvocation.java:198) ~[spring-aop-5.1.6.RELEASE.jar:5.1.6.RELEASE]
	at org.springframework.aop.framework.ReflectiveMethodInvocation.proceed(ReflectiveMethodInvocation.java:163) ~[spring-aop-5.1.6.RELEASE.jar:5.1.6.RELEASE]
	at org.springframework.transaction.interceptor.TransactionAspectSupport.invokeWithinTransaction(TransactionAspectSupport.java:294) ~[spring-tx-5.1.6.RELEASE.jar:5.1.6.RELEASE]
	at org.springframework.transaction.interceptor.TransactionInterceptor.invoke(TransactionInterceptor.java:98) ~[spring-tx-5.1.6.RELEASE.jar:5.1.6.RELEASE]
	at org.springframework.aop.framework.ReflectiveMethodInvocation.proceed(ReflectiveMethodInvocation.java:186) ~[spring-aop-5.1.6.RELEASE.jar:5.1.6.RELEASE]
	at org.springframework.aop.framework.JdkDynamicAopProxy.invoke(JdkDynamicAopProxy.java:212) ~[spring-aop-5.1.6.RELEASE.jar:5.1.6.RELEASE]
	at jdk.proxy2.$Proxy144.executeInTransaction(Unknown Source) ~[?:?]
	at uk.ac.ebi.interpro.scan.jms.worker.LocalJobQueueListener.onMessage(LocalJobQueueListener.java:200) ~[interproscan-5.jar:?]
	at org.springframework.jms.listener.AbstractMessageListenerContainer.doInvokeListener(AbstractMessageListenerContainer.java:761) ~[spring-jms-5.1.6.RELEASE.jar:5.1.6.RELEASE]
	at org.springframework.jms.listener.AbstractMessageListenerContainer.invokeListener(AbstractMessageListenerContainer.java:699) ~[spring-jms-5.1.6.RELEASE.jar:5.1.6.RELEASE]
	at org.springframework.jms.listener.AbstractMessageListenerContainer.doExecuteListener(AbstractMessageListenerContainer.java:674) ~[spring-jms-5.1.6.RELEASE.jar:5.1.6.RELEASE]
	at org.springframework.jms.listener.AbstractPollingMessageListenerContainer.doReceiveAndExecute(AbstractPollingMessageListenerContainer.java:318) ~[spring-jms-5.1.6.RELEASE.jar:5.1.6.RELEASE]
	at org.springframework.jms.listener.AbstractPollingMessageListenerContainer.receiveAndExecute(AbstractPollingMessageListenerContainer.java:257) ~[spring-jms-5.1.6.RELEASE.jar:5.1.6.RELEASE]
	at org.springframework.jms.listener.DefaultMessageListenerContainer$AsyncMessageListenerInvoker.invokeListener(DefaultMessageListenerContainer.java:1189) ~[spring-jms-5.1.6.RELEASE.jar:5.1.6.RELEASE]
	at org.springframework.jms.listener.DefaultMessageListenerContainer$AsyncMessageListenerInvoker.executeOngoingLoop(DefaultMessageListenerContainer.java:1179) ~[spring-jms-5.1.6.RELEASE.jar:5.1.6.RELEASE]
	at org.springframework.jms.listener.DefaultMessageListenerContainer$AsyncMessageListenerInvoker.run(DefaultMessageListenerContainer.java:1076) ~[spring-jms-5.1.6.RELEASE.jar:5.1.6.RELEASE]
	at java.lang.Thread.run(Thread.java:1583) [?:?]
2026-08-19 15:31:29,852 [amqEmbeddedWorkerJmsContainer-4] [uk.ac.ebi.interpro.scan.jms.worker.LocalJobQueueListener:218] ERROR - The exception is :
2026-08-19 15:31:29,853 [amqEmbeddedWorkerJmsContainer-4] [uk.ac.ebi.interpro.scan.jms.worker.LocalJobQueueListener:222] ERROR - StepExecution with errors - stepName: stepSuperFamilyRunHmmer3-1.75
2026-08-19 15:31:29,946 [main] [uk.ac.ebi.interpro.scan.jms.master.StandaloneBlackBoxMaster:176] WARN - StepInstance 76 is being re-run following a failure.
2026-08-19 15:31:32,357 [amqEmbeddedWorkerJmsContainer-1] [uk.ac.ebi.interpro.scan.management.model.implementations.RunBinaryStep:199] ERROR - Command line failed with exit code: 1
Command: hmmsearch -Z 17929 --cut_ga --cpu 1 -o /lustre10/home/tuatchenjh9703/ph/07_family_analysis/_automation_runs/interproscan_sanitized_20260819T184500JST/UGT/temp/a024_20260819_153048826_7sxk//jobPfam/000000000001_000000000080.raw.out data/pfam/34.0/pfam_a.hmm /lustre10/home/tuatchenjh9703/ph/07_family_analysis/_automation_runs/interproscan_sanitized_20260819T184500JST/UGT/temp/a024_20260819_153048826_7sxk//jobPfam/000000000001_000000000080.fasta 
Error output from binary:

Error: File existence/permissions problem in trying to open HMM file data/pfam/34.0/pfam_a.hmm.
HMM file data/pfam/34.0/pfam_a.hmm not found (nor an .h3m binary of it)


2026-08-19 15:31:32,358 [amqEmbeddedWorkerJmsContainer-1] [uk.ac.ebi.interpro.scan.jms.worker.LocalJobQueueListener:216] ERROR - Execution thrown when attempting to executeInTransaction the StepExecution.  All database activity rolled back.
java.lang.IllegalStateException: Command line failed with exit code: 1
Command: hmmsearch -Z 17929 --cut_ga --cpu 1 -o /lustre10/home/tuatchenjh9703/ph/07_family_analysis/_automation_runs/interproscan_sanitized_20260819T184500JST/UGT/temp/a024_20260819_153048826_7sxk//jobPfam/000000000001_000000000080.raw.out data/pfam/34.0/pfam_a.hmm /lustre10/home/tuatchenjh9703/ph/07_family_analysis/_automation_runs/interproscan_sanitized_20260819T184500JST/UGT/temp/a024_20260819_153048826_7sxk//jobPfam/000000000001_000000000080.fasta 
Error output from binary:

Error: File existence/permissions problem in trying to open HMM file data/pfam/34.0/pfam_a.hmm.
HMM file data/pfam/34.0/pfam_a.hmm not found (nor an .h3m binary of it)


	at uk.ac.ebi.interpro.scan.management.model.implementations.RunBinaryStep.execute(RunBinaryStep.java:201) ~[interproscan-management-5.55-88.0.jar:?]
	at uk.ac.ebi.interpro.scan.jms.activemq.StepExecutionTransactionImpl.executeInTransaction(StepExecutionTransactionImpl.java:87) ~[interproscan-5.jar:?]
	at jdk.internal.reflect.DirectMethodHandleAccessor.invoke(DirectMethodHandleAccessor.java:103) ~[?:?]
	at java.lang.reflect.Method.invoke(Method.java:580) ~[?:?]
	at org.springframework.aop.support.AopUtils.invokeJoinpointUsingReflection(AopUtils.java:343) ~[spring-aop-5.1.6.RELEASE.jar:5.1.6.RELEASE]
	at org.springframework.aop.framework.ReflectiveMethodInvocation.invokeJoinpoint(ReflectiveMethodInvocation.java:198) ~[spring-aop-5.1.6.RELEASE.jar:5.1.6.RELEASE]
	at org.springframework.aop.framework.ReflectiveMethodInvocation.proceed(ReflectiveMethodInvocation.java:163) ~[spring-aop-5.1.6.RELEASE.jar:5.1.6.RELEASE]
	at org.springframework.transaction.interceptor.TransactionAspectSupport.invokeWithinTransaction(TransactionAspectSupport.java:294) ~[spring-tx-5.1.6.RELEASE.jar:5.1.6.RELEASE]
	at org.springframework.transaction.interceptor.TransactionInterceptor.invoke(TransactionInterceptor.java:98) ~[spring-tx-5.1.6.RELEASE.jar:5.1.6.RELEASE]
	at org.springframework.aop.framework.ReflectiveMethodInvocation.proceed(ReflectiveMethodInvocation.java:186) ~[spring-aop-5.1.6.RELEASE.jar:5.1.6.RELEASE]
	at org.springframework.aop.framework.JdkDynamicAopProxy.invoke(JdkDynamicAopProxy.java:212) ~[spring-aop-5.1.6.RELEASE.jar:5.1.6.RELEASE]
	at jdk.proxy2.$Proxy144.executeInTransaction(Unknown Source) ~[?:?]
	at uk.ac.ebi.interpro.scan.jms.worker.LocalJobQueueListener.onMessage(LocalJobQueueListener.java:200) ~[interproscan-5.jar:?]
	at org.springframework.jms.listener.AbstractMessageListenerContainer.doInvokeListener(AbstractMessageListenerContainer.java:761) ~[spring-jms-5.1.6.RELEASE.jar:5.1.6.RELEASE]
	at org.springframework.jms.listener.AbstractMessageListenerContainer.invokeListener(AbstractMessageListenerContainer.java:699) ~[spring-jms-5.1.6.RELEASE.jar:5.1.6.RELEASE]
	at org.springframework.jms.listener.AbstractMessageListenerContainer.doExecuteListener(AbstractMessageListenerContainer.java:674) ~[spring-jms-5.1.6.RELEASE.jar:5.1.6.RELEASE]
	at org.springframework.jms.listener.AbstractPollingMessageListenerContainer.doReceiveAndExecute(AbstractPollingMessageListenerContainer.java:318) ~[spring-jms-5.1.6.RELEASE.jar:5.1.6.RELEASE]
	at org.springframework.jms.listener.AbstractPollingMessageListenerContainer.receiveAndExecute(AbstractPollingMessageListenerContainer.java:257) ~[spring-jms-5.1.6.RELEASE.jar:5.1.6.RELEASE]
	at org.springframework.jms.listener.DefaultMessageListenerContainer$AsyncMessageListenerInvoker.invokeListener(DefaultMessageListenerContainer.java:1189) ~[spring-jms-5.1.6.RELEASE.jar:5.1.6.RELEASE]
	at org.springframework.jms.listener.DefaultMessageListenerContainer$AsyncMessageListenerInvoker.executeOngoingLoop(DefaultMessageListenerContainer.java:1179) ~[spring-jms-5.1.6.RELEASE.jar:5.1.6.RELEASE]
	at org.springframework.jms.listener.DefaultMessageListenerContainer$AsyncMessageListenerInvoker.run(DefaultMessageListenerContainer.java:1076) ~[spring-jms-5.1.6.RELEASE.jar:5.1.6.RELEASE]
	at java.lang.Thread.run(Thread.java:1583) [?:?]
2026-08-19 15:31:32,358 [amqEmbeddedWorkerJmsContainer-1] [uk.ac.ebi.interpro.scan.jms.worker.LocalJobQueueListener:218] ERROR - The exception is :
2026-08-19 15:31:32,359 [amqEmbeddedWorkerJmsContainer-1] [uk.ac.ebi.interpro.scan.jms.worker.LocalJobQueueListener:222] ERROR - StepExecution with errors - stepName: stepPfamRunHmmer3
2026-08-19 15:31:32,392 [main] [uk.ac.ebi.interpro.scan.jms.master.StandaloneBlackBoxMaster:176] WARN - StepInstance 24 is being re-run following a failure.
2026-08-19 15:31:37,405 [amqEmbeddedWorkerJmsContainer-8] [uk.ac.ebi.interpro.scan.management.model.implementations.RunBinaryStep:199] ERROR - Command line failed with exit code: 1
Command: hmmsearch -Z 17929 --cut_ga --cpu 1 -o /lustre10/home/tuatchenjh9703/ph/07_family_analysis/_automation_runs/interproscan_sanitized_20260819T184500JST/UGT/temp/a024_20260819_153048826_7sxk//jobPfam/000000000001_000000000080.raw.out data/pfam/34.0/pfam_a.hmm /lustre10/home/tuatchenjh9703/ph/07_family_analysis/_automation_runs/interproscan_sanitized_20260819T184500JST/UGT/temp/a024_20260819_153048826_7sxk//jobPfam/000000000001_000000000080.fasta 
Error output from binary:

Error: File existence/permissions problem in trying to open HMM file data/pfam/34.0/pfam_a.hmm.
HMM file data/pfam/34.0/pfam_a.hmm not found (nor an .h3m binary of it)


2026-08-19 15:31:37,406 [amqEmbeddedWorkerJmsContainer-8] [uk.ac.ebi.interpro.scan.jms.worker.LocalJobQueueListener:216] ERROR - Execution thrown when attempting to executeInTransaction the StepExecution.  All database activity rolled back.
java.lang.IllegalStateException: Command line failed with exit code: 1
Command: hmmsearch -Z 17929 --cut_ga --cpu 1 -o /lustre10/home/tuatchenjh9703/ph/07_family_analysis/_automation_runs/interproscan_sanitized_20260819T184500JST/UGT/temp/a024_20260819_153048826_7sxk//jobPfam/000000000001_000000000080.raw.out data/pfam/34.0/pfam_a.hmm /lustre10/home/tuatchenjh9703/ph/07_family_analysis/_automation_runs/interproscan_sanitized_20260819T184500JST/UGT/temp/a024_20260819_153048826_7sxk//jobPfam/000000000001_000000000080.fasta 
Error output from binary:

Error: File existence/permissions problem in trying to open HMM file data/pfam/34.0/pfam_a.hmm.
HMM file data/pfam/34.0/pfam_a.hmm not found (nor an .h3m binary of it)


	at uk.ac.ebi.interpro.scan.management.model.implementations.RunBinaryStep.execute(RunBinaryStep.java:201) ~[interproscan-management-5.55-88.0.jar:?]
	at uk.ac.ebi.interpro.scan.jms.activemq.StepExecutionTransactionImpl.executeInTransaction(StepExecutionTransactionImpl.java:87) ~[interproscan-5.jar:?]
	at jdk.internal.reflect.DirectMethodHandleAccessor.invoke(DirectMethodHandleAccessor.java:103) ~[?:?]
	at java.lang.reflect.Method.invoke(Method.java:580) ~[?:?]
	at org.springframework.aop.support.AopUtils.invokeJoinpointUsingReflection(AopUtils.java:343) ~[spring-aop-5.1.6.RELEASE.jar:5.1.6.RELEASE]
	at org.springframework.aop.framework.ReflectiveMethodInvocation.invokeJoinpoint(ReflectiveMethodInvocation.java:198) ~[spring-aop-5.1.6.RELEASE.jar:5.1.6.RELEASE]
	at org.springframework.aop.framework.ReflectiveMethodInvocation.proceed(ReflectiveMethodInvocation.java:163) ~[spring-aop-5.1.6.RELEASE.jar:5.1.6.RELEASE]
	at org.springframework.transaction.interceptor.TransactionAspectSupport.invokeWithinTransaction(TransactionAspectSupport.java:294) ~[spring-tx-5.1.6.RELEASE.jar:5.1.6.RELEASE]
	at org.springframework.transaction.interceptor.TransactionInterceptor.invoke(TransactionInterceptor.java:98) ~[spring-tx-5.1.6.RELEASE.jar:5.1.6.RELEASE]
	at org.springframework.aop.framework.ReflectiveMethodInvocation.proceed(ReflectiveMethodInvocation.java:186) ~[spring-aop-5.1.6.RELEASE.jar:5.1.6.RELEASE]
	at org.springframework.aop.framework.JdkDynamicAopProxy.invoke(JdkDynamicAopProxy.java:212) ~[spring-aop-5.1.6.RELEASE.jar:5.1.6.RELEASE]
	at jdk.proxy2.$Proxy144.executeInTransaction(Unknown Source) ~[?:?]
	at uk.ac.ebi.interpro.scan.jms.worker.LocalJobQueueListener.onMessage(LocalJobQueueListener.java:200) ~[interproscan-5.jar:?]
	at org.springframework.jms.listener.AbstractMessageListenerContainer.doInvokeListener(AbstractMessageListenerContainer.java:761) ~[spring-jms-5.1.6.RELEASE.jar:5.1.6.RELEASE]
	at org.springframework.jms.listener.AbstractMessageListenerContainer.invokeListener(AbstractMessageListenerContainer.java:699) ~[spring-jms-5.1.6.RELEASE.jar:5.1.6.RELEASE]
	at org.springframework.jms.listener.AbstractMessageListenerContainer.doExecuteListener(AbstractMessageListenerContainer.java:674) ~[spring-jms-5.1.6.RELEASE.jar:5.1.6.RELEASE]
	at org.springframework.jms.listener.AbstractPollingMessageListenerContainer.doReceiveAndExecute(AbstractPollingMessageListenerContainer.java:318) ~[spring-jms-5.1.6.RELEASE.jar:5.1.6.RELEASE]
	at org.springframework.jms.listener.AbstractPollingMessageListenerContainer.receiveAndExecute(AbstractPollingMessageListenerContainer.java:257) ~[spring-jms-5.1.6.RELEASE.jar:5.1.6.RELEASE]
	at org.springframework.jms.listener.DefaultMessageListenerContainer$AsyncMessageListenerInvoker.invokeListener(DefaultMessageListenerContainer.java:1189) ~[spring-jms-5.1.6.RELEASE.jar:5.1.6.RELEASE]
	at org.springframework.jms.listener.DefaultMessageListenerContainer$AsyncMessageListenerInvoker.executeOngoingLoop(DefaultMessageListenerContainer.java:1179) ~[spring-jms-5.1.6.RELEASE.jar:5.1.6.RELEASE]
	at org.springframework.jms.listener.DefaultMessageListenerContainer$AsyncMessageListenerInvoker.run(DefaultMessageListenerContainer.java:1076) ~[spring-jms-5.1.6.RELEASE.jar:5.1.6.RELEASE]
	at java.lang.Thread.run(Thread.java:1583) [?:?]
2026-08-19 15:31:37,406 [amqEmbeddedWorkerJmsContainer-8] [uk.ac.ebi.interpro.scan.jms.worker.LocalJobQueueListener:218] ERROR - The exception is :
2026-08-19 15:31:37,407 [amqEmbeddedWorkerJmsContainer-8] [uk.ac.ebi.interpro.scan.jms.worker.LocalJobQueueListener:222] ERROR - StepExecution with errors - stepName: stepPfamRunHmmer3
2026-08-19 15:31:37,487 [main] [uk.ac.ebi.interpro.scan.jms.activemq.NonZeroExitOnUnrecoverableError:25] FATAL - Analysis step 24 : Run HMMER 3 Binary for selected proteins for proteins 1 to 80 has failed irretrievably.  Available StackTraces follow.
2026-08-19 15:31:37,488 [main] [uk.ac.ebi.interpro.scan.jms.activemq.NonZeroExitOnUnrecoverableError:42] FATAL - The JVM will now exit with a non-zero exit status.
2026-08-19 15:31:37,488 [main] [uk.ac.ebi.interpro.scan.jms.master.StandaloneBlackBoxMaster:349] ERROR - Exception thrown by StandaloneBlackBoxMaster: 
java.lang.IllegalStateException: InterProScan exiting with non-zero status, see logs for further information.
	at uk.ac.ebi.interpro.scan.jms.activemq.NonZeroExitOnUnrecoverableError.failed(NonZeroExitOnUnrecoverableError.java:43) ~[interproscan-5.jar:?]
	at uk.ac.ebi.interpro.scan.jms.master.StandaloneBlackBoxMaster.run(StandaloneBlackBoxMaster.java:167) [interproscan-5.jar:?]
	at uk.ac.ebi.interpro.scan.jms.main.Run.main(Run.java:495) [interproscan-5.jar:?]
2026-08-19 15:31:37,796 [amqEmbeddedWorkerJmsContainer-2] [uk.ac.ebi.interpro.scan.management.model.implementations.RunBinaryStep:199] ERROR - Command line failed with exit code: 1
Command: hmmscan -E 10 -Z 15438 --cpu 1 -o /lustre10/home/tuatchenjh9703/ph/07_family_analysis/_automation_runs/interproscan_sanitized_20260819T184500JST/UGT/temp/a024_20260819_153048826_7sxk//jobSuperFamily-1.75/000000000001_000000000080.raw.out data/superfamily/1.75/hmmlib_1.75 /lustre10/home/tuatchenjh9703/ph/07_family_analysis/_automation_runs/interproscan_sanitized_20260819T184500JST/UGT/temp/a024_20260819_153048826_7sxk//jobSuperFamily-1.75/000000000001_000000000080.fasta 
Error output from binary:

Error: Failed to open binary auxfiles for data/superfamily/1.75/hmmlib_1.75: use hmmpress first


2026-08-19 15:31:37,797 [amqEmbeddedWorkerJmsContainer-2] [uk.ac.ebi.interpro.scan.jms.worker.LocalJobQueueListener:216] ERROR - Execution thrown when attempting to executeInTransaction the StepExecution.  All database activity rolled back.
java.lang.IllegalStateException: Command line failed with exit code: 1
Command: hmmscan -E 10 -Z 15438 --cpu 1 -o /lustre10/home/tuatchenjh9703/ph/07_family_analysis/_automation_runs/interproscan_sanitized_20260819T184500JST/UGT/temp/a024_20260819_153048826_7sxk//jobSuperFamily-1.75/000000000001_000000000080.raw.out data/superfamily/1.75/hmmlib_1.75 /lustre10/home/tuatchenjh9703/ph/07_family_analysis/_automation_runs/interproscan_sanitized_20260819T184500JST/UGT/temp/a024_20260819_153048826_7sxk//jobSuperFamily-1.75/000000000001_000000000080.fasta 
Error output from binary:

Error: Failed to open binary auxfiles for data/superfamily/1.75/hmmlib_1.75: use hmmpress first


	at uk.ac.ebi.interpro.scan.management.model.implementations.RunBinaryStep.execute(RunBinaryStep.java:201) ~[interproscan-management-5.55-88.0.jar:?]
	at uk.ac.ebi.interpro.scan.jms.activemq.StepExecutionTransactionImpl.executeInTransaction(StepExecutionTransactionImpl.java:87) ~[interproscan-5.jar:?]
	at jdk.internal.reflect.DirectMethodHandleAccessor.invoke(DirectMethodHandleAccessor.java:103) ~[?:?]
	at java.lang.reflect.Method.invoke(Method.java:580) ~[?:?]
	at org.springframework.aop.support.AopUtils.invokeJoinpointUsingReflection(AopUtils.java:343) ~[spring-aop-5.1.6.RELEASE.jar:5.1.6.RELEASE]
	at org.springframework.aop.framework.ReflectiveMethodInvocation.invokeJoinpoint(ReflectiveMethodInvocation.java:198) ~[spring-aop-5.1.6.RELEASE.jar:5.1.6.RELEASE]
	at org.springframework.aop.framework.ReflectiveMethodInvocation.proceed(ReflectiveMethodInvocation.java:163) ~[spring-aop-5.1.6.RELEASE.jar:5.1.6.RELEASE]
	at org.springframework.transaction.interceptor.TransactionAspectSupport.invokeWithinTransaction(TransactionAspectSupport.java:294) ~[spring-tx-5.1.6.RELEASE.jar:5.1.6.RELEASE]
	at org.springframework.transaction.interceptor.TransactionInterceptor.invoke(TransactionInterceptor.java:98) ~[spring-tx-5.1.6.RELEASE.jar:5.1.6.RELEASE]
	at org.springframework.aop.framework.ReflectiveMethodInvocation.proceed(ReflectiveMethodInvocation.java:186) ~[spring-aop-5.1.6.RELEASE.jar:5.1.6.RELEASE]
	at org.springframework.aop.framework.JdkDynamicAopProxy.invoke(JdkDynamicAopProxy.java:212) ~[spring-aop-5.1.6.RELEASE.jar:5.1.6.RELEASE]
	at jdk.proxy2.$Proxy144.executeInTransaction(Unknown Source) ~[?:?]
	at uk.ac.ebi.interpro.scan.jms.worker.LocalJobQueueListener.onMessage(LocalJobQueueListener.java:200) ~[interproscan-5.jar:?]
	at org.springframework.jms.listener.AbstractMessageListenerContainer.doInvokeListener(AbstractMessageListenerContainer.java:761) ~[spring-jms-5.1.6.RELEASE.jar:5.1.6.RELEASE]
	at org.springframework.jms.listener.AbstractMessageListenerContainer.invokeListener(AbstractMessageListenerContainer.java:699) ~[spring-jms-5.1.6.RELEASE.jar:5.1.6.RELEASE]
	at org.springframework.jms.listener.AbstractMessageListenerContainer.doExecuteListener(AbstractMessageListenerContainer.java:674) ~[spring-jms-5.1.6.RELEASE.jar:5.1.6.RELEASE]
	at org.springframework.jms.listener.AbstractPollingMessageListenerContainer.doReceiveAndExecute(AbstractPollingMessageListenerContainer.java:318) ~[spring-jms-5.1.6.RELEASE.jar:5.1.6.RELEASE]
	at org.springframework.jms.listener.AbstractPollingMessageListenerContainer.receiveAndExecute(AbstractPollingMessageListenerContainer.java:257) ~[spring-jms-5.1.6.RELEASE.jar:5.1.6.RELEASE]
	at org.springframework.jms.listener.DefaultMessageListenerContainer$AsyncMessageListenerInvoker.invokeListener(DefaultMessageListenerContainer.java:1189) ~[spring-jms-5.1.6.RELEASE.jar:5.1.6.RELEASE]
	at org.springframework.jms.listener.DefaultMessageListenerContainer$AsyncMessageListenerInvoker.executeOngoingLoop(DefaultMessageListenerContainer.java:1179) ~[spring-jms-5.1.6.RELEASE.jar:5.1.6.RELEASE]
	at org.springframework.jms.listener.DefaultMessageListenerContainer$AsyncMessageListenerInvoker.run(DefaultMessageListenerContainer.java:1076) ~[spring-jms-5.1.6.RELEASE.jar:5.1.6.RELEASE]
	at java.lang.Thread.run(Thread.java:1583) [?:?]
2026-08-19 15:31:37,798 [amqEmbeddedWorkerJmsContainer-2] [uk.ac.ebi.interpro.scan.jms.worker.LocalJobQueueListener:218] ERROR - The exception is :
2026-08-19 15:31:37,799 [amqEmbeddedWorkerJmsContainer-2] [uk.ac.ebi.interpro.scan.jms.worker.LocalJobQueueListener:222] ERROR - StepExecution with errors - stepName: stepSuperFamilyRunHmmer3-1.75
