diamond v2.1.13.167 (C) Max Planck Society for the Advancement of Science, Benjamin Buchfink, University of Tuebingen
Documentation, support and updates available at http://www.diamondsearch.org
Please cite: http://dx.doi.org/10.1038/s41592-021-01101-x Nature Methods (2021)

#CPU threads: 16
Scoring parameters: (Matrix=BLOSUM62 Lambda=0.267 K=0.041 Penalties=11/1)
Temporary directory: /lustre10/home/tuatchenjh9703/ph/07_family_analysis/_automation_runs/proteome_swissprot_top5_20260821T183000JST
#Target sequences to report alignments for: 5
Opening the database...  [0.257s]
Database: /lustre10/home/tuatchenjh9703/ph/db/uniprot/uniprot_sprot.dmnd (type: Diamond database, sequences: 573661, letters: 207922125)
Block size = 2000000000
Opening the input file...  [0.004s]
Opening the output file...  [0s]
Loading query sequences...  [0.054s]
Masking queries...  [0.052s]
Algorithm: Double-indexed
Building query histograms...  [0.127s]
Seeking in database...  [0s]
Loading reference sequences...  [0.822s]
Masking reference...  [0.849s]
Initializing temporary storage...  [0.008s]
Building reference histograms...  [3.196s]
Allocating buffers...  [0.022s]
Processing query block 1, reference block 1/1, shape 1/16, index chunk 1/4.
Building reference seed array...  [0.39s]
Building query seed array...  [0.011s]
Computing hash join...  [0.066s]
Masking low complexity seeds...  [0.007s]
Searching alignments...  [0.275s]
Deallocating memory...  [0s]
Processing query block 1, reference block 1/1, shape 1/16, index chunk 2/4.
Building reference seed array...  [0.395s]
Building query seed array...  [0.017s]
Computing hash join...  [0.073s]
Masking low complexity seeds...  [0.008s]
Searching alignments...  [0.112s]
Deallocating memory...  [0s]
Processing query block 1, reference block 1/1, shape 1/16, index chunk 3/4.
Building reference seed array...  [0.391s]
Building query seed array...  [0.014s]
Computing hash join...  [0.067s]
Masking low complexity seeds...  [0.007s]
Searching alignments...  [0.089s]
Deallocating memory...  [0s]
Processing query block 1, reference block 1/1, shape 1/16, index chunk 4/4.
Building reference seed array...  [0.35s]
Building query seed array...  [0.013s]
Computing hash join...  [0.063s]
Masking low complexity seeds...  [0.007s]
Searching alignments...  [0.092s]
Deallocating memory...  [0s]
Processing query block 1, reference block 1/1, shape 2/16, index chunk 1/4.
Building reference seed array...  [0.333s]
Building query seed array...  [0.013s]
Computing hash join...  [0.062s]
Masking low complexity seeds...  [0.007s]
Searching alignments...  [0.093s]
Deallocating memory...  [0s]
Processing query block 1, reference block 1/1, shape 2/16, index chunk 2/4.
Building reference seed array...  [0.435s]
Building query seed array...  [0.015s]
Computing hash join...  [0.072s]
Masking low complexity seeds...  [0.008s]
Searching alignments...  [0.094s]
Deallocating memory...  [0s]
Processing query block 1, reference block 1/1, shape 2/16, index chunk 3/4.
Building reference seed array...  [0.374s]
Building query seed array...  [0.014s]
Computing hash join...  [0.067s]
Masking low complexity seeds...  [0.007s]
Searching alignments...  [0.09s]
Deallocating memory...  [0s]
Processing query block 1, reference block 1/1, shape 2/16, index chunk 4/4.
Building reference seed array...  [0.303s]
Building query seed array...  [0.013s]
Computing hash join...  [0.068s]
Masking low complexity seeds...  [0.006s]
Searching alignments...  [0.076s]
Deallocating memory...  [0s]
Processing query block 1, reference block 1/1, shape 3/16, index chunk 1/4.
Building reference seed array...  [0.377s]
Building query seed array...  [0.011s]
Computing hash join...  [0.068s]
Masking low complexity seeds...  [0.007s]
Searching alignments...  [0.096s]
Deallocating memory...  [0s]
Processing query block 1, reference block 1/1, shape 3/16, index chunk 2/4.
Building reference seed array...  [0.368s]
Building query seed array...  [0.016s]
Computing hash join...  [0.066s]
Masking low complexity seeds...  [0.007s]
Searching alignments...  [0.097s]
Deallocating memory...  [0s]
Processing query block 1, reference block 1/1, shape 3/16, index chunk 3/4.
Building reference seed array...  [0.409s]
Building query seed array...  [0.015s]
Computing hash join...  [0.074s]
Masking low complexity seeds...  [0.007s]
Searching alignments...  [0.093s]
Deallocating memory...  [0s]
Processing query block 1, reference block 1/1, shape 3/16, index chunk 4/4.
Building reference seed array...  [0.324s]
Building query seed array...  [0.012s]
Computing hash join...  [0.073s]
Masking low complexity seeds...  [0.007s]
Searching alignments...  [0.102s]
Deallocating memory...  [0s]
Processing query block 1, reference block 1/1, shape 4/16, index chunk 1/4.
Building reference seed array...  [0.344s]
Building query seed array...  [0.012s]
Computing hash join...  [0.071s]
Masking low complexity seeds...  [0.007s]
Searching alignments...  [0.093s]
Deallocating memory...  [0s]
Processing query block 1, reference block 1/1, shape 4/16, index chunk 2/4.
Building reference seed array...  [0.427s]
Building query seed array...  [0.017s]
Computing hash join...  [0.071s]
Masking low complexity seeds...  [0.008s]
Searching alignments...  [0.084s]
Deallocating memory...  [0s]
Processing query block 1, reference block 1/1, shape 4/16, index chunk 3/4.
Building reference seed array...  [0.431s]
Building query seed array...  [0.016s]
Computing hash join...  [0.068s]
Masking low complexity seeds...  [0.007s]
Searching alignments...  [0.089s]
Deallocating memory...  [0s]
Processing query block 1, reference block 1/1, shape 4/16, index chunk 4/4.
Building reference seed array...  [0.452s]
Building query seed array...  [0.02s]
Computing hash join...  [0.078s]
Masking low complexity seeds...  [0.007s]
Searching alignments...  [0.092s]
Deallocating memory...  [0s]
Processing query block 1, reference block 1/1, shape 5/16, index chunk 1/4.
Building reference seed array...  [0.361s]
Building query seed array...  [0.012s]
Computing hash join...  [0.069s]
Masking low complexity seeds...  [0.007s]
Searching alignments...  [0.094s]
Deallocating memory...  [0s]
Processing query block 1, reference block 1/1, shape 5/16, index chunk 2/4.
Building reference seed array...  [0.396s]
Building query seed array...  [0.022s]
Computing hash join...  [0.11s]
Masking low complexity seeds...  [0.012s]
Searching alignments...  [0.131s]
Deallocating memory...  [0s]
Processing query block 1, reference block 1/1, shape 5/16, index chunk 3/4.
Building reference seed array...  [0.391s]
Building query seed array...  [0.021s]
Computing hash join...  [0.079s]
Masking low complexity seeds...  [0.008s]
Searching alignments...  [0.085s]
Deallocating memory...  [0s]
Processing query block 1, reference block 1/1, shape 5/16, index chunk 4/4.
Building reference seed array...  [0.478s]
Building query seed array...  [0.022s]
Computing hash join...  [0.085s]
Masking low complexity seeds...  [0.006s]
Searching alignments...  [0.101s]
Deallocating memory...  [0s]
Processing query block 1, reference block 1/1, shape 6/16, index chunk 1/4.
Building reference seed array...  [0.565s]
Building query seed array...  [0.012s]
Computing hash join...  [0.089s]
Masking low complexity seeds...  [0.012s]
Searching alignments...  [0.137s]
Deallocating memory...  [0s]
Processing query block 1, reference block 1/1, shape 6/16, index chunk 2/4.
Building reference seed array...  [0.375s]
Building query seed array...  [0.014s]
Computing hash join...  [0.087s]
Masking low complexity seeds...  [0.012s]
Searching alignments...  [0.144s]
Deallocating memory...  [0s]
Processing query block 1, reference block 1/1, shape 6/16, index chunk 3/4.
Building reference seed array...  [0.413s]
Building query seed array...  [0.015s]
Computing hash join...  [0.088s]
Masking low complexity seeds...  [0.008s]
Searching alignments...  [0.113s]
Deallocating memory...  [0s]
Processing query block 1, reference block 1/1, shape 6/16, index chunk 4/4.
Building reference seed array...  [0.37s]
Building query seed array...  [0.013s]
Computing hash join...  [0.066s]
Masking low complexity seeds...  [0.012s]
Searching alignments...  [0.09s]
Deallocating memory...  [0s]
Processing query block 1, reference block 1/1, shape 7/16, index chunk 1/4.
Building reference seed array...  [0.394s]
Building query seed array...  [0.017s]
Computing hash join...  [0.095s]
Masking low complexity seeds...  [0.012s]
Searching alignments...  [0.128s]
Deallocating memory...  [0s]
Processing query block 1, reference block 1/1, shape 7/16, index chunk 2/4.
Building reference seed array...  [0.538s]
Building query seed array...  [0.014s]
Computing hash join...  [0.084s]
Masking low complexity seeds...  [0.012s]
Searching alignments...  [0.173s]
Deallocating memory...  [0s]
Processing query block 1, reference block 1/1, shape 7/16, index chunk 3/4.
Building reference seed array...  [0.549s]
Building query seed array...  [0.014s]
Computing hash join...  [0.074s]
Masking low complexity seeds...  [0.008s]
Searching alignments...  [0.114s]
Deallocating memory...  [0s]
Processing query block 1, reference block 1/1, shape 7/16, index chunk 4/4.
Building reference seed array...  [0.384s]
Building query seed array...  [0.022s]
Computing hash join...  [0.063s]
Masking low complexity seeds...  [0.008s]
Searching alignments...  [0.12s]
Deallocating memory...  [0s]
Processing query block 1, reference block 1/1, shape 8/16, index chunk 1/4.
Building reference seed array...  [0.418s]
Building query seed array...  [0.012s]
Computing hash join...  [0.078s]
Masking low complexity seeds...  [0.008s]
Searching alignments...  [0.099s]
Deallocating memory...  [0s]
Processing query block 1, reference block 1/1, shape 8/16, index chunk 2/4.
Building reference seed array...  [0.351s]
Building query seed array...  [0.013s]
Computing hash join...  [0.126s]
Masking low complexity seeds...  [0.011s]
Searching alignments...  [0.132s]
Deallocating memory...  [0s]
Processing query block 1, reference block 1/1, shape 8/16, index chunk 3/4.
Building reference seed array...  [0.422s]
Building query seed array...  [0.02s]
Computing hash join...  [0.07s]
Masking low complexity seeds...  [0.008s]
Searching alignments...  [0.126s]
Deallocating memory...  [0s]
Processing query block 1, reference block 1/1, shape 8/16, index chunk 4/4.
Building reference seed array...  [0.406s]
Building query seed array...  [0.011s]
Computing hash join...  [0.089s]
Masking low complexity seeds...  [0.008s]
Searching alignments...  [0.091s]
Deallocating memory...  [0s]
Processing query block 1, reference block 1/1, shape 9/16, index chunk 1/4.
Building reference seed array...  [0.43s]
Building query seed array...  [0.012s]
Computing hash join...  [0.13s]
Masking low complexity seeds...  [0.012s]
Searching alignments...  [0.141s]
Deallocating memory...  [0s]
Processing query block 1, reference block 1/1, shape 9/16, index chunk 2/4.
Building reference seed array...  [0.494s]
Building query seed array...  [0.022s]
Computing hash join...  [0.133s]
Masking low complexity seeds...  [0.009s]
Searching alignments...  [0.103s]
Deallocating memory...  [0s]
Processing query block 1, reference block 1/1, shape 9/16, index chunk 3/4.
Building reference seed array...  [0.506s]
Building query seed array...  [0.011s]
Computing hash join...  [0.08s]
Masking low complexity seeds...  [0.015s]
Searching alignments...  [0.104s]
Deallocating memory...  [0s]
Processing query block 1, reference block 1/1, shape 9/16, index chunk 4/4.
Building reference seed array...  [0.35s]
Building query seed array...  [0.023s]
Computing hash join...  [0.079s]
Masking low complexity seeds...  [0.007s]
Searching alignments...  [0.153s]
Deallocating memory...  [0s]
Processing query block 1, reference block 1/1, shape 10/16, index chunk 1/4.
Building reference seed array...  [0.364s]
Building query seed array...  [0.011s]
Computing hash join...  [0.079s]
Masking low complexity seeds...  [0.012s]
Searching alignments...  [0.09s]
Deallocating memory...  [0s]
Processing query block 1, reference block 1/1, shape 10/16, index chunk 2/4.
Building reference seed array...  [0.428s]
Building query seed array...  [0.021s]
Computing hash join...  [0.105s]
Masking low complexity seeds...  [0.011s]
Searching alignments...  [0.119s]
Deallocating memory...  [0s]
Processing query block 1, reference block 1/1, shape 10/16, index chunk 3/4.
Building reference seed array...  [0.396s]
Building query seed array...  [0.013s]
Computing hash join...  [0.076s]
Masking low complexity seeds...  [0.008s]
Searching alignments...  [0.094s]
Deallocating memory...  [0s]
Processing query block 1, reference block 1/1, shape 10/16, index chunk 4/4.
Building reference seed array...  [0.353s]
Building query seed array...  [0.023s]
Computing hash join...  [0.065s]
Masking low complexity seeds...  [0.008s]
Searching alignments...  [0.09s]
Deallocating memory...  [0s]
Processing query block 1, reference block 1/1, shape 11/16, index chunk 1/4.
Building reference seed array...  [0.331s]
Building query seed array...  [0.018s]
Computing hash join...  [0.094s]
Masking low complexity seeds...  [0.012s]
Searching alignments...  [0.185s]
Deallocating memory...  [0s]
Processing query block 1, reference block 1/1, shape 11/16, index chunk 2/4.
Building reference seed array...  [0.397s]
Building query seed array...  [0.013s]
Computing hash join...  [0.123s]
Masking low complexity seeds...  [0.008s]
Searching alignments...  [0.089s]
Deallocating memory...  [0s]
Processing query block 1, reference block 1/1, shape 11/16, index chunk 3/4.
Building reference seed array...  [0.47s]
Building query seed array...  [0.021s]
Computing hash join...  [0.076s]
Masking low complexity seeds...  [0.007s]
Searching alignments...  [0.087s]
Deallocating memory...  [0s]
Processing query block 1, reference block 1/1, shape 11/16, index chunk 4/4.
Building reference seed array...  [0.337s]
Building query seed array...  [0.018s]
Computing hash join...  [0.078s]
Masking low complexity seeds...  [0.012s]
Searching alignments...  [0.089s]
Deallocating memory...  [0s]
Processing query block 1, reference block 1/1, shape 12/16, index chunk 1/4.
Building reference seed array...  [0.29s]
Building query seed array...  [0.012s]
Computing hash join...  [0.057s]
Masking low complexity seeds...  [0.007s]
Searching alignments...  [0.085s]
Deallocating memory...  [0s]
Processing query block 1, reference block 1/1, shape 12/16, index chunk 2/4.
Building reference seed array...  [0.355s]
Building query seed array...  [0.015s]
Computing hash join...  [0.065s]
Masking low complexity seeds...  [0.007s]
Searching alignments...  [0.079s]
Deallocating memory...  [0s]
Processing query block 1, reference block 1/1, shape 12/16, index chunk 3/4.
Building reference seed array...  [0.325s]
Building query seed array...  [0.016s]
Computing hash join...  [0.064s]
Masking low complexity seeds...  [0.007s]
Searching alignments...  [0.081s]
Deallocating memory...  [0s]
Processing query block 1, reference block 1/1, shape 12/16, index chunk 4/4.
Building reference seed array...  [0.333s]
Building query seed array...  [0.014s]
Computing hash join...  [0.067s]
Masking low complexity seeds...  [0.006s]
Searching alignments...  [0.083s]
Deallocating memory...  [0s]
Processing query block 1, reference block 1/1, shape 13/16, index chunk 1/4.
Building reference seed array...  [0.285s]
Building query seed array...  [0.012s]
Computing hash join...  [0.072s]
Masking low complexity seeds...  [0.008s]
Searching alignments...  [0.084s]
Deallocating memory...  [0s]
Processing query block 1, reference block 1/1, shape 13/16, index chunk 2/4.
Building reference seed array...  [0.361s]
Building query seed array...  [0.018s]
Computing hash join...  [0.061s]
Masking low complexity seeds...  [0.008s]
Searching alignments...  [0.085s]
Deallocating memory...  [0s]
Processing query block 1, reference block 1/1, shape 13/16, index chunk 3/4.
Building reference seed array...  [0.321s]
Building query seed array...  [0.016s]
Computing hash join...  [0.064s]
Masking low complexity seeds...  [0.007s]
Searching alignments...  [0.086s]
Deallocating memory...  [0s]
Processing query block 1, reference block 1/1, shape 13/16, index chunk 4/4.
Building reference seed array...  [0.284s]
Building query seed array...  [0.012s]
Computing hash join...  [0.066s]
Masking low complexity seeds...  [0.007s]
Searching alignments...  [0.088s]
Deallocating memory...  [0s]
Processing query block 1, reference block 1/1, shape 14/16, index chunk 1/4.
Building reference seed array...  [0.278s]
Building query seed array...  [0.013s]
Computing hash join...  [0.075s]
Masking low complexity seeds...  [0.008s]
Searching alignments...  [0.078s]
Deallocating memory...  [0s]
Processing query block 1, reference block 1/1, shape 14/16, index chunk 2/4.
Building reference seed array...  [0.366s]
Building query seed array...  [0.015s]
Computing hash join...  [0.07s]
Masking low complexity seeds...  [0.007s]
Searching alignments...  [0.089s]
Deallocating memory...  [0s]
Processing query block 1, reference block 1/1, shape 14/16, index chunk 3/4.
Building reference seed array...  [0.363s]
Building query seed array...  [0.015s]
Computing hash join...  [0.064s]
Masking low complexity seeds...  [0.007s]
Searching alignments...  [0.084s]
Deallocating memory...  [0s]
Processing query block 1, reference block 1/1, shape 14/16, index chunk 4/4.
Building reference seed array...  [0.335s]
Building query seed array...  [0.013s]
Computing hash join...  [0.074s]
Masking low complexity seeds...  [0.007s]
Searching alignments...  [0.084s]
Deallocating memory...  [0s]
Processing query block 1, reference block 1/1, shape 15/16, index chunk 1/4.
Building reference seed array...  [0.281s]
Building query seed array...  [0.012s]
Computing hash join...  [0.067s]
Masking low complexity seeds...  [0.007s]
Searching alignments...  [0.086s]
Deallocating memory...  [0s]
Processing query block 1, reference block 1/1, shape 15/16, index chunk 2/4.
Building reference seed array...  [0.389s]
Building query seed array...  [0.017s]
Computing hash join...  [0.07s]
Masking low complexity seeds...  [0.008s]
Searching alignments...  [0.085s]
Deallocating memory...  [0s]
Processing query block 1, reference block 1/1, shape 15/16, index chunk 3/4.
Building reference seed array...  [0.406s]
Building query seed array...  [0.014s]
Computing hash join...  [0.099s]
Masking low complexity seeds...  [0.012s]
Searching alignments...  [0.088s]
Deallocating memory...  [0s]
Processing query block 1, reference block 1/1, shape 15/16, index chunk 4/4.
Building reference seed array...  [0.314s]
Building query seed array...  [0.012s]
Computing hash join...  [0.058s]
Masking low complexity seeds...  [0.006s]
Searching alignments...  [0.091s]
Deallocating memory...  [0s]
Processing query block 1, reference block 1/1, shape 16/16, index chunk 1/4.
Building reference seed array...  [0.326s]
Building query seed array...  [0.011s]
Computing hash join...  [0.066s]
Masking low complexity seeds...  [0.007s]
Searching alignments...  [0.09s]
Deallocating memory...  [0s]
Processing query block 1, reference block 1/1, shape 16/16, index chunk 2/4.
Building reference seed array...  [0.388s]
Building query seed array...  [0.015s]
Computing hash join...  [0.064s]
Masking low complexity seeds...  [0.007s]
Searching alignments...  [0.09s]
Deallocating memory...  [0s]
Processing query block 1, reference block 1/1, shape 16/16, index chunk 3/4.
Building reference seed array...  [0.399s]
Building query seed array...  [0.014s]
Computing hash join...  [0.058s]
Masking low complexity seeds...  [0.007s]
Searching alignments...  [0.082s]
Deallocating memory...  [0s]
Processing query block 1, reference block 1/1, shape 16/16, index chunk 4/4.
Building reference seed array...  [0.345s]
Building query seed array...  [0.013s]
Computing hash join...  [0.061s]
Masking low complexity seeds...  [0.007s]
Searching alignments...  [0.086s]
Deallocating memory...  [0s]
Deallocating buffers...  [0.035s]
Clearing query masking...  [0.001s]
Computing alignments...  [1.843s]
Deallocating reference...  [0.017s]
Loading reference sequences...  [0s]
Deallocating buffers...  [0s]
Deallocating queries...  [0s]
Loading query sequences...  [0s]
Closing the input file...  [0s]
Closing the output file...  [0.007s]
Closing the database...  [0.004s]
Cleaning up...  [0s]
Total time = 45.152s
Reported 34809 pairwise alignments, 34809 HSPs.
7605 queries aligned.
