[INFO][0m 22 patterns loaded from file
diamond v2.1.13.167 (C) Max Planck Society for the Advancement of Science, Benjamin Buchfink, University of Tuebingen
Documentation, support and updates available at http://www.diamondsearch.org
Please cite: http://dx.doi.org/10.1038/s41592-021-01101-x Nature Methods (2021)

#CPU threads: 8
Scoring parameters: (Matrix=BLOSUM62 Lambda=0.267 K=0.041 Penalties=11/1)
Temporary directory: /lustre10/home/tuatchenjh9703/ph/07_family_analysis/_automation_runs/profile_novel_annotation_20260820T004500JST/SULT
#Target sequences to report alignments for: 10
Opening the database...  [0.125s]
Database: /lustre10/home/tuatchenjh9703/ph/db/uniprot/uniprot_sprot.dmnd (type: Diamond database, sequences: 573661, letters: 207922125)
Block size = 2000000000
Opening the input file...  [0.007s]
Opening the output file...  [0s]
Loading query sequences...  [0.019s]
Masking queries...  [0.029s]
Algorithm: Double-indexed
Building query histograms...  [0.001s]
Seeking in database...  [0s]
Loading reference sequences...  [0.372s]
Masking reference...  [1.204s]
Initializing temporary storage...  [0.008s]
Building reference histograms...  [4.81s]
Allocating buffers...  [0s]
Processing query block 1, reference block 1/1, shape 1/16, index chunk 1/4.
Building reference seed array...  [0.627s]
Building query seed array...  [0.001s]
Computing hash join...  [0.059s]
Masking low complexity seeds...  [0s]
Searching alignments...  [0.001s]
Deallocating memory...  [0s]
Processing query block 1, reference block 1/1, shape 1/16, index chunk 2/4.
Building reference seed array...  [0.472s]
Building query seed array...  [0s]
Computing hash join...  [0.062s]
Masking low complexity seeds...  [0s]
Searching alignments...  [0.001s]
Deallocating memory...  [0s]
Processing query block 1, reference block 1/1, shape 1/16, index chunk 3/4.
Building reference seed array...  [0.569s]
Building query seed array...  [0.001s]
Computing hash join...  [0.069s]
Masking low complexity seeds...  [0s]
Searching alignments...  [0.001s]
Deallocating memory...  [0s]
Processing query block 1, reference block 1/1, shape 1/16, index chunk 4/4.
Building reference seed array...  [0.512s]
Building query seed array...  [0.001s]
Computing hash join...  [0.066s]
Masking low complexity seeds...  [0s]
Searching alignments...  [0s]
Deallocating memory...  [0s]
Processing query block 1, reference block 1/1, shape 2/16, index chunk 1/4.
Building reference seed array...  [0.504s]
Building query seed array...  [0.001s]
Computing hash join...  [0.074s]
Masking low complexity seeds...  [0s]
Searching alignments...  [0s]
Deallocating memory...  [0s]
Processing query block 1, reference block 1/1, shape 2/16, index chunk 2/4.
Building reference seed array...  [0.588s]
Building query seed array...  [0.001s]
Computing hash join...  [0.073s]
Masking low complexity seeds...  [0s]
Searching alignments...  [0.001s]
Deallocating memory...  [0s]
Processing query block 1, reference block 1/1, shape 2/16, index chunk 3/4.
Building reference seed array...  [0.443s]
Building query seed array...  [0s]
Computing hash join...  [0.05s]
Masking low complexity seeds...  [0s]
Searching alignments...  [0.001s]
Deallocating memory...  [0s]
Processing query block 1, reference block 1/1, shape 2/16, index chunk 4/4.
Building reference seed array...  [0.391s]
Building query seed array...  [0.001s]
Computing hash join...  [0.055s]
Masking low complexity seeds...  [0s]
Searching alignments...  [0s]
Deallocating memory...  [0s]
Processing query block 1, reference block 1/1, shape 3/16, index chunk 1/4.
Building reference seed array...  [0.387s]
Building query seed array...  [0s]
Computing hash join...  [0.056s]
Masking low complexity seeds...  [0s]
Searching alignments...  [0s]
Deallocating memory...  [0s]
Processing query block 1, reference block 1/1, shape 3/16, index chunk 2/4.
Building reference seed array...  [0.477s]
Building query seed array...  [0s]
Computing hash join...  [0.05s]
Masking low complexity seeds...  [0s]
Searching alignments...  [0.001s]
Deallocating memory...  [0s]
Processing query block 1, reference block 1/1, shape 3/16, index chunk 3/4.
Building reference seed array...  [0.458s]
Building query seed array...  [0s]
Computing hash join...  [0.054s]
Masking low complexity seeds...  [0s]
Searching alignments...  [0s]
Deallocating memory...  [0s]
Processing query block 1, reference block 1/1, shape 3/16, index chunk 4/4.
Building reference seed array...  [0.381s]
Building query seed array...  [0s]
Computing hash join...  [0.069s]
Masking low complexity seeds...  [0s]
Searching alignments...  [0s]
Deallocating memory...  [0s]
Processing query block 1, reference block 1/1, shape 4/16, index chunk 1/4.
Building reference seed array...  [0.372s]
Building query seed array...  [0s]
Computing hash join...  [0.064s]
Masking low complexity seeds...  [0s]
Searching alignments...  [0.001s]
Deallocating memory...  [0s]
Processing query block 1, reference block 1/1, shape 4/16, index chunk 2/4.
Building reference seed array...  [0.515s]
Building query seed array...  [0.001s]
Computing hash join...  [0.063s]
Masking low complexity seeds...  [0s]
Searching alignments...  [0s]
Deallocating memory...  [0s]
Processing query block 1, reference block 1/1, shape 4/16, index chunk 3/4.
Building reference seed array...  [0.432s]
Building query seed array...  [0s]
Computing hash join...  [0.052s]
Masking low complexity seeds...  [0s]
Searching alignments...  [0s]
Deallocating memory...  [0s]
Processing query block 1, reference block 1/1, shape 4/16, index chunk 4/4.
Building reference seed array...  [0.383s]
Building query seed array...  [0.001s]
Computing hash join...  [0.077s]
Masking low complexity seeds...  [0s]
Searching alignments...  [0s]
Deallocating memory...  [0s]
Processing query block 1, reference block 1/1, shape 5/16, index chunk 1/4.
Building reference seed array...  [0.382s]
Building query seed array...  [0s]
Computing hash join...  [0.066s]
Masking low complexity seeds...  [0s]
Searching alignments...  [0s]
Deallocating memory...  [0s]
Processing query block 1, reference block 1/1, shape 5/16, index chunk 2/4.
Building reference seed array...  [0.452s]
Building query seed array...  [0s]
Computing hash join...  [0.053s]
Masking low complexity seeds...  [0s]
Searching alignments...  [0s]
Deallocating memory...  [0s]
Processing query block 1, reference block 1/1, shape 5/16, index chunk 3/4.
Building reference seed array...  [0.574s]
Building query seed array...  [0.001s]
Computing hash join...  [0.065s]
Masking low complexity seeds...  [0s]
Searching alignments...  [0s]
Deallocating memory...  [0s]
Processing query block 1, reference block 1/1, shape 5/16, index chunk 4/4.
Building reference seed array...  [0.428s]
Building query seed array...  [0s]
Computing hash join...  [0.058s]
Masking low complexity seeds...  [0s]
Searching alignments...  [0.001s]
Deallocating memory...  [0s]
Processing query block 1, reference block 1/1, shape 6/16, index chunk 1/4.
Building reference seed array...  [0.427s]
Building query seed array...  [0.001s]
Computing hash join...  [0.061s]
Masking low complexity seeds...  [0s]
Searching alignments...  [0s]
Deallocating memory...  [0s]
Processing query block 1, reference block 1/1, shape 6/16, index chunk 2/4.
Building reference seed array...  [0.7s]
Building query seed array...  [0.045s]
Computing hash join...  [0.086s]
Masking low complexity seeds...  [0.031s]
Searching alignments...  [0.195s]
Deallocating memory...  [0s]
Processing query block 1, reference block 1/1, shape 6/16, index chunk 3/4.
Building reference seed array...  [0.652s]
Building query seed array...  [0.001s]
Computing hash join...  [0.081s]
Masking low complexity seeds...  [0s]
Searching alignments...  [0s]
Deallocating memory...  [0s]
Processing query block 1, reference block 1/1, shape 6/16, index chunk 4/4.
Building reference seed array...  [0.568s]
Building query seed array...  [0.001s]
Computing hash join...  [0.069s]
Masking low complexity seeds...  [0s]
Searching alignments...  [0s]
Deallocating memory...  [0s]
Processing query block 1, reference block 1/1, shape 7/16, index chunk 1/4.
Building reference seed array...  [0.569s]
Building query seed array...  [0.001s]
Computing hash join...  [0.068s]
Masking low complexity seeds...  [0s]
Searching alignments...  [0.001s]
Deallocating memory...  [0s]
Processing query block 1, reference block 1/1, shape 7/16, index chunk 2/4.
Building reference seed array...  [0.671s]
Building query seed array...  [0.001s]
Computing hash join...  [0.063s]
Masking low complexity seeds...  [0s]
Searching alignments...  [0.001s]
Deallocating memory...  [0s]
Processing query block 1, reference block 1/1, shape 7/16, index chunk 3/4.
Building reference seed array...  [0.446s]
Building query seed array...  [0.001s]
Computing hash join...  [0.06s]
Masking low complexity seeds...  [0s]
Searching alignments...  [0s]
Deallocating memory...  [0s]
Processing query block 1, reference block 1/1, shape 7/16, index chunk 4/4.
Building reference seed array...  [0.577s]
Building query seed array...  [0.001s]
Computing hash join...  [0.065s]
Masking low complexity seeds...  [0s]
Searching alignments...  [0s]
Deallocating memory...  [0s]
Processing query block 1, reference block 1/1, shape 8/16, index chunk 1/4.
Building reference seed array...  [0.419s]
Building query seed array...  [0.001s]
Computing hash join...  [0.062s]
Masking low complexity seeds...  [0s]
Searching alignments...  [0.001s]
Deallocating memory...  [0s]
Processing query block 1, reference block 1/1, shape 8/16, index chunk 2/4.
Building reference seed array...  [0.477s]
Building query seed array...  [0.001s]
Computing hash join...  [0.068s]
Masking low complexity seeds...  [0s]
Searching alignments...  [0.001s]
Deallocating memory...  [0s]
Processing query block 1, reference block 1/1, shape 8/16, index chunk 3/4.
Building reference seed array...  [0.458s]
Building query seed array...  [0s]
Computing hash join...  [0.069s]
Masking low complexity seeds...  [0s]
Searching alignments...  [0.001s]
Deallocating memory...  [0s]
Processing query block 1, reference block 1/1, shape 8/16, index chunk 4/4.
Building reference seed array...  [0.429s]
Building query seed array...  [0.001s]
Computing hash join...  [0.067s]
Masking low complexity seeds...  [0s]
Searching alignments...  [0.001s]
Deallocating memory...  [0s]
Processing query block 1, reference block 1/1, shape 9/16, index chunk 1/4.
Building reference seed array...  [0.408s]
Building query seed array...  [0.001s]
Computing hash join...  [0.072s]
Masking low complexity seeds...  [0s]
Searching alignments...  [0s]
Deallocating memory...  [0s]
Processing query block 1, reference block 1/1, shape 9/16, index chunk 2/4.
Building reference seed array...  [0.508s]
Building query seed array...  [0.001s]
Computing hash join...  [0.071s]
Masking low complexity seeds...  [0s]
Searching alignments...  [0.001s]
Deallocating memory...  [0s]
Processing query block 1, reference block 1/1, shape 9/16, index chunk 3/4.
Building reference seed array...  [0.424s]
Building query seed array...  [0s]
Computing hash join...  [0.049s]
Masking low complexity seeds...  [0s]
Searching alignments...  [0s]
Deallocating memory...  [0s]
Processing query block 1, reference block 1/1, shape 9/16, index chunk 4/4.
Building reference seed array...  [0.486s]
Building query seed array...  [0.001s]
Computing hash join...  [0.068s]
Masking low complexity seeds...  [0s]
Searching alignments...  [0s]
Deallocating memory...  [0s]
Processing query block 1, reference block 1/1, shape 10/16, index chunk 1/4.
Building reference seed array...  [0.402s]
Building query seed array...  [0.001s]
Computing hash join...  [0.061s]
Masking low complexity seeds...  [0s]
Searching alignments...  [0.001s]
Deallocating memory...  [0s]
Processing query block 1, reference block 1/1, shape 10/16, index chunk 2/4.
Building reference seed array...  [0.493s]
Building query seed array...  [0.001s]
Computing hash join...  [0.059s]
Masking low complexity seeds...  [0s]
Searching alignments...  [0.001s]
Deallocating memory...  [0s]
Processing query block 1, reference block 1/1, shape 10/16, index chunk 3/4.
Building reference seed array...  [0.579s]
Building query seed array...  [0.001s]
Computing hash join...  [0.06s]
Masking low complexity seeds...  [0s]
Searching alignments...  [0.001s]
Deallocating memory...  [0s]
Processing query block 1, reference block 1/1, shape 10/16, index chunk 4/4.
Building reference seed array...  [0.405s]
Building query seed array...  [0s]
Computing hash join...  [0.057s]
Masking low complexity seeds...  [0s]
Searching alignments...  [0.001s]
Deallocating memory...  [0s]
Processing query block 1, reference block 1/1, shape 11/16, index chunk 1/4.
Building reference seed array...  [0.523s]
Building query seed array...  [0.001s]
Computing hash join...  [0.064s]
Masking low complexity seeds...  [0s]
Searching alignments...  [0s]
Deallocating memory...  [0s]
Processing query block 1, reference block 1/1, shape 11/16, index chunk 2/4.
Building reference seed array...  [0.595s]
Building query seed array...  [0.001s]
Computing hash join...  [0.059s]
Masking low complexity seeds...  [0s]
Searching alignments...  [0.001s]
Deallocating memory...  [0s]
Processing query block 1, reference block 1/1, shape 11/16, index chunk 3/4.
Building reference seed array...  [0.577s]
Building query seed array...  [0.001s]
Computing hash join...  [0.065s]
Masking low complexity seeds...  [0s]
Searching alignments...  [0s]
Deallocating memory...  [0s]
Processing query block 1, reference block 1/1, shape 11/16, index chunk 4/4.
Building reference seed array...  [0.517s]
Building query seed array...  [0.001s]
Computing hash join...  [0.064s]
Masking low complexity seeds...  [0s]
Searching alignments...  [0s]
Deallocating memory...  [0s]
Processing query block 1, reference block 1/1, shape 12/16, index chunk 1/4.
Building reference seed array...  [0.385s]
Building query seed array...  [0.001s]
Computing hash join...  [0.057s]
Masking low complexity seeds...  [0s]
Searching alignments...  [0s]
Deallocating memory...  [0s]
Processing query block 1, reference block 1/1, shape 12/16, index chunk 2/4.
Building reference seed array...  [0.615s]
Building query seed array...  [0.001s]
Computing hash join...  [0.07s]
Masking low complexity seeds...  [0s]
Searching alignments...  [0s]
Deallocating memory...  [0s]
Processing query block 1, reference block 1/1, shape 12/16, index chunk 3/4.
Building reference seed array...  [0.439s]
Building query seed array...  [0s]
Computing hash join...  [0.062s]
Masking low complexity seeds...  [0s]
Searching alignments...  [0s]
Deallocating memory...  [0s]
Processing query block 1, reference block 1/1, shape 12/16, index chunk 4/4.
Building reference seed array...  [0.492s]
Building query seed array...  [0.001s]
Computing hash join...  [0.06s]
Masking low complexity seeds...  [0s]
Searching alignments...  [0s]
Deallocating memory...  [0s]
Processing query block 1, reference block 1/1, shape 13/16, index chunk 1/4.
Building reference seed array...  [0.415s]
Building query seed array...  [0s]
Computing hash join...  [0.065s]
Masking low complexity seeds...  [0s]
Searching alignments...  [0s]
Deallocating memory...  [0s]
Processing query block 1, reference block 1/1, shape 13/16, index chunk 2/4.
Building reference seed array...  [0.617s]
Building query seed array...  [0.001s]
Computing hash join...  [0.074s]
Masking low complexity seeds...  [0s]
Searching alignments...  [0s]
Deallocating memory...  [0s]
Processing query block 1, reference block 1/1, shape 13/16, index chunk 3/4.
Building reference seed array...  [0.477s]
Building query seed array...  [0.001s]
Computing hash join...  [0.07s]
Masking low complexity seeds...  [0s]
Searching alignments...  [0s]
Deallocating memory...  [0s]
Processing query block 1, reference block 1/1, shape 13/16, index chunk 4/4.
Building reference seed array...  [0.386s]
Building query seed array...  [0.001s]
Computing hash join...  [0.056s]
Masking low complexity seeds...  [0s]
Searching alignments...  [0s]
Deallocating memory...  [0s]
Processing query block 1, reference block 1/1, shape 14/16, index chunk 1/4.
Building reference seed array...  [0.382s]
Building query seed array...  [0s]
Computing hash join...  [0.065s]
Masking low complexity seeds...  [0s]
Searching alignments...  [0s]
Deallocating memory...  [0s]
Processing query block 1, reference block 1/1, shape 14/16, index chunk 2/4.
Building reference seed array...  [0.474s]
Building query seed array...  [0s]
Computing hash join...  [0.066s]
Masking low complexity seeds...  [0s]
Searching alignments...  [0s]
Deallocating memory...  [0s]
Processing query block 1, reference block 1/1, shape 14/16, index chunk 3/4.
Building reference seed array...  [0.443s]
Building query seed array...  [0s]
Computing hash join...  [0.055s]
Masking low complexity seeds...  [0s]
Searching alignments...  [0.001s]
Deallocating memory...  [0s]
Processing query block 1, reference block 1/1, shape 14/16, index chunk 4/4.
Building reference seed array...  [0.381s]
Building query seed array...  [0s]
Computing hash join...  [0.054s]
Masking low complexity seeds...  [0s]
Searching alignments...  [0s]
Deallocating memory...  [0s]
Processing query block 1, reference block 1/1, shape 15/16, index chunk 1/4.
Building reference seed array...  [0.381s]
Building query seed array...  [0s]
Computing hash join...  [0.061s]
Masking low complexity seeds...  [0s]
Searching alignments...  [0s]
Deallocating memory...  [0s]
Processing query block 1, reference block 1/1, shape 15/16, index chunk 2/4.
Building reference seed array...  [0.46s]
Building query seed array...  [0.001s]
Computing hash join...  [0.054s]
Masking low complexity seeds...  [0s]
Searching alignments...  [0s]
Deallocating memory...  [0s]
Processing query block 1, reference block 1/1, shape 15/16, index chunk 3/4.
Building reference seed array...  [0.427s]
Building query seed array...  [0s]
Computing hash join...  [0.057s]
Masking low complexity seeds...  [0s]
Searching alignments...  [0s]
Deallocating memory...  [0s]
Processing query block 1, reference block 1/1, shape 15/16, index chunk 4/4.
Building reference seed array...  [0.373s]
Building query seed array...  [0.001s]
Computing hash join...  [0.059s]
Masking low complexity seeds...  [0s]
Searching alignments...  [0s]
Deallocating memory...  [0s]
Processing query block 1, reference block 1/1, shape 16/16, index chunk 1/4.
Building reference seed array...  [0.381s]
Building query seed array...  [0s]
Computing hash join...  [0.054s]
Masking low complexity seeds...  [0s]
Searching alignments...  [0s]
Deallocating memory...  [0s]
Processing query block 1, reference block 1/1, shape 16/16, index chunk 2/4.
Building reference seed array...  [0.543s]
Building query seed array...  [0.001s]
Computing hash join...  [0.076s]
Masking low complexity seeds...  [0s]
Searching alignments...  [0.001s]
Deallocating memory...  [0s]
Processing query block 1, reference block 1/1, shape 16/16, index chunk 3/4.
Building reference seed array...  [0.635s]
Building query seed array...  [0.001s]
Computing hash join...  [0.067s]
Masking low complexity seeds...  [0s]
Searching alignments...  [0s]
Deallocating memory...  [0s]
Processing query block 1, reference block 1/1, shape 16/16, index chunk 4/4.
Building reference seed array...  [0.387s]
Building query seed array...  [0.001s]
Computing hash join...  [0.061s]
Masking low complexity seeds...  [0s]
Searching alignments...  [0s]
Deallocating memory...  [0s]
Deallocating buffers...  [0.047s]
Clearing query masking...  [0s]
Computing alignments...  [0.302s]
Deallocating reference...  [0.048s]
Loading reference sequences...  [0s]
Deallocating buffers...  [0s]
Deallocating queries...  [0s]
Loading query sequences...  [0s]
Closing the input file...  [0s]
Closing the output file...  [0.001s]
Closing the database...  [0.011s]
Cleaning up...  [0s]
Total time = 42.596s
Reported 61 pairwise alignments, 61 HSPs.
14 queries aligned.
