[INFO][0m 6 patterns loaded from file
diamond v2.1.13.167 (C) Max Planck Society for the Advancement of Science, Benjamin Buchfink, University of Tuebingen
Documentation, support and updates available at http://www.diamondsearch.org
Please cite: http://dx.doi.org/10.1038/s41592-021-01101-x Nature Methods (2021)

#CPU threads: 8
Scoring parameters: (Matrix=BLOSUM62 Lambda=0.267 K=0.041 Penalties=11/1)
Temporary directory: /lustre10/home/tuatchenjh9703/ph/07_family_analysis/_automation_runs/profile_novel_annotation_20260820T004500JST/ABC
#Target sequences to report alignments for: 10
Opening the database...  [0.202s]
Database: /lustre10/home/tuatchenjh9703/ph/db/uniprot/uniprot_sprot.dmnd (type: Diamond database, sequences: 573661, letters: 207922125)
Block size = 2000000000
Opening the input file...  [0s]
Opening the output file...  [0s]
Loading query sequences...  [0s]
Masking queries...  [0.002s]
Algorithm: Double-indexed
Building query histograms...  [0.002s]
Seeking in database...  [0s]
Loading reference sequences...  [0.696s]
Masking reference...  [1.216s]
Initializing temporary storage...  [0.009s]
Building reference histograms...  [5.78s]
Allocating buffers...  [0s]
Processing query block 1, reference block 1/1, shape 1/16, index chunk 1/4.
Building reference seed array...  [0.747s]
Building query seed array...  [0.001s]
Computing hash join...  [0.079s]
Masking low complexity seeds...  [0s]
Searching alignments...  [0.002s]
Deallocating memory...  [0s]
Processing query block 1, reference block 1/1, shape 1/16, index chunk 2/4.
Building reference seed array...  [0.67s]
Building query seed array...  [0s]
Computing hash join...  [0.097s]
Masking low complexity seeds...  [0s]
Searching alignments...  [0.001s]
Deallocating memory...  [0s]
Processing query block 1, reference block 1/1, shape 1/16, index chunk 3/4.
Building reference seed array...  [1.155s]
Building query seed array...  [0.001s]
Computing hash join...  [0.08s]
Masking low complexity seeds...  [0s]
Searching alignments...  [0.001s]
Deallocating memory...  [0s]
Processing query block 1, reference block 1/1, shape 1/16, index chunk 4/4.
Building reference seed array...  [0.597s]
Building query seed array...  [0.001s]
Computing hash join...  [0.081s]
Masking low complexity seeds...  [0s]
Searching alignments...  [0.001s]
Deallocating memory...  [0s]
Processing query block 1, reference block 1/1, shape 2/16, index chunk 1/4.
Building reference seed array...  [0.847s]
Building query seed array...  [0.001s]
Computing hash join...  [0.089s]
Masking low complexity seeds...  [0s]
Searching alignments...  [0.001s]
Deallocating memory...  [0s]
Processing query block 1, reference block 1/1, shape 2/16, index chunk 2/4.
Building reference seed array...  [0.793s]
Building query seed array...  [0.001s]
Computing hash join...  [0.132s]
Masking low complexity seeds...  [0s]
Searching alignments...  [0.001s]
Deallocating memory...  [0s]
Processing query block 1, reference block 1/1, shape 2/16, index chunk 3/4.
Building reference seed array...  [0.742s]
Building query seed array...  [0s]
Computing hash join...  [0.113s]
Masking low complexity seeds...  [0s]
Searching alignments...  [0.001s]
Deallocating memory...  [0s]
Processing query block 1, reference block 1/1, shape 2/16, index chunk 4/4.
Building reference seed array...  [0.682s]
Building query seed array...  [0s]
Computing hash join...  [0.091s]
Masking low complexity seeds...  [0s]
Searching alignments...  [0.001s]
Deallocating memory...  [0s]
Processing query block 1, reference block 1/1, shape 3/16, index chunk 1/4.
Building reference seed array...  [0.555s]
Building query seed array...  [0s]
Computing hash join...  [0.094s]
Masking low complexity seeds...  [0s]
Searching alignments...  [0.002s]
Deallocating memory...  [0s]
Processing query block 1, reference block 1/1, shape 3/16, index chunk 2/4.
Building reference seed array...  [0.626s]
Building query seed array...  [0.001s]
Computing hash join...  [0.081s]
Masking low complexity seeds...  [0s]
Searching alignments...  [0.001s]
Deallocating memory...  [0s]
Processing query block 1, reference block 1/1, shape 3/16, index chunk 3/4.
Building reference seed array...  [0.671s]
Building query seed array...  [0.001s]
Computing hash join...  [0.126s]
Masking low complexity seeds...  [0s]
Searching alignments...  [0.001s]
Deallocating memory...  [0s]
Processing query block 1, reference block 1/1, shape 3/16, index chunk 4/4.
Building reference seed array...  [0.673s]
Building query seed array...  [0s]
Computing hash join...  [0.093s]
Masking low complexity seeds...  [0s]
Searching alignments...  [0.001s]
Deallocating memory...  [0s]
Processing query block 1, reference block 1/1, shape 4/16, index chunk 1/4.
Building reference seed array...  [0.831s]
Building query seed array...  [0s]
Computing hash join...  [0.128s]
Masking low complexity seeds...  [0s]
Searching alignments...  [0.001s]
Deallocating memory...  [0s]
Processing query block 1, reference block 1/1, shape 4/16, index chunk 2/4.
Building reference seed array...  [0.72s]
Building query seed array...  [0s]
Computing hash join...  [0.098s]
Masking low complexity seeds...  [0s]
Searching alignments...  [0.001s]
Deallocating memory...  [0s]
Processing query block 1, reference block 1/1, shape 4/16, index chunk 3/4.
Building reference seed array...  [1s]
Building query seed array...  [0.001s]
Computing hash join...  [0.121s]
Masking low complexity seeds...  [0s]
Searching alignments...  [0.004s]
Deallocating memory...  [0s]
Processing query block 1, reference block 1/1, shape 4/16, index chunk 4/4.
Building reference seed array...  [0.674s]
Building query seed array...  [0s]
Computing hash join...  [0.128s]
Masking low complexity seeds...  [0s]
Searching alignments...  [0.001s]
Deallocating memory...  [0s]
Processing query block 1, reference block 1/1, shape 5/16, index chunk 1/4.
Building reference seed array...  [0.601s]
Building query seed array...  [0.001s]
Computing hash join...  [0.082s]
Masking low complexity seeds...  [0s]
Searching alignments...  [0.001s]
Deallocating memory...  [0s]
Processing query block 1, reference block 1/1, shape 5/16, index chunk 2/4.
Building reference seed array...  [0.821s]
Building query seed array...  [0.001s]
Computing hash join...  [0.095s]
Masking low complexity seeds...  [0s]
Searching alignments...  [0.001s]
Deallocating memory...  [0s]
Processing query block 1, reference block 1/1, shape 5/16, index chunk 3/4.
Building reference seed array...  [0.926s]
Building query seed array...  [0.001s]
Computing hash join...  [0.105s]
Masking low complexity seeds...  [0s]
Searching alignments...  [0.001s]
Deallocating memory...  [0s]
Processing query block 1, reference block 1/1, shape 5/16, index chunk 4/4.
Building reference seed array...  [0.536s]
Building query seed array...  [0s]
Computing hash join...  [0.102s]
Masking low complexity seeds...  [0s]
Searching alignments...  [0.001s]
Deallocating memory...  [0s]
Processing query block 1, reference block 1/1, shape 6/16, index chunk 1/4.
Building reference seed array...  [0.711s]
Building query seed array...  [0s]
Computing hash join...  [0.099s]
Masking low complexity seeds...  [0s]
Searching alignments...  [0.001s]
Deallocating memory...  [0s]
Processing query block 1, reference block 1/1, shape 6/16, index chunk 2/4.
Building reference seed array...  [0.635s]
Building query seed array...  [0s]
Computing hash join...  [0.097s]
Masking low complexity seeds...  [0s]
Searching alignments...  [0.001s]
Deallocating memory...  [0s]
Processing query block 1, reference block 1/1, shape 6/16, index chunk 3/4.
Building reference seed array...  [0.644s]
Building query seed array...  [0s]
Computing hash join...  [0.211s]
Masking low complexity seeds...  [0.001s]
Searching alignments...  [0.003s]
Deallocating memory...  [0s]
Processing query block 1, reference block 1/1, shape 6/16, index chunk 4/4.
Building reference seed array...  [2.147s]
Building query seed array...  [0.001s]
Computing hash join...  [0.224s]
Masking low complexity seeds...  [0.001s]
Searching alignments...  [0.004s]
Deallocating memory...  [0s]
Processing query block 1, reference block 1/1, shape 7/16, index chunk 1/4.
Building reference seed array...  [0.543s]
Building query seed array...  [0s]
Computing hash join...  [0.092s]
Masking low complexity seeds...  [0s]
Searching alignments...  [0.001s]
Deallocating memory...  [0s]
Processing query block 1, reference block 1/1, shape 7/16, index chunk 2/4.
Building reference seed array...  [0.676s]
Building query seed array...  [0.001s]
Computing hash join...  [0.106s]
Masking low complexity seeds...  [0s]
Searching alignments...  [0.001s]
Deallocating memory...  [0s]
Processing query block 1, reference block 1/1, shape 7/16, index chunk 3/4.
Building reference seed array...  [0.589s]
Building query seed array...  [0.001s]
Computing hash join...  [0.177s]
Masking low complexity seeds...  [0s]
Searching alignments...  [0.001s]
Deallocating memory...  [0s]
Processing query block 1, reference block 1/1, shape 7/16, index chunk 4/4.
Building reference seed array...  [0.637s]
Building query seed array...  [0.001s]
Computing hash join...  [0.168s]
Masking low complexity seeds...  [0s]
Searching alignments...  [0.001s]
Deallocating memory...  [0s]
Processing query block 1, reference block 1/1, shape 8/16, index chunk 1/4.
Building reference seed array...  [0.703s]
Building query seed array...  [0s]
Computing hash join...  [0.113s]
Masking low complexity seeds...  [0s]
Searching alignments...  [0.001s]
Deallocating memory...  [0s]
Processing query block 1, reference block 1/1, shape 8/16, index chunk 2/4.
Building reference seed array...  [1.087s]
Building query seed array...  [0s]
Computing hash join...  [0.081s]
Masking low complexity seeds...  [0s]
Searching alignments...  [0.005s]
Deallocating memory...  [0s]
Processing query block 1, reference block 1/1, shape 8/16, index chunk 3/4.
Building reference seed array...  [0.687s]
Building query seed array...  [0s]
Computing hash join...  [0.08s]
Masking low complexity seeds...  [0.001s]
Searching alignments...  [0.004s]
Deallocating memory...  [0s]
Processing query block 1, reference block 1/1, shape 8/16, index chunk 4/4.
Building reference seed array...  [2.206s]
Building query seed array...  [0s]
Computing hash join...  [0.086s]
Masking low complexity seeds...  [0s]
Searching alignments...  [0.001s]
Deallocating memory...  [0s]
Processing query block 1, reference block 1/1, shape 9/16, index chunk 1/4.
Building reference seed array...  [0.477s]
Building query seed array...  [0s]
Computing hash join...  [0.111s]
Masking low complexity seeds...  [0s]
Searching alignments...  [0.001s]
Deallocating memory...  [0s]
Processing query block 1, reference block 1/1, shape 9/16, index chunk 2/4.
Building reference seed array...  [1.055s]
Building query seed array...  [0.001s]
Computing hash join...  [0.095s]
Masking low complexity seeds...  [0s]
Searching alignments...  [0.001s]
Deallocating memory...  [0s]
Processing query block 1, reference block 1/1, shape 9/16, index chunk 3/4.
Building reference seed array...  [1.456s]
Building query seed array...  [0.001s]
Computing hash join...  [0.116s]
Masking low complexity seeds...  [0s]
Searching alignments...  [0.001s]
Deallocating memory...  [0s]
Processing query block 1, reference block 1/1, shape 9/16, index chunk 4/4.
Building reference seed array...  [0.59s]
Building query seed array...  [0.001s]
Computing hash join...  [0.093s]
Masking low complexity seeds...  [0s]
Searching alignments...  [0.001s]
Deallocating memory...  [0s]
Processing query block 1, reference block 1/1, shape 10/16, index chunk 1/4.
Building reference seed array...  [0.659s]
Building query seed array...  [0.001s]
Computing hash join...  [0.099s]
Masking low complexity seeds...  [0s]
Searching alignments...  [0.001s]
Deallocating memory...  [0s]
Processing query block 1, reference block 1/1, shape 10/16, index chunk 2/4.
Building reference seed array...  [0.73s]
Building query seed array...  [0s]
Computing hash join...  [0.117s]
Masking low complexity seeds...  [0s]
Searching alignments...  [0.001s]
Deallocating memory...  [0s]
Processing query block 1, reference block 1/1, shape 10/16, index chunk 3/4.
Building reference seed array...  [0.591s]
Building query seed array...  [0s]
Computing hash join...  [0.087s]
Masking low complexity seeds...  [0s]
Searching alignments...  [0.005s]
Deallocating memory...  [0s]
Processing query block 1, reference block 1/1, shape 10/16, index chunk 4/4.
Building reference seed array...  [0.841s]
Building query seed array...  [0.001s]
Computing hash join...  [0.086s]
Masking low complexity seeds...  [0s]
Searching alignments...  [0.001s]
Deallocating memory...  [0s]
Processing query block 1, reference block 1/1, shape 11/16, index chunk 1/4.
Building reference seed array...  [0.871s]
Building query seed array...  [0.001s]
Computing hash join...  [0.229s]
Masking low complexity seeds...  [0s]
Searching alignments...  [0.001s]
Deallocating memory...  [0s]
Processing query block 1, reference block 1/1, shape 11/16, index chunk 2/4.
Building reference seed array...  [0.588s]
Building query seed array...  [0s]
Computing hash join...  [0.102s]
Masking low complexity seeds...  [0s]
Searching alignments...  [0.005s]
Deallocating memory...  [0s]
Processing query block 1, reference block 1/1, shape 11/16, index chunk 3/4.
Building reference seed array...  [0.743s]
Building query seed array...  [0.001s]
Computing hash join...  [0.111s]
Masking low complexity seeds...  [0s]
Searching alignments...  [0.001s]
Deallocating memory...  [0s]
Processing query block 1, reference block 1/1, shape 11/16, index chunk 4/4.
Building reference seed array...  [0.695s]
Building query seed array...  [0s]
Computing hash join...  [0.079s]
Masking low complexity seeds...  [0s]
Searching alignments...  [0.001s]
Deallocating memory...  [0s]
Processing query block 1, reference block 1/1, shape 12/16, index chunk 1/4.
Building reference seed array...  [0.542s]
Building query seed array...  [0s]
Computing hash join...  [0.102s]
Masking low complexity seeds...  [0s]
Searching alignments...  [0.003s]
Deallocating memory...  [0s]
Processing query block 1, reference block 1/1, shape 12/16, index chunk 2/4.
Building reference seed array...  [0.644s]
Building query seed array...  [0.001s]
Computing hash join...  [0.113s]
Masking low complexity seeds...  [0s]
Searching alignments...  [0.002s]
Deallocating memory...  [0s]
Processing query block 1, reference block 1/1, shape 12/16, index chunk 3/4.
Building reference seed array...  [1.116s]
Building query seed array...  [0.011s]
Computing hash join...  [0.167s]
Masking low complexity seeds...  [0.016s]
Searching alignments...  [0.15s]
Deallocating memory...  [0s]
Processing query block 1, reference block 1/1, shape 12/16, index chunk 4/4.
Building reference seed array...  [0.632s]
Building query seed array...  [0s]
Computing hash join...  [0.128s]
Masking low complexity seeds...  [0s]
Searching alignments...  [0.001s]
Deallocating memory...  [0s]
Processing query block 1, reference block 1/1, shape 13/16, index chunk 1/4.
Building reference seed array...  [0.68s]
Building query seed array...  [0s]
Computing hash join...  [0.124s]
Masking low complexity seeds...  [0s]
Searching alignments...  [0.005s]
Deallocating memory...  [0s]
Processing query block 1, reference block 1/1, shape 13/16, index chunk 2/4.
Building reference seed array...  [1.004s]
Building query seed array...  [0.001s]
Computing hash join...  [0.083s]
Masking low complexity seeds...  [0s]
Searching alignments...  [0.002s]
Deallocating memory...  [0s]
Processing query block 1, reference block 1/1, shape 13/16, index chunk 3/4.
Building reference seed array...  [1.906s]
Building query seed array...  [0.001s]
Computing hash join...  [0.082s]
Masking low complexity seeds...  [0.001s]
Searching alignments...  [0.001s]
Deallocating memory...  [0s]
Processing query block 1, reference block 1/1, shape 13/16, index chunk 4/4.
Building reference seed array...  [0.616s]
Building query seed array...  [0s]
Computing hash join...  [0.082s]
Masking low complexity seeds...  [0.001s]
Searching alignments...  [0.005s]
Deallocating memory...  [0s]
Processing query block 1, reference block 1/1, shape 14/16, index chunk 1/4.
Building reference seed array...  [0.602s]
Building query seed array...  [0.001s]
Computing hash join...  [0.086s]
Masking low complexity seeds...  [0.001s]
Searching alignments...  [0.005s]
Deallocating memory...  [0s]
Processing query block 1, reference block 1/1, shape 14/16, index chunk 2/4.
Building reference seed array...  [0.719s]
Building query seed array...  [0.001s]
Computing hash join...  [0.077s]
Masking low complexity seeds...  [0.001s]
Searching alignments...  [0.003s]
Deallocating memory...  [0s]
Processing query block 1, reference block 1/1, shape 14/16, index chunk 3/4.
Building reference seed array...  [0.685s]
Building query seed array...  [0.001s]
Computing hash join...  [0.079s]
Masking low complexity seeds...  [0s]
Searching alignments...  [0.001s]
Deallocating memory...  [0s]
Processing query block 1, reference block 1/1, shape 14/16, index chunk 4/4.
Building reference seed array...  [0.595s]
Building query seed array...  [0.001s]
Computing hash join...  [0.084s]
Masking low complexity seeds...  [0s]
Searching alignments...  [0.001s]
Deallocating memory...  [0s]
Processing query block 1, reference block 1/1, shape 15/16, index chunk 1/4.
Building reference seed array...  [0.603s]
Building query seed array...  [0.001s]
Computing hash join...  [0.076s]
Masking low complexity seeds...  [0s]
Searching alignments...  [0.001s]
Deallocating memory...  [0s]
Processing query block 1, reference block 1/1, shape 15/16, index chunk 2/4.
Building reference seed array...  [1.047s]
Building query seed array...  [0.001s]
Computing hash join...  [0.095s]
Masking low complexity seeds...  [0s]
Searching alignments...  [0.001s]
Deallocating memory...  [0s]
Processing query block 1, reference block 1/1, shape 15/16, index chunk 3/4.
Building reference seed array...  [0.704s]
Building query seed array...  [0.001s]
Computing hash join...  [0.084s]
Masking low complexity seeds...  [0s]
Searching alignments...  [0.001s]
Deallocating memory...  [0s]
Processing query block 1, reference block 1/1, shape 15/16, index chunk 4/4.
Building reference seed array...  [0.57s]
Building query seed array...  [0s]
Computing hash join...  [0.081s]
Masking low complexity seeds...  [0s]
Searching alignments...  [0.001s]
Deallocating memory...  [0s]
Processing query block 1, reference block 1/1, shape 16/16, index chunk 1/4.
Building reference seed array...  [0.532s]
Building query seed array...  [0s]
Computing hash join...  [0.087s]
Masking low complexity seeds...  [0s]
Searching alignments...  [0.001s]
Deallocating memory...  [0s]
Processing query block 1, reference block 1/1, shape 16/16, index chunk 2/4.
Building reference seed array...  [0.61s]
Building query seed array...  [0s]
Computing hash join...  [0.092s]
Masking low complexity seeds...  [0s]
Searching alignments...  [0.001s]
Deallocating memory...  [0s]
Processing query block 1, reference block 1/1, shape 16/16, index chunk 3/4.
Building reference seed array...  [0.986s]
Building query seed array...  [0.001s]
Computing hash join...  [0.092s]
Masking low complexity seeds...  [0s]
Searching alignments...  [0.001s]
Deallocating memory...  [0s]
Processing query block 1, reference block 1/1, shape 16/16, index chunk 4/4.
Building reference seed array...  [0.494s]
Building query seed array...  [0s]
Computing hash join...  [0.111s]
Masking low complexity seeds...  [0s]
Searching alignments...  [0.001s]
Deallocating memory...  [0s]
Deallocating buffers...  [0.112s]
Clearing query masking...  [0s]
Computing alignments...  [0.734s]
Deallocating reference...  [0.041s]
Loading reference sequences...  [0.062s]
Deallocating buffers...  [0s]
Deallocating queries...  [0s]
Loading query sequences...  [0.024s]
Closing the input file...  [0s]
Closing the output file...  [0.001s]
Closing the database...  [0.013s]
Cleaning up...  [0s]
Total time = 67.126s
Reported 51 pairwise alignments, 51 HSPs.
6 queries aligned.
