[INFO][0m 65 patterns loaded from file
diamond v2.1.13.167 (C) Max Planck Society for the Advancement of Science, Benjamin Buchfink, University of Tuebingen
Documentation, support and updates available at http://www.diamondsearch.org
Please cite: http://dx.doi.org/10.1038/s41592-021-01101-x Nature Methods (2021)

#CPU threads: 8
Scoring parameters: (Matrix=BLOSUM62 Lambda=0.267 K=0.041 Penalties=11/1)
Temporary directory: /lustre10/home/tuatchenjh9703/ph/07_family_analysis/_automation_runs/profile_novel_annotation_20260820T004500JST/CarE
#Target sequences to report alignments for: 10
Opening the database...  [0.23s]
Database: /lustre10/home/tuatchenjh9703/ph/db/uniprot/uniprot_sprot.dmnd (type: Diamond database, sequences: 573661, letters: 207922125)
Block size = 2000000000
Opening the input file...  [0s]
Opening the output file...  [0s]
Loading query sequences...  [0s]
Masking queries...  [0.007s]
Algorithm: Double-indexed
Building query histograms...  [0.004s]
Seeking in database...  [0s]
Loading reference sequences...  [0.997s]
Masking reference...  [1.156s]
Initializing temporary storage...  [0.035s]
Building reference histograms...  [5.663s]
Allocating buffers...  [0s]
Processing query block 1, reference block 1/1, shape 1/16, index chunk 1/4.
Building reference seed array...  [0.547s]
Building query seed array...  [0.001s]
Computing hash join...  [0.178s]
Masking low complexity seeds...  [0s]
Searching alignments...  [0.003s]
Deallocating memory...  [0s]
Processing query block 1, reference block 1/1, shape 1/16, index chunk 2/4.
Building reference seed array...  [2.987s]
Building query seed array...  [0.001s]
Computing hash join...  [0.198s]
Masking low complexity seeds...  [0.001s]
Searching alignments...  [0.008s]
Deallocating memory...  [0s]
Processing query block 1, reference block 1/1, shape 1/16, index chunk 3/4.
Building reference seed array...  [2.835s]
Building query seed array...  [0.001s]
Computing hash join...  [0.326s]
Masking low complexity seeds...  [0s]
Searching alignments...  [0.007s]
Deallocating memory...  [0s]
Processing query block 1, reference block 1/1, shape 1/16, index chunk 4/4.
Building reference seed array...  [2.146s]
Building query seed array...  [0.001s]
Computing hash join...  [0.311s]
Masking low complexity seeds...  [0.001s]
Searching alignments...  [0.004s]
Deallocating memory...  [0s]
Processing query block 1, reference block 1/1, shape 2/16, index chunk 1/4.
Building reference seed array...  [1.615s]
Building query seed array...  [0.001s]
Computing hash join...  [0.183s]
Masking low complexity seeds...  [0.001s]
Searching alignments...  [0.009s]
Deallocating memory...  [0s]
Processing query block 1, reference block 1/1, shape 2/16, index chunk 2/4.
Building reference seed array...  [2.963s]
Building query seed array...  [0.001s]
Computing hash join...  [0.303s]
Masking low complexity seeds...  [0.001s]
Searching alignments...  [0.007s]
Deallocating memory...  [0s]
Processing query block 1, reference block 1/1, shape 2/16, index chunk 3/4.
Building reference seed array...  [2.808s]
Building query seed array...  [0.001s]
Computing hash join...  [0.314s]
Masking low complexity seeds...  [0.001s]
Searching alignments...  [0.007s]
Deallocating memory...  [0s]
Processing query block 1, reference block 1/1, shape 2/16, index chunk 4/4.
Building reference seed array...  [2.461s]
Building query seed array...  [0.001s]
Computing hash join...  [0.33s]
Masking low complexity seeds...  [0.001s]
Searching alignments...  [0.007s]
Deallocating memory...  [0s]
Processing query block 1, reference block 1/1, shape 3/16, index chunk 1/4.
Building reference seed array...  [2.484s]
Building query seed array...  [0.001s]
Computing hash join...  [0.309s]
Masking low complexity seeds...  [0.001s]
Searching alignments...  [0.008s]
Deallocating memory...  [0s]
Processing query block 1, reference block 1/1, shape 3/16, index chunk 2/4.
Building reference seed array...  [2.943s]
Building query seed array...  [0.001s]
Computing hash join...  [0.823s]
Masking low complexity seeds...  [0.001s]
Searching alignments...  [0.007s]
Deallocating memory...  [0s]
Processing query block 1, reference block 1/1, shape 3/16, index chunk 3/4.
Building reference seed array...  [0.627s]
Building query seed array...  [0.002s]
Computing hash join...  [0.207s]
Masking low complexity seeds...  [0s]
Searching alignments...  [0.004s]
Deallocating memory...  [0s]
Processing query block 1, reference block 1/1, shape 3/16, index chunk 4/4.
Building reference seed array...  [0.843s]
Building query seed array...  [0.001s]
Computing hash join...  [0.095s]
Masking low complexity seeds...  [0.001s]
Searching alignments...  [0.002s]
Deallocating memory...  [0s]
Processing query block 1, reference block 1/1, shape 4/16, index chunk 1/4.
Building reference seed array...  [0.492s]
Building query seed array...  [0.001s]
Computing hash join...  [0.07s]
Masking low complexity seeds...  [0s]
Searching alignments...  [0.002s]
Deallocating memory...  [0s]
Processing query block 1, reference block 1/1, shape 4/16, index chunk 2/4.
Building reference seed array...  [0.644s]
Building query seed array...  [0.001s]
Computing hash join...  [0.067s]
Masking low complexity seeds...  [0s]
Searching alignments...  [0.002s]
Deallocating memory...  [0s]
Processing query block 1, reference block 1/1, shape 4/16, index chunk 3/4.
Building reference seed array...  [0.713s]
Building query seed array...  [0.001s]
Computing hash join...  [0.062s]
Masking low complexity seeds...  [0s]
Searching alignments...  [0.001s]
Deallocating memory...  [0s]
Processing query block 1, reference block 1/1, shape 4/16, index chunk 4/4.
Building reference seed array...  [0.852s]
Building query seed array...  [0.001s]
Computing hash join...  [0.078s]
Masking low complexity seeds...  [0s]
Searching alignments...  [0.001s]
Deallocating memory...  [0s]
Processing query block 1, reference block 1/1, shape 5/16, index chunk 1/4.
Building reference seed array...  [0.727s]
Building query seed array...  [0.03s]
Computing hash join...  [0.124s]
Masking low complexity seeds...  [0s]
Searching alignments...  [0.072s]
Deallocating memory...  [0s]
Processing query block 1, reference block 1/1, shape 5/16, index chunk 2/4.
Building reference seed array...  [1.605s]
Building query seed array...  [0.006s]
Computing hash join...  [0.079s]
Masking low complexity seeds...  [0.003s]
Searching alignments...  [0.008s]
Deallocating memory...  [0s]
Processing query block 1, reference block 1/1, shape 5/16, index chunk 3/4.
Building reference seed array...  [0.703s]
Building query seed array...  [0.001s]
Computing hash join...  [0.083s]
Masking low complexity seeds...  [0.001s]
Searching alignments...  [0.002s]
Deallocating memory...  [0s]
Processing query block 1, reference block 1/1, shape 5/16, index chunk 4/4.
Building reference seed array...  [0.698s]
Building query seed array...  [0.002s]
Computing hash join...  [0.09s]
Masking low complexity seeds...  [0s]
Searching alignments...  [0.002s]
Deallocating memory...  [0s]
Processing query block 1, reference block 1/1, shape 6/16, index chunk 1/4.
Building reference seed array...  [2.182s]
Building query seed array...  [0.001s]
Computing hash join...  [0.082s]
Masking low complexity seeds...  [0s]
Searching alignments...  [0.001s]
Deallocating memory...  [0s]
Processing query block 1, reference block 1/1, shape 6/16, index chunk 2/4.
Building reference seed array...  [0.875s]
Building query seed array...  [0.002s]
Computing hash join...  [0.107s]
Masking low complexity seeds...  [0s]
Searching alignments...  [0.001s]
Deallocating memory...  [0s]
Processing query block 1, reference block 1/1, shape 6/16, index chunk 3/4.
Building reference seed array...  [0.718s]
Building query seed array...  [0.002s]
Computing hash join...  [0.281s]
Masking low complexity seeds...  [0.001s]
Searching alignments...  [0.002s]
Deallocating memory...  [0s]
Processing query block 1, reference block 1/1, shape 6/16, index chunk 4/4.
Building reference seed array...  [0.495s]
Building query seed array...  [0.002s]
Computing hash join...  [0.09s]
Masking low complexity seeds...  [0s]
Searching alignments...  [0.01s]
Deallocating memory...  [0s]
Processing query block 1, reference block 1/1, shape 7/16, index chunk 1/4.
Building reference seed array...  [2.44s]
Building query seed array...  [0.002s]
Computing hash join...  [0.316s]
Masking low complexity seeds...  [0.001s]
Searching alignments...  [0.007s]
Deallocating memory...  [0s]
Processing query block 1, reference block 1/1, shape 7/16, index chunk 2/4.
Building reference seed array...  [0.703s]
Building query seed array...  [0.002s]
Computing hash join...  [0.318s]
Masking low complexity seeds...  [0s]
Searching alignments...  [0.006s]
Deallocating memory...  [0s]
Processing query block 1, reference block 1/1, shape 7/16, index chunk 3/4.
Building reference seed array...  [2.441s]
Building query seed array...  [0.001s]
Computing hash join...  [0.325s]
Masking low complexity seeds...  [0.001s]
Searching alignments...  [0.007s]
Deallocating memory...  [0s]
Processing query block 1, reference block 1/1, shape 7/16, index chunk 4/4.
Building reference seed array...  [2.402s]
Building query seed array...  [0.001s]
Computing hash join...  [0.093s]
Masking low complexity seeds...  [0s]
Searching alignments...  [0.001s]
Deallocating memory...  [0s]
Processing query block 1, reference block 1/1, shape 8/16, index chunk 1/4.
Building reference seed array...  [0.91s]
Building query seed array...  [0.002s]
Computing hash join...  [0.088s]
Masking low complexity seeds...  [0s]
Searching alignments...  [0.001s]
Deallocating memory...  [0s]
Processing query block 1, reference block 1/1, shape 8/16, index chunk 2/4.
Building reference seed array...  [1.008s]
Building query seed array...  [0.001s]
Computing hash join...  [0.072s]
Masking low complexity seeds...  [0s]
Searching alignments...  [0.002s]
Deallocating memory...  [0s]
Processing query block 1, reference block 1/1, shape 8/16, index chunk 3/4.
Building reference seed array...  [0.772s]
Building query seed array...  [0.002s]
Computing hash join...  [0.086s]
Masking low complexity seeds...  [0.001s]
Searching alignments...  [0.003s]
Deallocating memory...  [0s]
Processing query block 1, reference block 1/1, shape 8/16, index chunk 4/4.
Building reference seed array...  [2.86s]
Building query seed array...  [0.002s]
Computing hash join...  [0.087s]
Masking low complexity seeds...  [0s]
Searching alignments...  [0.002s]
Deallocating memory...  [0s]
Processing query block 1, reference block 1/1, shape 9/16, index chunk 1/4.
Building reference seed array...  [0.524s]
Building query seed array...  [0.002s]
Computing hash join...  [0.081s]
Masking low complexity seeds...  [0.001s]
Searching alignments...  [0.009s]
Deallocating memory...  [0s]
Processing query block 1, reference block 1/1, shape 9/16, index chunk 2/4.
Building reference seed array...  [0.712s]
Building query seed array...  [0.002s]
Computing hash join...  [0.095s]
Masking low complexity seeds...  [0.001s]
Searching alignments...  [0.007s]
Deallocating memory...  [0s]
Processing query block 1, reference block 1/1, shape 9/16, index chunk 3/4.
Building reference seed array...  [2.612s]
Building query seed array...  [0.001s]
Computing hash join...  [0.313s]
Masking low complexity seeds...  [0.001s]
Searching alignments...  [0.007s]
Deallocating memory...  [0s]
Processing query block 1, reference block 1/1, shape 9/16, index chunk 4/4.
Building reference seed array...  [2.949s]
Building query seed array...  [0.002s]
Computing hash join...  [0.185s]
Masking low complexity seeds...  [0.001s]
Searching alignments...  [0.002s]
Deallocating memory...  [0s]
Processing query block 1, reference block 1/1, shape 10/16, index chunk 1/4.
Building reference seed array...  [2.302s]
Building query seed array...  [0.001s]
Computing hash join...  [0.158s]
Masking low complexity seeds...  [0.001s]
Searching alignments...  [0.007s]
Deallocating memory...  [0s]
Processing query block 1, reference block 1/1, shape 10/16, index chunk 2/4.
Building reference seed array...  [3.056s]
Building query seed array...  [0.002s]
Computing hash join...  [0.321s]
Masking low complexity seeds...  [0.001s]
Searching alignments...  [0.007s]
Deallocating memory...  [0s]
Processing query block 1, reference block 1/1, shape 10/16, index chunk 3/4.
Building reference seed array...  [2.539s]
Building query seed array...  [0.001s]
Computing hash join...  [0.306s]
Masking low complexity seeds...  [0.001s]
Searching alignments...  [0.003s]
Deallocating memory...  [0s]
Processing query block 1, reference block 1/1, shape 10/16, index chunk 4/4.
Building reference seed array...  [2.446s]
Building query seed array...  [0.002s]
Computing hash join...  [0.316s]
Masking low complexity seeds...  [0.001s]
Searching alignments...  [0.005s]
Deallocating memory...  [0s]
Processing query block 1, reference block 1/1, shape 11/16, index chunk 1/4.
Building reference seed array...  [0.602s]
Building query seed array...  [0.001s]
Computing hash join...  [0.074s]
Masking low complexity seeds...  [0s]
Searching alignments...  [0.002s]
Deallocating memory...  [0s]
Processing query block 1, reference block 1/1, shape 11/16, index chunk 2/4.
Building reference seed array...  [1.012s]
Building query seed array...  [0.037s]
Computing hash join...  [0.128s]
Masking low complexity seeds...  [0s]
Searching alignments...  [0.208s]
Deallocating memory...  [0s]
Processing query block 1, reference block 1/1, shape 11/16, index chunk 3/4.
Building reference seed array...  [1.508s]
Building query seed array...  [0.004s]
Computing hash join...  [0.068s]
Masking low complexity seeds...  [0s]
Searching alignments...  [0.002s]
Deallocating memory...  [0s]
Processing query block 1, reference block 1/1, shape 11/16, index chunk 4/4.
Building reference seed array...  [0.819s]
Building query seed array...  [0.002s]
Computing hash join...  [0.062s]
Masking low complexity seeds...  [0s]
Searching alignments...  [0.001s]
Deallocating memory...  [0s]
Processing query block 1, reference block 1/1, shape 12/16, index chunk 1/4.
Building reference seed array...  [0.622s]
Building query seed array...  [0.001s]
Computing hash join...  [0.168s]
Masking low complexity seeds...  [0.001s]
Searching alignments...  [0.006s]
Deallocating memory...  [0s]
Processing query block 1, reference block 1/1, shape 12/16, index chunk 2/4.
Building reference seed array...  [2.955s]
Building query seed array...  [0.001s]
Computing hash join...  [0.335s]
Masking low complexity seeds...  [0.001s]
Searching alignments...  [0.007s]
Deallocating memory...  [0s]
Processing query block 1, reference block 1/1, shape 12/16, index chunk 3/4.
Building reference seed array...  [2.121s]
Building query seed array...  [0.002s]
Computing hash join...  [0.325s]
Masking low complexity seeds...  [0.001s]
Searching alignments...  [0.006s]
Deallocating memory...  [0s]
Processing query block 1, reference block 1/1, shape 12/16, index chunk 4/4.
Building reference seed array...  [2.445s]
Building query seed array...  [0.001s]
Computing hash join...  [0.312s]
Masking low complexity seeds...  [0.001s]
Searching alignments...  [0.007s]
Deallocating memory...  [0s]
Processing query block 1, reference block 1/1, shape 13/16, index chunk 1/4.
Building reference seed array...  [2.441s]
Building query seed array...  [0.001s]
Computing hash join...  [0.196s]
Masking low complexity seeds...  [0.001s]
Searching alignments...  [0.007s]
Deallocating memory...  [0s]
Processing query block 1, reference block 1/1, shape 13/16, index chunk 2/4.
Building reference seed array...  [2.938s]
Building query seed array...  [0.002s]
Computing hash join...  [0.089s]
Masking low complexity seeds...  [0s]
Searching alignments...  [0.001s]
Deallocating memory...  [0s]
Processing query block 1, reference block 1/1, shape 13/16, index chunk 3/4.
Building reference seed array...  [0.843s]
Building query seed array...  [0.002s]
Computing hash join...  [0.079s]
Masking low complexity seeds...  [0s]
Searching alignments...  [0.002s]
Deallocating memory...  [0s]
Processing query block 1, reference block 1/1, shape 13/16, index chunk 4/4.
Building reference seed array...  [0.474s]
Building query seed array...  [0.001s]
Computing hash join...  [0.075s]
Masking low complexity seeds...  [0.001s]
Searching alignments...  [0.005s]
Deallocating memory...  [0s]
Processing query block 1, reference block 1/1, shape 14/16, index chunk 1/4.
Building reference seed array...  [0.586s]
Building query seed array...  [0.002s]
Computing hash join...  [0.194s]
Masking low complexity seeds...  [0s]
Searching alignments...  [0.002s]
Deallocating memory...  [0s]
Processing query block 1, reference block 1/1, shape 14/16, index chunk 2/4.
Building reference seed array...  [1.03s]
Building query seed array...  [0.002s]
Computing hash join...  [0.094s]
Masking low complexity seeds...  [0s]
Searching alignments...  [0.002s]
Deallocating memory...  [0s]
Processing query block 1, reference block 1/1, shape 14/16, index chunk 3/4.
Building reference seed array...  [2.757s]
Building query seed array...  [0.002s]
Computing hash join...  [0.072s]
Masking low complexity seeds...  [0s]
Searching alignments...  [0.002s]
Deallocating memory...  [0s]
Processing query block 1, reference block 1/1, shape 14/16, index chunk 4/4.
Building reference seed array...  [0.631s]
Building query seed array...  [0.002s]
Computing hash join...  [0.334s]
Masking low complexity seeds...  [0.001s]
Searching alignments...  [0.004s]
Deallocating memory...  [0s]
Processing query block 1, reference block 1/1, shape 15/16, index chunk 1/4.
Building reference seed array...  [2.152s]
Building query seed array...  [0.001s]
Computing hash join...  [0.101s]
Masking low complexity seeds...  [0.001s]
Searching alignments...  [0.004s]
Deallocating memory...  [0s]
Processing query block 1, reference block 1/1, shape 15/16, index chunk 2/4.
Building reference seed array...  [0.871s]
Building query seed array...  [0.001s]
Computing hash join...  [0.067s]
Masking low complexity seeds...  [0s]
Searching alignments...  [0.002s]
Deallocating memory...  [0s]
Processing query block 1, reference block 1/1, shape 15/16, index chunk 3/4.
Building reference seed array...  [3.239s]
Building query seed array...  [0.002s]
Computing hash join...  [0.089s]
Masking low complexity seeds...  [0s]
Searching alignments...  [0.002s]
Deallocating memory...  [0s]
Processing query block 1, reference block 1/1, shape 15/16, index chunk 4/4.
Building reference seed array...  [0.52s]
Building query seed array...  [0.001s]
Computing hash join...  [0.066s]
Masking low complexity seeds...  [0s]
Searching alignments...  [0.002s]
Deallocating memory...  [0s]
Processing query block 1, reference block 1/1, shape 16/16, index chunk 1/4.
Building reference seed array...  [0.693s]
Building query seed array...  [0.002s]
Computing hash join...  [0.08s]
Masking low complexity seeds...  [0s]
Searching alignments...  [0.002s]
Deallocating memory...  [0s]
Processing query block 1, reference block 1/1, shape 16/16, index chunk 2/4.
Building reference seed array...  [0.941s]
Building query seed array...  [0.001s]
Computing hash join...  [0.081s]
Masking low complexity seeds...  [0s]
Searching alignments...  [0.003s]
Deallocating memory...  [0s]
Processing query block 1, reference block 1/1, shape 16/16, index chunk 3/4.
Building reference seed array...  [1.228s]
Building query seed array...  [0.001s]
Computing hash join...  [0.133s]
Masking low complexity seeds...  [0.001s]
Searching alignments...  [0.006s]
Deallocating memory...  [0s]
Processing query block 1, reference block 1/1, shape 16/16, index chunk 4/4.
Building reference seed array...  [0.687s]
Building query seed array...  [0.001s]
Computing hash join...  [0.324s]
Masking low complexity seeds...  [0.001s]
Searching alignments...  [0.007s]
Deallocating memory...  [0s]
Deallocating buffers...  [0.093s]
Clearing query masking...  [0s]
Computing alignments...  [0.102s]
Deallocating reference...  [0.034s]
Loading reference sequences...  [0s]
Deallocating buffers...  [0s]
Deallocating queries...  [0s]
Loading query sequences...  [0s]
Closing the input file...  [0s]
Closing the output file...  [0.001s]
Closing the database...  [0.006s]
Cleaning up...  [0s]
Total time = 121.819s
Reported 541 pairwise alignments, 541 HSPs.
59 queries aligned.
