[INFO][0m 22 patterns loaded from file
diamond v2.1.13.167 (C) Max Planck Society for the Advancement of Science, Benjamin Buchfink, University of Tuebingen
Documentation, support and updates available at http://www.diamondsearch.org
Please cite: http://dx.doi.org/10.1038/s41592-021-01101-x Nature Methods (2021)

#CPU threads: 8
Scoring parameters: (Matrix=BLOSUM62 Lambda=0.267 K=0.041 Penalties=11/1)
Temporary directory: /lustre10/home/tuatchenjh9703/ph/07_family_analysis/_automation_runs/profile_novel_annotation_20260820T004500JST/GST
#Target sequences to report alignments for: 10
Opening the database...  [0.235s]
Database: /lustre10/home/tuatchenjh9703/ph/db/uniprot/uniprot_sprot.dmnd (type: Diamond database, sequences: 573661, letters: 207922125)
Block size = 2000000000
Opening the input file...  [0s]
Opening the output file...  [0s]
Loading query sequences...  [0s]
Masking queries...  [0.007s]
Algorithm: Double-indexed
Building query histograms...  [0.001s]
Seeking in database...  [0s]
Loading reference sequences...  [0.995s]
Masking reference...  [1.243s]
Initializing temporary storage...  [0.036s]
Building reference histograms...  [4.761s]
Allocating buffers...  [0.028s]
Processing query block 1, reference block 1/1, shape 1/16, index chunk 1/4.
Building reference seed array...  [0.513s]
Building query seed array...  [0.001s]
Computing hash join...  [0.1s]
Masking low complexity seeds...  [0.023s]
Searching alignments...  [0.078s]
Deallocating memory...  [0s]
Processing query block 1, reference block 1/1, shape 1/16, index chunk 2/4.
Building reference seed array...  [0.707s]
Building query seed array...  [0.001s]
Computing hash join...  [0.068s]
Masking low complexity seeds...  [0s]
Searching alignments...  [0.001s]
Deallocating memory...  [0s]
Processing query block 1, reference block 1/1, shape 1/16, index chunk 3/4.
Building reference seed array...  [0.468s]
Building query seed array...  [0s]
Computing hash join...  [0.072s]
Masking low complexity seeds...  [0s]
Searching alignments...  [0.001s]
Deallocating memory...  [0s]
Processing query block 1, reference block 1/1, shape 1/16, index chunk 4/4.
Building reference seed array...  [0.388s]
Building query seed array...  [0s]
Computing hash join...  [0.068s]
Masking low complexity seeds...  [0s]
Searching alignments...  [0.001s]
Deallocating memory...  [0s]
Processing query block 1, reference block 1/1, shape 2/16, index chunk 1/4.
Building reference seed array...  [0.624s]
Building query seed array...  [0.001s]
Computing hash join...  [0.087s]
Masking low complexity seeds...  [0s]
Searching alignments...  [0.001s]
Deallocating memory...  [0s]
Processing query block 1, reference block 1/1, shape 2/16, index chunk 2/4.
Building reference seed array...  [0.469s]
Building query seed array...  [0.001s]
Computing hash join...  [0.07s]
Masking low complexity seeds...  [0s]
Searching alignments...  [0s]
Deallocating memory...  [0s]
Processing query block 1, reference block 1/1, shape 2/16, index chunk 3/4.
Building reference seed array...  [0.42s]
Building query seed array...  [0s]
Computing hash join...  [0.064s]
Masking low complexity seeds...  [0s]
Searching alignments...  [0s]
Deallocating memory...  [0s]
Processing query block 1, reference block 1/1, shape 2/16, index chunk 4/4.
Building reference seed array...  [0.38s]
Building query seed array...  [0s]
Computing hash join...  [0.055s]
Masking low complexity seeds...  [0s]
Searching alignments...  [0s]
Deallocating memory...  [0s]
Processing query block 1, reference block 1/1, shape 3/16, index chunk 1/4.
Building reference seed array...  [0.376s]
Building query seed array...  [0s]
Computing hash join...  [0.057s]
Masking low complexity seeds...  [0s]
Searching alignments...  [0s]
Deallocating memory...  [0s]
Processing query block 1, reference block 1/1, shape 3/16, index chunk 2/4.
Building reference seed array...  [0.528s]
Building query seed array...  [0.001s]
Computing hash join...  [0.076s]
Masking low complexity seeds...  [0s]
Searching alignments...  [0s]
Deallocating memory...  [0s]
Processing query block 1, reference block 1/1, shape 3/16, index chunk 3/4.
Building reference seed array...  [0.445s]
Building query seed array...  [0.001s]
Computing hash join...  [0.069s]
Masking low complexity seeds...  [0s]
Searching alignments...  [0.001s]
Deallocating memory...  [0s]
Processing query block 1, reference block 1/1, shape 3/16, index chunk 4/4.
Building reference seed array...  [0.377s]
Building query seed array...  [0s]
Computing hash join...  [0.065s]
Masking low complexity seeds...  [0s]
Searching alignments...  [0s]
Deallocating memory...  [0s]
Processing query block 1, reference block 1/1, shape 4/16, index chunk 1/4.
Building reference seed array...  [0.392s]
Building query seed array...  [0.001s]
Computing hash join...  [0.062s]
Masking low complexity seeds...  [0s]
Searching alignments...  [0s]
Deallocating memory...  [0s]
Processing query block 1, reference block 1/1, shape 4/16, index chunk 2/4.
Building reference seed array...  [0.458s]
Building query seed array...  [0.001s]
Computing hash join...  [0.072s]
Masking low complexity seeds...  [0s]
Searching alignments...  [0s]
Deallocating memory...  [0s]
Processing query block 1, reference block 1/1, shape 4/16, index chunk 3/4.
Building reference seed array...  [0.518s]
Building query seed array...  [0.001s]
Computing hash join...  [0.07s]
Masking low complexity seeds...  [0s]
Searching alignments...  [0.001s]
Deallocating memory...  [0s]
Processing query block 1, reference block 1/1, shape 4/16, index chunk 4/4.
Building reference seed array...  [0.64s]
Building query seed array...  [0.001s]
Computing hash join...  [0.074s]
Masking low complexity seeds...  [0s]
Searching alignments...  [0.001s]
Deallocating memory...  [0s]
Processing query block 1, reference block 1/1, shape 5/16, index chunk 1/4.
Building reference seed array...  [0.439s]
Building query seed array...  [0.001s]
Computing hash join...  [0.066s]
Masking low complexity seeds...  [0s]
Searching alignments...  [0.001s]
Deallocating memory...  [0s]
Processing query block 1, reference block 1/1, shape 5/16, index chunk 2/4.
Building reference seed array...  [0.485s]
Building query seed array...  [0.001s]
Computing hash join...  [0.067s]
Masking low complexity seeds...  [0s]
Searching alignments...  [0.001s]
Deallocating memory...  [0s]
Processing query block 1, reference block 1/1, shape 5/16, index chunk 3/4.
Building reference seed array...  [0.529s]
Building query seed array...  [0.001s]
Computing hash join...  [0.068s]
Masking low complexity seeds...  [0s]
Searching alignments...  [0s]
Deallocating memory...  [0s]
Processing query block 1, reference block 1/1, shape 5/16, index chunk 4/4.
Building reference seed array...  [0.566s]
Building query seed array...  [0.001s]
Computing hash join...  [0.073s]
Masking low complexity seeds...  [0s]
Searching alignments...  [0s]
Deallocating memory...  [0s]
Processing query block 1, reference block 1/1, shape 6/16, index chunk 1/4.
Building reference seed array...  [0.401s]
Building query seed array...  [0.001s]
Computing hash join...  [0.068s]
Masking low complexity seeds...  [0s]
Searching alignments...  [0s]
Deallocating memory...  [0s]
Processing query block 1, reference block 1/1, shape 6/16, index chunk 2/4.
Building reference seed array...  [0.463s]
Building query seed array...  [0s]
Computing hash join...  [0.061s]
Masking low complexity seeds...  [0s]
Searching alignments...  [0s]
Deallocating memory...  [0s]
Processing query block 1, reference block 1/1, shape 6/16, index chunk 3/4.
Building reference seed array...  [0.444s]
Building query seed array...  [0.001s]
Computing hash join...  [0.07s]
Masking low complexity seeds...  [0s]
Searching alignments...  [0.001s]
Deallocating memory...  [0s]
Processing query block 1, reference block 1/1, shape 6/16, index chunk 4/4.
Building reference seed array...  [0.384s]
Building query seed array...  [0.001s]
Computing hash join...  [0.067s]
Masking low complexity seeds...  [0s]
Searching alignments...  [0.001s]
Deallocating memory...  [0s]
Processing query block 1, reference block 1/1, shape 7/16, index chunk 1/4.
Building reference seed array...  [0.434s]
Building query seed array...  [0.001s]
Computing hash join...  [0.073s]
Masking low complexity seeds...  [0s]
Searching alignments...  [0.001s]
Deallocating memory...  [0s]
Processing query block 1, reference block 1/1, shape 7/16, index chunk 2/4.
Building reference seed array...  [0.674s]
Building query seed array...  [0.001s]
Computing hash join...  [0.072s]
Masking low complexity seeds...  [0s]
Searching alignments...  [0s]
Deallocating memory...  [0s]
Processing query block 1, reference block 1/1, shape 7/16, index chunk 3/4.
Building reference seed array...  [0.498s]
Building query seed array...  [0.001s]
Computing hash join...  [0.079s]
Masking low complexity seeds...  [0s]
Searching alignments...  [0s]
Deallocating memory...  [0s]
Processing query block 1, reference block 1/1, shape 7/16, index chunk 4/4.
Building reference seed array...  [0.583s]
Building query seed array...  [0.001s]
Computing hash join...  [0.075s]
Masking low complexity seeds...  [0s]
Searching alignments...  [0.001s]
Deallocating memory...  [0s]
Processing query block 1, reference block 1/1, shape 8/16, index chunk 1/4.
Building reference seed array...  [0.394s]
Building query seed array...  [0s]
Computing hash join...  [0.072s]
Masking low complexity seeds...  [0s]
Searching alignments...  [0s]
Deallocating memory...  [0s]
Processing query block 1, reference block 1/1, shape 8/16, index chunk 2/4.
Building reference seed array...  [0.466s]
Building query seed array...  [0s]
Computing hash join...  [0.071s]
Masking low complexity seeds...  [0s]
Searching alignments...  [0s]
Deallocating memory...  [0s]
Processing query block 1, reference block 1/1, shape 8/16, index chunk 3/4.
Building reference seed array...  [0.438s]
Building query seed array...  [0s]
Computing hash join...  [0.075s]
Masking low complexity seeds...  [0s]
Searching alignments...  [0s]
Deallocating memory...  [0s]
Processing query block 1, reference block 1/1, shape 8/16, index chunk 4/4.
Building reference seed array...  [0.489s]
Building query seed array...  [0.001s]
Computing hash join...  [0.074s]
Masking low complexity seeds...  [0s]
Searching alignments...  [0s]
Deallocating memory...  [0s]
Processing query block 1, reference block 1/1, shape 9/16, index chunk 1/4.
Building reference seed array...  [0.395s]
Building query seed array...  [0s]
Computing hash join...  [0.066s]
Masking low complexity seeds...  [0s]
Searching alignments...  [0s]
Deallocating memory...  [0s]
Processing query block 1, reference block 1/1, shape 9/16, index chunk 2/4.
Building reference seed array...  [0.636s]
Building query seed array...  [0.001s]
Computing hash join...  [0.078s]
Masking low complexity seeds...  [0s]
Searching alignments...  [0.001s]
Deallocating memory...  [0s]
Processing query block 1, reference block 1/1, shape 9/16, index chunk 3/4.
Building reference seed array...  [0.567s]
Building query seed array...  [0.001s]
Computing hash join...  [0.083s]
Masking low complexity seeds...  [0s]
Searching alignments...  [0.001s]
Deallocating memory...  [0s]
Processing query block 1, reference block 1/1, shape 9/16, index chunk 4/4.
Building reference seed array...  [0.376s]
Building query seed array...  [0s]
Computing hash join...  [0.061s]
Masking low complexity seeds...  [0s]
Searching alignments...  [0.001s]
Deallocating memory...  [0s]
Processing query block 1, reference block 1/1, shape 10/16, index chunk 1/4.
Building reference seed array...  [0.385s]
Building query seed array...  [0.001s]
Computing hash join...  [0.06s]
Masking low complexity seeds...  [0s]
Searching alignments...  [0s]
Deallocating memory...  [0s]
Processing query block 1, reference block 1/1, shape 10/16, index chunk 2/4.
Building reference seed array...  [0.476s]
Building query seed array...  [0.001s]
Computing hash join...  [0.074s]
Masking low complexity seeds...  [0s]
Searching alignments...  [0s]
Deallocating memory...  [0s]
Processing query block 1, reference block 1/1, shape 10/16, index chunk 3/4.
Building reference seed array...  [0.562s]
Building query seed array...  [0.001s]
Computing hash join...  [0.07s]
Masking low complexity seeds...  [0s]
Searching alignments...  [0s]
Deallocating memory...  [0s]
Processing query block 1, reference block 1/1, shape 10/16, index chunk 4/4.
Building reference seed array...  [0.394s]
Building query seed array...  [0.001s]
Computing hash join...  [0.067s]
Masking low complexity seeds...  [0s]
Searching alignments...  [0s]
Deallocating memory...  [0s]
Processing query block 1, reference block 1/1, shape 11/16, index chunk 1/4.
Building reference seed array...  [0.368s]
Building query seed array...  [0s]
Computing hash join...  [0.062s]
Masking low complexity seeds...  [0s]
Searching alignments...  [0s]
Deallocating memory...  [0s]
Processing query block 1, reference block 1/1, shape 11/16, index chunk 2/4.
Building reference seed array...  [0.456s]
Building query seed array...  [0s]
Computing hash join...  [0.063s]
Masking low complexity seeds...  [0s]
Searching alignments...  [0.001s]
Deallocating memory...  [0s]
Processing query block 1, reference block 1/1, shape 11/16, index chunk 3/4.
Building reference seed array...  [0.456s]
Building query seed array...  [0.001s]
Computing hash join...  [0.07s]
Masking low complexity seeds...  [0s]
Searching alignments...  [0s]
Deallocating memory...  [0s]
Processing query block 1, reference block 1/1, shape 11/16, index chunk 4/4.
Building reference seed array...  [0.369s]
Building query seed array...  [0s]
Computing hash join...  [0.05s]
Masking low complexity seeds...  [0s]
Searching alignments...  [0s]
Deallocating memory...  [0s]
Processing query block 1, reference block 1/1, shape 12/16, index chunk 1/4.
Building reference seed array...  [0.377s]
Building query seed array...  [0s]
Computing hash join...  [0.059s]
Masking low complexity seeds...  [0s]
Searching alignments...  [0s]
Deallocating memory...  [0s]
Processing query block 1, reference block 1/1, shape 12/16, index chunk 2/4.
Building reference seed array...  [0.514s]
Building query seed array...  [0s]
Computing hash join...  [0.078s]
Masking low complexity seeds...  [0s]
Searching alignments...  [0s]
Deallocating memory...  [0s]
Processing query block 1, reference block 1/1, shape 12/16, index chunk 3/4.
Building reference seed array...  [0.433s]
Building query seed array...  [0.001s]
Computing hash join...  [0.061s]
Masking low complexity seeds...  [0s]
Searching alignments...  [0s]
Deallocating memory...  [0s]
Processing query block 1, reference block 1/1, shape 12/16, index chunk 4/4.
Building reference seed array...  [0.386s]
Building query seed array...  [0s]
Computing hash join...  [0.074s]
Masking low complexity seeds...  [0s]
Searching alignments...  [0.001s]
Deallocating memory...  [0s]
Processing query block 1, reference block 1/1, shape 13/16, index chunk 1/4.
Building reference seed array...  [0.398s]
Building query seed array...  [0s]
Computing hash join...  [0.066s]
Masking low complexity seeds...  [0s]
Searching alignments...  [0s]
Deallocating memory...  [0s]
Processing query block 1, reference block 1/1, shape 13/16, index chunk 2/4.
Building reference seed array...  [0.62s]
Building query seed array...  [0.001s]
Computing hash join...  [0.08s]
Masking low complexity seeds...  [0s]
Searching alignments...  [0s]
Deallocating memory...  [0s]
Processing query block 1, reference block 1/1, shape 13/16, index chunk 3/4.
Building reference seed array...  [0.427s]
Building query seed array...  [0.001s]
Computing hash join...  [0.055s]
Masking low complexity seeds...  [0s]
Searching alignments...  [0s]
Deallocating memory...  [0s]
Processing query block 1, reference block 1/1, shape 13/16, index chunk 4/4.
Building reference seed array...  [0.402s]
Building query seed array...  [0.001s]
Computing hash join...  [0.066s]
Masking low complexity seeds...  [0s]
Searching alignments...  [0s]
Deallocating memory...  [0s]
Processing query block 1, reference block 1/1, shape 14/16, index chunk 1/4.
Building reference seed array...  [0.426s]
Building query seed array...  [0.001s]
Computing hash join...  [0.066s]
Masking low complexity seeds...  [0s]
Searching alignments...  [0s]
Deallocating memory...  [0s]
Processing query block 1, reference block 1/1, shape 14/16, index chunk 2/4.
Building reference seed array...  [0.439s]
Building query seed array...  [0s]
Computing hash join...  [0.062s]
Masking low complexity seeds...  [0s]
Searching alignments...  [0s]
Deallocating memory...  [0s]
Processing query block 1, reference block 1/1, shape 14/16, index chunk 3/4.
Building reference seed array...  [0.423s]
Building query seed array...  [0s]
Computing hash join...  [0.051s]
Masking low complexity seeds...  [0s]
Searching alignments...  [0s]
Deallocating memory...  [0s]
Processing query block 1, reference block 1/1, shape 14/16, index chunk 4/4.
Building reference seed array...  [0.359s]
Building query seed array...  [0s]
Computing hash join...  [0.058s]
Masking low complexity seeds...  [0s]
Searching alignments...  [0s]
Deallocating memory...  [0s]
Processing query block 1, reference block 1/1, shape 15/16, index chunk 1/4.
Building reference seed array...  [0.383s]
Building query seed array...  [0s]
Computing hash join...  [0.061s]
Masking low complexity seeds...  [0s]
Searching alignments...  [0s]
Deallocating memory...  [0s]
Processing query block 1, reference block 1/1, shape 15/16, index chunk 2/4.
Building reference seed array...  [0.457s]
Building query seed array...  [0s]
Computing hash join...  [0.053s]
Masking low complexity seeds...  [0s]
Searching alignments...  [0s]
Deallocating memory...  [0s]
Processing query block 1, reference block 1/1, shape 15/16, index chunk 3/4.
Building reference seed array...  [0.44s]
Building query seed array...  [0s]
Computing hash join...  [0.059s]
Masking low complexity seeds...  [0s]
Searching alignments...  [0s]
Deallocating memory...  [0s]
Processing query block 1, reference block 1/1, shape 15/16, index chunk 4/4.
Building reference seed array...  [0.355s]
Building query seed array...  [0s]
Computing hash join...  [0.06s]
Masking low complexity seeds...  [0s]
Searching alignments...  [0s]
Deallocating memory...  [0s]
Processing query block 1, reference block 1/1, shape 16/16, index chunk 1/4.
Building reference seed array...  [0.39s]
Building query seed array...  [0s]
Computing hash join...  [0.069s]
Masking low complexity seeds...  [0s]
Searching alignments...  [0s]
Deallocating memory...  [0s]
Processing query block 1, reference block 1/1, shape 16/16, index chunk 2/4.
Building reference seed array...  [0.653s]
Building query seed array...  [0.03s]
Computing hash join...  [0.09s]
Masking low complexity seeds...  [0.018s]
Searching alignments...  [0.086s]
Deallocating memory...  [0s]
Processing query block 1, reference block 1/1, shape 16/16, index chunk 3/4.
Building reference seed array...  [0.469s]
Building query seed array...  [0.001s]
Computing hash join...  [0.077s]
Masking low complexity seeds...  [0s]
Searching alignments...  [0s]
Deallocating memory...  [0s]
Processing query block 1, reference block 1/1, shape 16/16, index chunk 4/4.
Building reference seed array...  [0.38s]
Building query seed array...  [0.001s]
Computing hash join...  [0.186s]
Masking low complexity seeds...  [0.008s]
Searching alignments...  [0.022s]
Deallocating memory...  [0.003s]
Deallocating buffers...  [0.099s]
Clearing query masking...  [0.029s]
Computing alignments...  [0.876s]
Deallocating reference...  [0.03s]
Loading reference sequences...  [0.031s]
Deallocating buffers...  [0s]
Deallocating queries...  [0s]
Loading query sequences...  [0.023s]
Closing the input file...  [0s]
Closing the output file...  [0.001s]
Closing the database...  [0.012s]
Cleaning up...  [0s]
Total time = 43.565s
Reported 220 pairwise alignments, 220 HSPs.
22 queries aligned.
