[INFO][0m 29 patterns loaded from file
diamond v2.1.13.167 (C) Max Planck Society for the Advancement of Science, Benjamin Buchfink, University of Tuebingen
Documentation, support and updates available at http://www.diamondsearch.org
Please cite: http://dx.doi.org/10.1038/s41592-021-01101-x Nature Methods (2021)

#CPU threads: 8
Scoring parameters: (Matrix=BLOSUM62 Lambda=0.267 K=0.041 Penalties=11/1)
Temporary directory: /lustre10/home/tuatchenjh9703/ph/07_family_analysis/_automation_runs/profile_novel_annotation_20260820T004500JST/UGT
#Target sequences to report alignments for: 10
Opening the database...  [0.257s]
Database: /lustre10/home/tuatchenjh9703/ph/db/uniprot/uniprot_sprot.dmnd (type: Diamond database, sequences: 573661, letters: 207922125)
Block size = 2000000000
Opening the input file...  [0.016s]
Opening the output file...  [0s]
Loading query sequences...  [0s]
Masking queries...  [0.006s]
Algorithm: Double-indexed
Building query histograms...  [0.001s]
Seeking in database...  [0s]
Loading reference sequences...  [1.116s]
Masking reference...  [1.203s]
Initializing temporary storage...  [0.008s]
Building reference histograms...  [4.713s]
Allocating buffers...  [0s]
Processing query block 1, reference block 1/1, shape 1/16, index chunk 1/4.
Building reference seed array...  [0.479s]
Building query seed array...  [0.001s]
Computing hash join...  [0.07s]
Masking low complexity seeds...  [0s]
Searching alignments...  [0.001s]
Deallocating memory...  [0s]
Processing query block 1, reference block 1/1, shape 1/16, index chunk 2/4.
Building reference seed array...  [0.492s]
Building query seed array...  [0.001s]
Computing hash join...  [0.06s]
Masking low complexity seeds...  [0s]
Searching alignments...  [0s]
Deallocating memory...  [0s]
Processing query block 1, reference block 1/1, shape 1/16, index chunk 3/4.
Building reference seed array...  [0.576s]
Building query seed array...  [0.001s]
Computing hash join...  [0.064s]
Masking low complexity seeds...  [0s]
Searching alignments...  [0.001s]
Deallocating memory...  [0s]
Processing query block 1, reference block 1/1, shape 1/16, index chunk 4/4.
Building reference seed array...  [0.521s]
Building query seed array...  [0.001s]
Computing hash join...  [0.069s]
Masking low complexity seeds...  [0s]
Searching alignments...  [0.001s]
Deallocating memory...  [0s]
Processing query block 1, reference block 1/1, shape 2/16, index chunk 1/4.
Building reference seed array...  [0.525s]
Building query seed array...  [0.001s]
Computing hash join...  [0.064s]
Masking low complexity seeds...  [0s]
Searching alignments...  [0.001s]
Deallocating memory...  [0s]
Processing query block 1, reference block 1/1, shape 2/16, index chunk 2/4.
Building reference seed array...  [0.579s]
Building query seed array...  [0.001s]
Computing hash join...  [0.061s]
Masking low complexity seeds...  [0s]
Searching alignments...  [0.001s]
Deallocating memory...  [0s]
Processing query block 1, reference block 1/1, shape 2/16, index chunk 3/4.
Building reference seed array...  [0.428s]
Building query seed array...  [0s]
Computing hash join...  [0.048s]
Masking low complexity seeds...  [0s]
Searching alignments...  [0s]
Deallocating memory...  [0s]
Processing query block 1, reference block 1/1, shape 2/16, index chunk 4/4.
Building reference seed array...  [0.371s]
Building query seed array...  [0s]
Computing hash join...  [0.05s]
Masking low complexity seeds...  [0s]
Searching alignments...  [0s]
Deallocating memory...  [0s]
Processing query block 1, reference block 1/1, shape 3/16, index chunk 1/4.
Building reference seed array...  [0.393s]
Building query seed array...  [0s]
Computing hash join...  [0.064s]
Masking low complexity seeds...  [0s]
Searching alignments...  [0.001s]
Deallocating memory...  [0s]
Processing query block 1, reference block 1/1, shape 3/16, index chunk 2/4.
Building reference seed array...  [0.474s]
Building query seed array...  [0.001s]
Computing hash join...  [0.054s]
Masking low complexity seeds...  [0s]
Searching alignments...  [0s]
Deallocating memory...  [0s]
Processing query block 1, reference block 1/1, shape 3/16, index chunk 3/4.
Building reference seed array...  [0.588s]
Building query seed array...  [0.001s]
Computing hash join...  [0.072s]
Masking low complexity seeds...  [0s]
Searching alignments...  [0.001s]
Deallocating memory...  [0s]
Processing query block 1, reference block 1/1, shape 3/16, index chunk 4/4.
Building reference seed array...  [0.403s]
Building query seed array...  [0.001s]
Computing hash join...  [0.061s]
Masking low complexity seeds...  [0s]
Searching alignments...  [0.001s]
Deallocating memory...  [0s]
Processing query block 1, reference block 1/1, shape 4/16, index chunk 1/4.
Building reference seed array...  [0.397s]
Building query seed array...  [0.001s]
Computing hash join...  [0.052s]
Masking low complexity seeds...  [0s]
Searching alignments...  [0s]
Deallocating memory...  [0s]
Processing query block 1, reference block 1/1, shape 4/16, index chunk 2/4.
Building reference seed array...  [0.457s]
Building query seed array...  [0s]
Computing hash join...  [0.052s]
Masking low complexity seeds...  [0s]
Searching alignments...  [0.001s]
Deallocating memory...  [0s]
Processing query block 1, reference block 1/1, shape 4/16, index chunk 3/4.
Building reference seed array...  [0.475s]
Building query seed array...  [0s]
Computing hash join...  [0.062s]
Masking low complexity seeds...  [0s]
Searching alignments...  [0.001s]
Deallocating memory...  [0s]
Processing query block 1, reference block 1/1, shape 4/16, index chunk 4/4.
Building reference seed array...  [0.382s]
Building query seed array...  [0s]
Computing hash join...  [0.06s]
Masking low complexity seeds...  [0s]
Searching alignments...  [0.001s]
Deallocating memory...  [0s]
Processing query block 1, reference block 1/1, shape 5/16, index chunk 1/4.
Building reference seed array...  [0.382s]
Building query seed array...  [0s]
Computing hash join...  [0.059s]
Masking low complexity seeds...  [0s]
Searching alignments...  [0s]
Deallocating memory...  [0s]
Processing query block 1, reference block 1/1, shape 5/16, index chunk 2/4.
Building reference seed array...  [0.501s]
Building query seed array...  [0.001s]
Computing hash join...  [0.061s]
Masking low complexity seeds...  [0s]
Searching alignments...  [0.001s]
Deallocating memory...  [0s]
Processing query block 1, reference block 1/1, shape 5/16, index chunk 3/4.
Building reference seed array...  [0.611s]
Building query seed array...  [0.001s]
Computing hash join...  [0.069s]
Masking low complexity seeds...  [0s]
Searching alignments...  [0.001s]
Deallocating memory...  [0s]
Processing query block 1, reference block 1/1, shape 5/16, index chunk 4/4.
Building reference seed array...  [0.414s]
Building query seed array...  [0.001s]
Computing hash join...  [0.058s]
Masking low complexity seeds...  [0s]
Searching alignments...  [0.001s]
Deallocating memory...  [0s]
Processing query block 1, reference block 1/1, shape 6/16, index chunk 1/4.
Building reference seed array...  [0.371s]
Building query seed array...  [0s]
Computing hash join...  [0.053s]
Masking low complexity seeds...  [0s]
Searching alignments...  [0.001s]
Deallocating memory...  [0s]
Processing query block 1, reference block 1/1, shape 6/16, index chunk 2/4.
Building reference seed array...  [0.487s]
Building query seed array...  [0.001s]
Computing hash join...  [0.056s]
Masking low complexity seeds...  [0s]
Searching alignments...  [0.001s]
Deallocating memory...  [0s]
Processing query block 1, reference block 1/1, shape 6/16, index chunk 3/4.
Building reference seed array...  [0.449s]
Building query seed array...  [0s]
Computing hash join...  [0.057s]
Masking low complexity seeds...  [0s]
Searching alignments...  [0.001s]
Deallocating memory...  [0s]
Processing query block 1, reference block 1/1, shape 6/16, index chunk 4/4.
Building reference seed array...  [0.373s]
Building query seed array...  [0.001s]
Computing hash join...  [0.062s]
Masking low complexity seeds...  [0s]
Searching alignments...  [0.001s]
Deallocating memory...  [0s]
Processing query block 1, reference block 1/1, shape 7/16, index chunk 1/4.
Building reference seed array...  [0.386s]
Building query seed array...  [0.001s]
Computing hash join...  [0.059s]
Masking low complexity seeds...  [0s]
Searching alignments...  [0.001s]
Deallocating memory...  [0s]
Processing query block 1, reference block 1/1, shape 7/16, index chunk 2/4.
Building reference seed array...  [0.447s]
Building query seed array...  [0s]
Computing hash join...  [0.061s]
Masking low complexity seeds...  [0s]
Searching alignments...  [0s]
Deallocating memory...  [0s]
Processing query block 1, reference block 1/1, shape 7/16, index chunk 3/4.
Building reference seed array...  [0.428s]
Building query seed array...  [0s]
Computing hash join...  [0.062s]
Masking low complexity seeds...  [0s]
Searching alignments...  [0.001s]
Deallocating memory...  [0s]
Processing query block 1, reference block 1/1, shape 7/16, index chunk 4/4.
Building reference seed array...  [0.818s]
Building query seed array...  [0.036s]
Computing hash join...  [0.073s]
Masking low complexity seeds...  [0.039s]
Searching alignments...  [0.212s]
Deallocating memory...  [0s]
Processing query block 1, reference block 1/1, shape 8/16, index chunk 1/4.
Building reference seed array...  [0.385s]
Building query seed array...  [0.001s]
Computing hash join...  [0.069s]
Masking low complexity seeds...  [0s]
Searching alignments...  [0.002s]
Deallocating memory...  [0s]
Processing query block 1, reference block 1/1, shape 8/16, index chunk 2/4.
Building reference seed array...  [0.536s]
Building query seed array...  [0.028s]
Computing hash join...  [0.085s]
Masking low complexity seeds...  [0.003s]
Searching alignments...  [0.078s]
Deallocating memory...  [0s]
Processing query block 1, reference block 1/1, shape 8/16, index chunk 3/4.
Building reference seed array...  [0.435s]
Building query seed array...  [0.001s]
Computing hash join...  [0.054s]
Masking low complexity seeds...  [0s]
Searching alignments...  [0.001s]
Deallocating memory...  [0s]
Processing query block 1, reference block 1/1, shape 8/16, index chunk 4/4.
Building reference seed array...  [0.395s]
Building query seed array...  [0s]
Computing hash join...  [0.047s]
Masking low complexity seeds...  [0s]
Searching alignments...  [0.001s]
Deallocating memory...  [0s]
Processing query block 1, reference block 1/1, shape 9/16, index chunk 1/4.
Building reference seed array...  [0.367s]
Building query seed array...  [0s]
Computing hash join...  [0.061s]
Masking low complexity seeds...  [0s]
Searching alignments...  [0.002s]
Deallocating memory...  [0s]
Processing query block 1, reference block 1/1, shape 9/16, index chunk 2/4.
Building reference seed array...  [0.532s]
Building query seed array...  [0s]
Computing hash join...  [0.061s]
Masking low complexity seeds...  [0s]
Searching alignments...  [0.001s]
Deallocating memory...  [0s]
Processing query block 1, reference block 1/1, shape 9/16, index chunk 3/4.
Building reference seed array...  [0.516s]
Building query seed array...  [0.001s]
Computing hash join...  [0.067s]
Masking low complexity seeds...  [0s]
Searching alignments...  [0.002s]
Deallocating memory...  [0s]
Processing query block 1, reference block 1/1, shape 9/16, index chunk 4/4.
Building reference seed array...  [0.397s]
Building query seed array...  [0.001s]
Computing hash join...  [0.051s]
Masking low complexity seeds...  [0s]
Searching alignments...  [0s]
Deallocating memory...  [0s]
Processing query block 1, reference block 1/1, shape 10/16, index chunk 1/4.
Building reference seed array...  [0.369s]
Building query seed array...  [0s]
Computing hash join...  [0.053s]
Masking low complexity seeds...  [0s]
Searching alignments...  [0.001s]
Deallocating memory...  [0s]
Processing query block 1, reference block 1/1, shape 10/16, index chunk 2/4.
Building reference seed array...  [0.678s]
Building query seed array...  [0.001s]
Computing hash join...  [0.067s]
Masking low complexity seeds...  [0s]
Searching alignments...  [0s]
Deallocating memory...  [0s]
Processing query block 1, reference block 1/1, shape 10/16, index chunk 3/4.
Building reference seed array...  [0.416s]
Building query seed array...  [0s]
Computing hash join...  [0.049s]
Masking low complexity seeds...  [0s]
Searching alignments...  [0.001s]
Deallocating memory...  [0s]
Processing query block 1, reference block 1/1, shape 10/16, index chunk 4/4.
Building reference seed array...  [0.375s]
Building query seed array...  [0s]
Computing hash join...  [0.056s]
Masking low complexity seeds...  [0s]
Searching alignments...  [0s]
Deallocating memory...  [0s]
Processing query block 1, reference block 1/1, shape 11/16, index chunk 1/4.
Building reference seed array...  [0.375s]
Building query seed array...  [0s]
Computing hash join...  [0.058s]
Masking low complexity seeds...  [0s]
Searching alignments...  [0.001s]
Deallocating memory...  [0s]
Processing query block 1, reference block 1/1, shape 11/16, index chunk 2/4.
Building reference seed array...  [0.664s]
Building query seed array...  [0.001s]
Computing hash join...  [0.067s]
Masking low complexity seeds...  [0s]
Searching alignments...  [0.001s]
Deallocating memory...  [0s]
Processing query block 1, reference block 1/1, shape 11/16, index chunk 3/4.
Building reference seed array...  [0.544s]
Building query seed array...  [0s]
Computing hash join...  [0.077s]
Masking low complexity seeds...  [0s]
Searching alignments...  [0.001s]
Deallocating memory...  [0s]
Processing query block 1, reference block 1/1, shape 11/16, index chunk 4/4.
Building reference seed array...  [0.414s]
Building query seed array...  [0.001s]
Computing hash join...  [0.068s]
Masking low complexity seeds...  [0s]
Searching alignments...  [0s]
Deallocating memory...  [0s]
Processing query block 1, reference block 1/1, shape 12/16, index chunk 1/4.
Building reference seed array...  [0.389s]
Building query seed array...  [0.001s]
Computing hash join...  [0.054s]
Masking low complexity seeds...  [0s]
Searching alignments...  [0s]
Deallocating memory...  [0s]
Processing query block 1, reference block 1/1, shape 12/16, index chunk 2/4.
Building reference seed array...  [0.673s]
Building query seed array...  [0.001s]
Computing hash join...  [0.063s]
Masking low complexity seeds...  [0s]
Searching alignments...  [0s]
Deallocating memory...  [0s]
Processing query block 1, reference block 1/1, shape 12/16, index chunk 3/4.
Building reference seed array...  [0.479s]
Building query seed array...  [0.001s]
Computing hash join...  [0.059s]
Masking low complexity seeds...  [0s]
Searching alignments...  [0s]
Deallocating memory...  [0s]
Processing query block 1, reference block 1/1, shape 12/16, index chunk 4/4.
Building reference seed array...  [0.388s]
Building query seed array...  [0.001s]
Computing hash join...  [0.055s]
Masking low complexity seeds...  [0s]
Searching alignments...  [0s]
Deallocating memory...  [0s]
Processing query block 1, reference block 1/1, shape 13/16, index chunk 1/4.
Building reference seed array...  [0.39s]
Building query seed array...  [0s]
Computing hash join...  [0.071s]
Masking low complexity seeds...  [0s]
Searching alignments...  [0.001s]
Deallocating memory...  [0s]
Processing query block 1, reference block 1/1, shape 13/16, index chunk 2/4.
Building reference seed array...  [0.601s]
Building query seed array...  [0.001s]
Computing hash join...  [0.064s]
Masking low complexity seeds...  [0s]
Searching alignments...  [0.001s]
Deallocating memory...  [0s]
Processing query block 1, reference block 1/1, shape 13/16, index chunk 3/4.
Building reference seed array...  [0.433s]
Building query seed array...  [0s]
Computing hash join...  [0.055s]
Masking low complexity seeds...  [0s]
Searching alignments...  [0.001s]
Deallocating memory...  [0s]
Processing query block 1, reference block 1/1, shape 13/16, index chunk 4/4.
Building reference seed array...  [0.386s]
Building query seed array...  [0s]
Computing hash join...  [0.067s]
Masking low complexity seeds...  [0s]
Searching alignments...  [0.001s]
Deallocating memory...  [0s]
Processing query block 1, reference block 1/1, shape 14/16, index chunk 1/4.
Building reference seed array...  [0.404s]
Building query seed array...  [0s]
Computing hash join...  [0.059s]
Masking low complexity seeds...  [0s]
Searching alignments...  [0s]
Deallocating memory...  [0s]
Processing query block 1, reference block 1/1, shape 14/16, index chunk 2/4.
Building reference seed array...  [0.458s]
Building query seed array...  [0s]
Computing hash join...  [0.055s]
Masking low complexity seeds...  [0s]
Searching alignments...  [0.001s]
Deallocating memory...  [0s]
Processing query block 1, reference block 1/1, shape 14/16, index chunk 3/4.
Building reference seed array...  [0.474s]
Building query seed array...  [0.001s]
Computing hash join...  [0.056s]
Masking low complexity seeds...  [0s]
Searching alignments...  [0s]
Deallocating memory...  [0s]
Processing query block 1, reference block 1/1, shape 14/16, index chunk 4/4.
Building reference seed array...  [0.38s]
Building query seed array...  [0s]
Computing hash join...  [0.063s]
Masking low complexity seeds...  [0s]
Searching alignments...  [0s]
Deallocating memory...  [0s]
Processing query block 1, reference block 1/1, shape 15/16, index chunk 1/4.
Building reference seed array...  [0.402s]
Building query seed array...  [0.001s]
Computing hash join...  [0.058s]
Masking low complexity seeds...  [0s]
Searching alignments...  [0s]
Deallocating memory...  [0s]
Processing query block 1, reference block 1/1, shape 15/16, index chunk 2/4.
Building reference seed array...  [0.444s]
Building query seed array...  [0s]
Computing hash join...  [0.048s]
Masking low complexity seeds...  [0s]
Searching alignments...  [0.001s]
Deallocating memory...  [0s]
Processing query block 1, reference block 1/1, shape 15/16, index chunk 3/4.
Building reference seed array...  [0.432s]
Building query seed array...  [0s]
Computing hash join...  [0.046s]
Masking low complexity seeds...  [0s]
Searching alignments...  [0s]
Deallocating memory...  [0s]
Processing query block 1, reference block 1/1, shape 15/16, index chunk 4/4.
Building reference seed array...  [0.358s]
Building query seed array...  [0s]
Computing hash join...  [0.041s]
Masking low complexity seeds...  [0s]
Searching alignments...  [0s]
Deallocating memory...  [0s]
Processing query block 1, reference block 1/1, shape 16/16, index chunk 1/4.
Building reference seed array...  [0.382s]
Building query seed array...  [0.001s]
Computing hash join...  [0.058s]
Masking low complexity seeds...  [0s]
Searching alignments...  [0.001s]
Deallocating memory...  [0s]
Processing query block 1, reference block 1/1, shape 16/16, index chunk 2/4.
Building reference seed array...  [0.464s]
Building query seed array...  [0s]
Computing hash join...  [0.06s]
Masking low complexity seeds...  [0s]
Searching alignments...  [0s]
Deallocating memory...  [0s]
Processing query block 1, reference block 1/1, shape 16/16, index chunk 3/4.
Building reference seed array...  [0.642s]
Building query seed array...  [0.001s]
Computing hash join...  [0.066s]
Masking low complexity seeds...  [0s]
Searching alignments...  [0s]
Deallocating memory...  [0s]
Processing query block 1, reference block 1/1, shape 16/16, index chunk 4/4.
Building reference seed array...  [0.441s]
Building query seed array...  [0.001s]
Computing hash join...  [0.058s]
Masking low complexity seeds...  [0s]
Searching alignments...  [0s]
Deallocating memory...  [0s]
Deallocating buffers...  [0.07s]
Clearing query masking...  [0.013s]
Computing alignments...  [1.024s]
Deallocating reference...  [0.057s]
Loading reference sequences...  [0.08s]
Deallocating buffers...  [0s]
Deallocating queries...  [0s]
Loading query sequences...  [0.042s]
Closing the input file...  [0s]
Closing the output file...  [0.001s]
Closing the database...  [0.025s]
Cleaning up...  [0s]
Total time = 43.053s
Reported 248 pairwise alignments, 248 HSPs.
26 queries aligned.
